Component: ARM Compiler 5.06 update 7 (build 960) Tool: armlink [4d3601]

==============================================================================

Section Cross References

    startup_stm32f103xb.o(RESET) refers to startup_stm32f103xb.o(STACK) for __initial_sp
    startup_stm32f103xb.o(RESET) refers to startup_stm32f103xb.o(.text) for Reset_Handler
    startup_stm32f103xb.o(RESET) refers to stm32f1xx_it.o(i.NMI_Handler) for NMI_Handler
    startup_stm32f103xb.o(RESET) refers to stm32f1xx_it.o(i.HardFault_Handler) for HardFault_Handler
    startup_stm32f103xb.o(RESET) refers to stm32f1xx_it.o(i.MemManage_Handler) for MemManage_Handler
    startup_stm32f103xb.o(RESET) refers to stm32f1xx_it.o(i.BusFault_Handler) for BusFault_Handler
    startup_stm32f103xb.o(RESET) refers to stm32f1xx_it.o(i.UsageFault_Handler) for UsageFault_Handler
    startup_stm32f103xb.o(RESET) refers to port.o(.emb_text) for SVC_Handler
    startup_stm32f103xb.o(RESET) refers to stm32f1xx_it.o(i.DebugMon_Handler) for DebugMon_Handler
    startup_stm32f103xb.o(RESET) refers to port.o(i.SysTick_Handler) for SysTick_Handler
    startup_stm32f103xb.o(RESET) refers to stm32f1xx_it.o(i.EXTI9_5_IRQHandler) for EXTI9_5_IRQHandler
    startup_stm32f103xb.o(RESET) refers to stm32f1xx_it.o(i.TIM1_UP_IRQHandler) for TIM1_UP_IRQHandler
    startup_stm32f103xb.o(RESET) refers to stm32f1xx_it.o(i.EXTI15_10_IRQHandler) for EXTI15_10_IRQHandler
    startup_stm32f103xb.o(.text) refers to system_stm32f1xx.o(i.SystemInit) for SystemInit
    startup_stm32f103xb.o(.text) refers to entry.o(.ARM.Collect$$$$00000000) for __main
    main.o(i.HAL_TIM_PeriodElapsedCallback) refers to stm32f1xx_hal.o(i.HAL_IncTick) for HAL_IncTick
    main.o(i.SystemClock_Config) refers to memseta.o(.text) for __aeabi_memclr4
    main.o(i.SystemClock_Config) refers to stm32f1xx_hal_rcc.o(i.HAL_RCC_OscConfig) for HAL_RCC_OscConfig
    main.o(i.SystemClock_Config) refers to main.o(i.Error_Handler) for Error_Handler
    main.o(i.SystemClock_Config) refers to stm32f1xx_hal_rcc.o(i.HAL_RCC_ClockConfig) for HAL_RCC_ClockConfig
    main.o(i.main) refers to stm32f1xx_hal.o(i.HAL_Init) for HAL_Init
    main.o(i.main) refers to main.o(i.SystemClock_Config) for SystemClock_Config
    main.o(i.main) refers to gpio.o(i.MX_GPIO_Init) for MX_GPIO_Init
    main.o(i.main) refers to usart.o(i.MX_USART1_UART_Init) for MX_USART1_UART_Init
    main.o(i.main) refers to printf1.o(i.__0printf$1) for __2printf
    main.o(i.main) refers to freertos.o(i.MX_FREERTOS_Init) for MX_FREERTOS_Init
    main.o(i.main) refers to cmsis_os.o(i.osKernelStart) for osKernelStart
    gpio.o(i.BEEP_Control) refers to stm32f1xx_hal_gpio.o(i.HAL_GPIO_WritePin) for HAL_GPIO_WritePin
    gpio.o(i.BEEP_Test) refers to gpio.o(i.BEEP_Control) for BEEP_Control
    gpio.o(i.BEEP_Test) refers to stm32f1xx_hal.o(i.HAL_Delay) for HAL_Delay
    gpio.o(i.KEY_Scan) refers to stm32f1xx_hal_gpio.o(i.HAL_GPIO_ReadPin) for HAL_GPIO_ReadPin
    gpio.o(i.KEY_Test) refers to gpio.o(i.KEY_Scan) for KEY_Scan
    gpio.o(i.KEY_Test) refers to gpio.o(i.LED_Control) for LED_Control
    gpio.o(i.KEY_Test) refers to gpio.o(i.BEEP_Control) for BEEP_Control
    gpio.o(i.LED_Control) refers to stm32f1xx_hal_gpio.o(i.HAL_GPIO_WritePin) for HAL_GPIO_WritePin
    gpio.o(i.LED_Test) refers to gpio.o(i.LED_Control) for LED_Control
    gpio.o(i.LED_Test) refers to stm32f1xx_hal.o(i.HAL_Delay) for HAL_Delay
    gpio.o(i.MX_GPIO_Init) refers to stm32f1xx_hal_gpio.o(i.HAL_GPIO_WritePin) for HAL_GPIO_WritePin
    gpio.o(i.MX_GPIO_Init) refers to stm32f1xx_hal_gpio.o(i.HAL_GPIO_Init) for HAL_GPIO_Init
    gpio.o(i.MX_GPIO_Init) refers to stm32f1xx_hal_cortex.o(i.HAL_NVIC_SetPriority) for HAL_NVIC_SetPriority
    gpio.o(i.MX_GPIO_Init) refers to stm32f1xx_hal_cortex.o(i.HAL_NVIC_EnableIRQ) for HAL_NVIC_EnableIRQ
    gpio.o(i.RELAY_Control) refers to stm32f1xx_hal_gpio.o(i.HAL_GPIO_WritePin) for HAL_GPIO_WritePin
    gpio.o(i.RELAY_Test) refers to gpio.o(i.RELAY_Control) for RELAY_Control
    gpio.o(i.RELAY_Test) refers to stm32f1xx_hal.o(i.HAL_Delay) for HAL_Delay
    freertos.o(i.GetTask) refers to cmsis_os.o(i.osSemaphoreWait) for osSemaphoreWait
    freertos.o(i.GetTask) refers to cmsis_os.o(i.osSemaphoreGetCount) for osSemaphoreGetCount
    freertos.o(i.GetTask) refers to printf1.o(i.__0printf$1) for __2printf
    freertos.o(i.GetTask) refers to cmsis_os.o(i.osDelay) for osDelay
    freertos.o(i.GetTask) refers to gpio.o(.data) for Key_Value
    freertos.o(i.GetTask) refers to freertos.o(.data) for CountingSem1Handle
    freertos.o(i.MX_FREERTOS_Init) refers to cmsis_os.o(i.osMutexCreate) for osMutexCreate
    freertos.o(i.MX_FREERTOS_Init) refers to cmsis_os.o(i.osSemaphoreCreate) for osSemaphoreCreate
    freertos.o(i.MX_FREERTOS_Init) refers to cmsis_os.o(i.osSemaphoreWait) for osSemaphoreWait
    freertos.o(i.MX_FREERTOS_Init) refers to cmsis_os.o(i.osMessageCreate) for osMessageCreate
[...]
    Removing stream_buffer.o(i.xStreamBufferSend), (312 bytes).
    Removing stream_buffer.o(i.xStreamBufferSendCompletedFromISR), (102 bytes).
    Removing stream_buffer.o(i.xStreamBufferSendFromISR), (184 bytes).
    Removing stream_buffer.o(i.xStreamBufferSetTriggerLevel), (50 bytes).
    Removing stream_buffer.o(i.xStreamBufferSpacesAvailable), (54 bytes).
    Removing tasks.o(i.pcTaskGetName), (48 bytes).
    Removing tasks.o(i.prvTaskIsTaskSuspended), (88 bytes).
    Removing tasks.o(i.ulTaskNotifyTake), (116 bytes).
    Removing tasks.o(i.ulTaskNotifyValueClear), (52 bytes).
    Removing tasks.o(i.uxTaskGetNumberOfTasks), (12 bytes).
    Removing tasks.o(i.uxTaskPriorityGet), (36 bytes).
    Removing tasks.o(i.uxTaskPriorityGetFromISR), (68 bytes).
    Removing tasks.o(i.uxTaskResetEventItemValue), (28 bytes).
    Removing tasks.o(i.vTaskDelete), (244 bytes).
    Removing tasks.o(i.vTaskEndScheduler), (36 bytes).
    Removing tasks.o(i.vTaskNotifyGiveFromISR), (240 bytes).
    Removing tasks.o(i.vTaskPlaceOnUnorderedEventList), (108 bytes).
    Removing tasks.o(i.vTaskPrioritySet), (276 bytes).
    Removing tasks.o(i.vTaskRemoveFromUnorderedEventList), (164 bytes).
    Removing tasks.o(i.vTaskResume), (144 bytes).
    Removing tasks.o(i.vTaskSetTimeOutState), (60 bytes).
    Removing tasks.o(i.vTaskSuspend), (244 bytes).
    Removing tasks.o(i.xTaskCatchUpTicks), (76 bytes).
    Removing tasks.o(i.xTaskGenericNotify), (296 bytes).
    Removing tasks.o(i.xTaskGenericNotifyFromISR), (360 bytes).
    Removing tasks.o(i.xTaskGetCurrentTaskHandle), (12 bytes).
    Removing tasks.o(i.xTaskGetTickCount), (12 bytes).
    Removing tasks.o(i.xTaskGetTickCountFromISR), (20 bytes).
    Removing tasks.o(i.xTaskNotifyStateClear), (52 bytes).
    Removing tasks.o(i.xTaskNotifyWait), (160 bytes).
    Removing tasks.o(i.xTaskResumeFromISR), (180 bytes).
    Removing cmsis_os.o(.rev16_text), (4 bytes).
    Removing cmsis_os.o(.revsh_text), (4 bytes).
    Removing cmsis_os.o(.rrx_text), (6 bytes).
    Removing cmsis_os.o(i.makeCmsisPriority), (18 bytes).
    Removing cmsis_os.o(i.osAbortDelay), (6 bytes).
    Removing cmsis_os.o(i.osDelayUntil), (6 bytes).
    Removing cmsis_os.o(i.osKernelRunning), (18 bytes).
    Removing cmsis_os.o(i.osKernelSysTick), (20 bytes).
    Removing cmsis_os.o(i.osMailAlloc), (24 bytes).
    Removing cmsis_os.o(i.osMailCAlloc), (44 bytes).
    Removing cmsis_os.o(i.osMailCreate), (122 bytes).
    Removing cmsis_os.o(i.osMailFree), (22 bytes).
    Removing cmsis_os.o(i.osMailGet), (152 bytes).
    Removing cmsis_os.o(i.osMailPut), (96 bytes).
    Removing cmsis_os.o(i.osMessageAvailableSpace), (12 bytes).
    Removing cmsis_os.o(i.osMessageDelete), (24 bytes).
    Removing cmsis_os.o(i.osMessageGet), (156 bytes).
    Removing cmsis_os.o(i.osMessagePeek), (86 bytes).
    Removing cmsis_os.o(i.osMessagePut), (96 bytes).
    Removing cmsis_os.o(i.osMessageWaiting), (26 bytes).
    Removing cmsis_os.o(i.osMutexDelete), (24 bytes).
    Removing cmsis_os.o(i.osMutexRelease), (80 bytes).
    Removing cmsis_os.o(i.osMutexWait), (104 bytes).
    Removing cmsis_os.o(i.osPoolAlloc), (124 bytes).
    Removing cmsis_os.o(i.osPoolCAlloc), (22 bytes).
    Removing cmsis_os.o(i.osPoolCreate), (112 bytes).
    Removing cmsis_os.o(i.osPoolFree), (74 bytes).
    Removing cmsis_os.o(i.osRecursiveMutexCreate), (6 bytes).
    Removing cmsis_os.o(i.osRecursiveMutexRelease), (6 bytes).
    Removing cmsis_os.o(i.osRecursiveMutexWait), (6 bytes).
    Removing cmsis_os.o(i.osSemaphoreDelete), (24 bytes).
    Removing cmsis_os.o(i.osSignalSet), (96 bytes).
    Removing cmsis_os.o(i.osSignalWait), (98 bytes).
    Removing cmsis_os.o(i.osSystickHandler), (16 bytes).
    Removing cmsis_os.o(i.osThreadGetId), (8 bytes).
    Removing cmsis_os.o(i.osThreadGetPriority), (38 bytes).
    Removing cmsis_os.o(i.osThreadList), (6 bytes).
    Removing cmsis_os.o(i.osThreadResume), (52 bytes).
    Removing cmsis_os.o(i.osThreadResumeAll), (18 bytes).
    Removing cmsis_os.o(i.osThreadSetPriority), (26 bytes).
    Removing cmsis_os.o(i.osThreadSuspend), (14 bytes).
    Removing cmsis_os.o(i.osThreadSuspendAll), (10 bytes).
    Removing cmsis_os.o(i.osThreadTerminate), (14 bytes).
    Removing cmsis_os.o(i.osThreadYield), (24 bytes).
    Removing cmsis_os.o(i.osTimerCreate), (6 bytes).
    Removing cmsis_os.o(i.osTimerDelete), (8 bytes).
    Removing cmsis_os.o(i.osTimerStart), (8 bytes).
    Removing cmsis_os.o(i.osTimerStop), (8 bytes).
    Removing heap_4.o(i.vPortGetHeapStats), (128 bytes).
    Removing heap_4.o(i.vPortInitialiseBlocks), (2 bytes).
    Removing heap_4.o(i.xPortGetFreeHeapSize), (12 bytes).
    Removing heap_4.o(i.xPortGetMinimumEverFreeHeapSize), (12 bytes).
    Removing port.o(i.vPortEndScheduler), (48 bytes).
    Removing dadd.o(.text), (334 bytes).
    Removing dmul.o(.text), (228 bytes).
    Removing ddiv.o(.text), (222 bytes).
    Removing dfixul.o(.text), (48 bytes).
    Removing cdrcmple.o(.text), (48 bytes).
    Removing depilogue.o(.text), (186 bytes).

539 unused section(s) (total 47490 bytes) removed from the image.

==============================================================================

Image Symbol Table

    Local Symbols

    Symbol Name                              Value     Ov Type        Size  Object(Section)

    ../Core/Src/freertos.c                   0x00000000   Number         0  freertos.o ABSOLUTE
    ../Core/Src/gpio.c                       0x00000000   Number         0  gpio.o ABSOLUTE
    ../Core/Src/main.c                       0x00000000   Number         0  main.o ABSOLUTE
    ../Core/Src/stm32f1xx_hal_msp.c          0x00000000   Number         0  stm32f1xx_hal_msp.o ABSOLUTE
    ../Core/Src/stm32f1xx_hal_timebase_tim.c 0x00000000   Number         0  stm32f1xx_hal_timebase_tim.o ABSOLUTE
    ../Core/Src/stm32f1xx_it.c               0x00000000   Number         0  stm32f1xx_it.o ABSOLUTE
    ../Core/Src/system_stm32f1xx.c           0x00000000   Number         0  system_stm32f1xx.o ABSOLUTE
    ../Core/Src/usart.c                      0x00000000   Number         0  usart.o ABSOLUTE
    ../Drivers/STM32F1xx_HAL_Driver/Src/stm32f1xx_hal.c 0x00000000   Number         0  stm32f1xx_hal.o ABSOLUTE
    ../Drivers/STM32F1xx_HAL_Driver/Src/stm32f1xx_hal_cortex.c 0x00000000   Number         0  stm32f1xx_hal_cortex.o ABSOLUTE
    ../Drivers/STM32F1xx_HAL_Driver/Src/stm32f1xx_hal_dma.c 0x00000000   Number         0  stm32f1xx_hal_dma.o ABSOLUTE
    ../Drivers/STM32F1xx_HAL_Driver/Src/stm32f1xx_hal_exti.c 0x00000000   Number         0  stm32f1xx_hal_exti.o ABSOLUTE
    ../Drivers/STM32F1xx_HAL_Driver/Src/stm32f1xx_hal_flash.c 0x00000000   Number         0  stm32f1xx_hal_flash.o ABSOLUTE
    ../Drivers/STM32F1xx_HAL_Driver/Src/stm32f1xx_hal_flash_ex.c 0x00000000   Number         0  stm32f1xx_hal_flash_ex.o ABSOLUTE
    ../Drivers/STM32F1xx_HAL_Driver/Src/stm32f1xx_hal_gpio.c 0x00000000   Number         0  stm32f1xx_hal_gpio.o ABSOLUTE
    ../Drivers/STM32F1xx_HAL_Driver/Src/stm32f1xx_hal_gpio_ex.c 0x00000000   Number         0  stm32f1xx_hal_gpio_ex.o ABSOLUTE
    ../Drivers/STM32F1xx_HAL_Driver/Src/stm32f1xx_hal_pwr.c 0x00000000   Number         0  stm32f1xx_hal_pwr.o ABSOLUTE
    ../Drivers/STM32F1xx_HAL_Driver/Src/stm32f1xx_hal_rcc.c 0x00000000   Number         0  stm32f1xx_hal_rcc.o ABSOLUTE
    ../Drivers/STM32F1xx_HAL_Driver/Src/stm32f1xx_hal_rcc_ex.c 0x00000000   Number         0  stm32f1xx_hal_rcc_ex.o ABSOLUTE
    ../Drivers/STM32F1xx_HAL_Driver/Src/stm32f1xx_hal_tim.c 0x00000000   Number         0  stm32f1xx_hal_tim.o ABSOLUTE
    ../Drivers/STM32F1xx_HAL_Driver/Src/stm32f1xx_hal_tim_ex.c 0x00000000   Number         0  stm32f1xx_hal_tim_ex.o ABSOLUTE
    ../Drivers/STM32F1xx_HAL_Driver/Src/stm32f1xx_hal_uart.c 0x00000000   Number         0  stm32f1xx_hal_uart.o ABSOLUTE
    ../Middlewares/Third_Party/FreeRTOS/Source/CMSIS_RTOS/cmsis_os.c 0x00000000   Number         0  cmsis_os.o ABSOLUTE
    ../Middlewares/Third_Party/FreeRTOS/Source/croutine.c 0x00000000   Number         0  croutine.o ABSOLUTE
    ../Middlewares/Third_Party/FreeRTOS/Source/event_groups.c 0x00000000   Number         0  event_groups.o ABSOLUTE
    ../Middlewares/Third_Party/FreeRTOS/Source/list.c 0x00000000   Number         0  list.o ABSOLUTE
    ../Middlewares/Third_Party/FreeRTOS/Source/portable/MemMang/heap_4.c 0x00000000   Number         0  heap_4.o ABSOLUTE
    ../Middlewares/Third_Party/FreeRTOS/Source/portable/RVDS/ARM_CM3/port.c 0x00000000   Number         0  port.o ABSOLUTE
    ../Middlewares/Third_Party/FreeRTOS/Source/queue.c 0x00000000   Number         0  queue.o ABSOLUTE
    ../Middlewares/Third_Party/FreeRTOS/Source/stream_buffer.c 0x00000000   Number         0  stream_buffer.o ABSOLUTE
    ../Middlewares/Third_Party/FreeRTOS/Source/tasks.c 0x00000000   Number         0  tasks.o ABSOLUTE
    ../Middlewares/Third_Party/FreeRTOS/Source/timers.c 0x00000000   Number         0  timers.o ABSOLUTE
    ../clib/microlib/division.c              0x00000000   Number         0  uldiv.o ABSOLUTE
    ../clib/microlib/division.c              0x00000000   Number         0  uidiv.o ABSOLUTE
    ../clib/microlib/init/entry.s            0x00000000   Number         0  entry10b.o ABSOLUTE
    ../clib/microlib/init/entry.s            0x00000000   Number         0  entry12b.o ABSOLUTE
    ../clib/microlib/init/entry.s            0x00000000   Number         0  entry8b.o ABSOLUTE
    ../clib/microlib/init/entry.s            0x00000000   Number         0  entry7a.o ABSOLUTE
    ../clib/microlib/init/entry.s            0x00000000   Number         0  entry9a.o ABSOLUTE
    ../clib/microlib/init/entry.s            0x00000000   Number         0  entry5.o ABSOLUTE
    ../clib/microlib/init/entry.s            0x00000000   Number         0  entry8a.o ABSOLUTE
    ../clib/microlib/init/entry.s            0x00000000   Number         0  entry11a.o ABSOLUTE
    ../clib/microlib/init/entry.s            0x00000000   Number         0  entry12a.o ABSOLUTE
    ../clib/microlib/init/entry.s            0x00000000   Number         0  entry.o ABSOLUTE
    ../clib/microlib/init/entry.s            0x00000000   Number         0  entry10a.o ABSOLUTE
    ../clib/microlib/init/entry.s            0x00000000   Number         0  entry9b.o ABSOLUTE
    ../clib/microlib/init/entry.s            0x00000000   Number         0  entry2.o ABSOLUTE
    ../clib/microlib/init/entry.s            0x00000000   Number         0  entry11b.o ABSOLUTE
    ../clib/microlib/init/entry.s            0x00000000   Number         0  entry7b.o ABSOLUTE
    ../clib/microlib/longlong.c              0x00000000   Number         0  llushr.o ABSOLUTE
    ../clib/microlib/longlong.c              0x00000000   Number         0  llshl.o ABSOLUTE
    ../clib/microlib/longlong.c              0x00000000   Number         0  llsshr.o ABSOLUTE
    ../clib/microlib/printf/printf.c         0x00000000   Number         0  printf8.o ABSOLUTE
    ../clib/microlib/printf/printf.c         0x00000000   Number         0  printf0.o ABSOLUTE
    ../clib/microlib/printf/printf.c         0x00000000   Number         0  printf1.o ABSOLUTE
    ../clib/microlib/printf/printf.c         0x00000000   Number         0  printf2.o ABSOLUTE
    ../clib/microlib/printf/printf.c         0x00000000   Number         0  printf3.o ABSOLUTE
    ../clib/microlib/printf/printf.c         0x00000000   Number         0  printf6.o ABSOLUTE
    ../clib/microlib/printf/printf.c         0x00000000   Number         0  printf4.o ABSOLUTE
    ../clib/microlib/printf/printf.c         0x00000000   Number         0  printf5.o ABSOLUTE
    ../clib/microlib/printf/printf.c         0x00000000   Number         0  printf7.o ABSOLUTE
    ../clib/microlib/printf/printf.c         0x00000000   Number         0  printfb.o ABSOLUTE
    ../clib/microlib/printf/printf.c         0x00000000   Number         0  printfa.o ABSOLUTE
    ../clib/microlib/printf/stubs.s          0x00000000   Number         0  stubs.o ABSOLUTE
    ../clib/microlib/stdio/streams.c         0x00000000   Number         0  stdout.o ABSOLUTE
    ../clib/microlib/string/memcpy.c         0x00000000   Number         0  memcpyb.o ABSOLUTE
    ../clib/microlib/string/memcpy.c         0x00000000   Number         0  memcpya.o ABSOLUTE
    ../clib/microlib/string/memset.c         0x00000000   Number         0  memset.o ABSOLUTE
    ../clib/microlib/string/memset.c         0x00000000   Number         0  memseta.o ABSOLUTE
    ../clib/microlib/stubs.s                 0x00000000   Number         0  iusefp.o ABSOLUTE
    ../fplib/microlib/fpadd.c                0x00000000   Number         0  dadd.o ABSOLUTE
    ../fplib/microlib/fpdiv.c                0x00000000   Number         0  ddiv.o ABSOLUTE
    ../fplib/microlib/fpepilogue.c           0x00000000   Number         0  depilogue.o ABSOLUTE
    ../fplib/microlib/fpfix.c                0x00000000   Number         0  dfixul.o ABSOLUTE
    ../fplib/microlib/fpmul.c                0x00000000   Number         0  dmul.o ABSOLUTE
    ..\Core\Src\freertos.c                   0x00000000   Number         0  freertos.o ABSOLUTE
    ..\Core\Src\gpio.c                       0x00000000   Number         0  gpio.o ABSOLUTE
    ..\Core\Src\main.c                       0x00000000   Number         0  main.o ABSOLUTE
    ..\Core\Src\stm32f1xx_hal_msp.c          0x00000000   Number         0  stm32f1xx_hal_msp.o ABSOLUTE
    ..\Core\Src\stm32f1xx_hal_timebase_tim.c 0x00000000   Number         0  stm32f1xx_hal_timebase_tim.o ABSOLUTE
    ..\Core\Src\stm32f1xx_it.c               0x00000000   Number         0  stm32f1xx_it.o ABSOLUTE
    ..\Core\Src\system_stm32f1xx.c           0x00000000   Number         0  system_stm32f1xx.o ABSOLUTE
    ..\Core\Src\usart.c                      0x00000000   Number         0  usart.o ABSOLUTE
    ..\Drivers\STM32F1xx_HAL_Driver\Src\stm32f1xx_hal.c 0x00000000   Number         0  stm32f1xx_hal.o ABSOLUTE
    ..\Drivers\STM32F1xx_HAL_Driver\Src\stm32f1xx_hal_cortex.c 0x00000000   Number         0  stm32f1xx_hal_cortex.o ABSOLUTE
    ..\Drivers\STM32F1xx_HAL_Driver\Src\stm32f1xx_hal_dma.c 0x00000000   Number         0  stm32f1xx_hal_dma.o ABSOLUTE
    ..\Drivers\STM32F1xx_HAL_Driver\Src\stm32f1xx_hal_exti.c 0x00000000   Number         0  stm32f1xx_hal_exti.o ABSOLUTE
    ..\Drivers\STM32F1xx_HAL_Driver\Src\stm32f1xx_hal_flash.c 0x00000000   Number         0  stm32f1xx_hal_flash.o ABSOLUTE
    ..\Drivers\STM32F1xx_HAL_Driver\Src\stm32f1xx_hal_flash_ex.c 0x00000000   Number         0  stm32f1xx_hal_flash_ex.o ABSOLUTE
    ..\Drivers\STM32F1xx_HAL_Driver\Src\stm32f1xx_hal_gpio.c 0x00000000   Number         0  stm32f1xx_hal_gpio.o ABSOLUTE
    ..\Drivers\STM32F1xx_HAL_Driver\Src\stm32f1xx_hal_gpio_ex.c 0x00000000   Number         0  stm32f1xx_hal_gpio_ex.o ABSOLUTE
    ..\Drivers\STM32F1xx_HAL_Driver\Src\stm32f1xx_hal_pwr.c 0x00000000   Number         0  stm32f1xx_hal_pwr.o ABSOLUTE
    ..\Drivers\STM32F1xx_HAL_Driver\Src\stm32f1xx_hal_rcc.c 0x00000000   Number         0  stm32f1xx_hal_rcc.o ABSOLUTE
    ..\Drivers\STM32F1xx_HAL_Driver\Src\stm32f1xx_hal_rcc_ex.c 0x00000000   Number         0  stm32f1xx_hal_rcc_ex.o ABSOLUTE
    ..\Drivers\STM32F1xx_HAL_Driver\Src\stm32f1xx_hal_tim.c 0x00000000   Number         0  stm32f1xx_hal_tim.o ABSOLUTE
    ..\Drivers\STM32F1xx_HAL_Driver\Src\stm32f1xx_hal_tim_ex.c 0x00000000   Number         0  stm32f1xx_hal_tim_ex.o ABSOLUTE
    ..\Drivers\STM32F1xx_HAL_Driver\Src\stm32f1xx_hal_uart.c 0x00000000   Number         0  stm32f1xx_hal_uart.o ABSOLUTE
    ..\Middlewares\Third_Party\FreeRTOS\Source\CMSIS_RTOS\cmsis_os.c 0x00000000   Number         0  cmsis_os.o ABSOLUTE
    ..\Middlewares\Third_Party\FreeRTOS\Source\portable\RVDS\ARM_CM3\port.c 0x00000000   Number         0  port.o ABSOLUTE
    cdrcmple.s                               0x00000000   Number         0  cdrcmple.o ABSOLUTE
    dc.s                                     0x00000000   Number         0  dc.o ABSOLUTE
    handlers.s                               0x00000000   Number         0  handlers.o ABSOLUTE
    init.s                                   0x00000000   Number         0  init.o ABSOLUTE
    startup_stm32f103xb.s                    0x00000000   Number         0  startup_stm32f103xb.o ABSOLUTE
    RESET                                    0x08000000   Section      236  startup_stm32f103xb.o(RESET)
    .ARM.Collect$$$$00000000                 0x080000ec   Section        0  entry.o(.ARM.Collect$$$$00000000)
    .ARM.Collect$$$$00000001                 0x080000ec   Section        4  entry2.o(.ARM.Collect$$$$00000001)
    .ARM.Collect$$$$00000004                 0x080000f0   Section        4  entry5.o(.ARM.Collect$$$$00000004)
    .ARM.Collect$$$$00000008                 0x080000f4   Section        0  entry7b.o(.ARM.Collect$$$$00000008)
    .ARM.Collect$$$$0000000A                 0x080000f4   Section        0  entry8b.o(.ARM.Collect$$$$0000000A)
    .ARM.Collect$$$$0000000B                 0x080000f4   Section        8  entry9a.o(.ARM.Collect$$$$0000000B)
    .ARM.Collect$$$$0000000E                 0x080000fc   Section        4  entry12b.o(.ARM.Collect$$$$0000000E)
    .ARM.Collect$$$$0000000F                 0x08000100   Section        0  entry10a.o(.ARM.Collect$$$$0000000F)
    .ARM.Collect$$$$00000011                 0x08000100   Section        0  entry11a.o(.ARM.Collect$$$$00000011)
    .ARM.Collect$$$$00002712                 0x08000100   Section        4  entry2.o(.ARM.Collect$$$$00002712)
    __lit__00000000                          0x08000100   Data           4  entry2.o(.ARM.Collect$$$$00002712)
    .emb_text                                0x08000104   Section      150  port.o(.emb_text)
    .text                                    0x0800019c   Section       36  startup_stm32f103xb.o(.text)
    .text                                    0x080001c0   Section        0  memcpya.o(.text)
    .text                                    0x080001e4   Section        0  memseta.o(.text)
    .text                                    0x08000208   Section        0  uidiv.o(.text)
    .text                                    0x08000234   Section       36  init.o(.text)
    i.BEEP_Control                           0x08000258   Section        0  gpio.o(i.BEEP_Control)
    i.BusFault_Handler                       0x08000280   Section        0  stm32f1xx_it.o(i.BusFault_Handler)
    i.DebugMon_Handler                       0x08000284   Section        0  stm32f1xx_it.o(i.DebugMon_Handler)
    i.EXTI15_10_IRQHandler                   0x08000286   Section        0  stm32f1xx_it.o(i.EXTI15_10_IRQHandler)
    i.EXTI9_5_IRQHandler                     0x080002aa   Section        0  stm32f1xx_it.o(i.EXTI9_5_IRQHandler)
    i.Error_Handler                          0x080002bc   Section        0  main.o(i.Error_Handler)
    i.GetTask                                0x080002c4   Section        0  freertos.o(i.GetTask)
    i.HAL_GPIO_EXTI_Callback                 0x0800032c   Section        0  stm32f1xx_it.o(i.HAL_GPIO_EXTI_Callback)
    i.HAL_GPIO_EXTI_IRQHandler               0x08000470   Section        0  stm32f1xx_hal_gpio.o(i.HAL_GPIO_EXTI_IRQHandler)
    i.HAL_GPIO_Init                          0x0800048c   Section        0  stm32f1xx_hal_gpio.o(i.HAL_GPIO_Init)
    i.HAL_GPIO_WritePin                      0x080007ac   Section        0  stm32f1xx_hal_gpio.o(i.HAL_GPIO_WritePin)
    i.HAL_GetTick                            0x080007b8   Section        0  stm32f1xx_hal.o(i.HAL_GetTick)
    i.HAL_IncTick                            0x080007c4   Section        0  stm32f1xx_hal.o(i.HAL_IncTick)
    i.HAL_Init                               0x080007dc   Section        0  stm32f1xx_hal.o(i.HAL_Init)
    i.HAL_InitTick                           0x08000804   Section        0  stm32f1xx_hal_timebase_tim.o(i.HAL_InitTick)
    i.HAL_MspInit                            0x080008a4   Section        0  stm32f1xx_hal_msp.o(i.HAL_MspInit)
    i.HAL_NVIC_EnableIRQ                     0x08000904   Section        0  stm32f1xx_hal_cortex.o(i.HAL_NVIC_EnableIRQ)
    i.HAL_NVIC_SetPriority                   0x08000924   Section        0  stm32f1xx_hal_cortex.o(i.HAL_NVIC_SetPriority)
    i.HAL_NVIC_SetPriorityGrouping           0x080009a0   Section        0  stm32f1xx_hal_cortex.o(i.HAL_NVIC_SetPriorityGrouping)
    i.HAL_RCC_ClockConfig                    0x080009c8   Section        0  stm32f1xx_hal_rcc.o(i.HAL_RCC_ClockConfig)
    i.HAL_RCC_GetClockConfig                 0x08000b54   Section        0  stm32f1xx_hal_rcc.o(i.HAL_RCC_GetClockConfig)
    i.HAL_RCC_GetHCLKFreq                    0x08000b98   Section        0  stm32f1xx_hal_rcc.o(i.HAL_RCC_GetHCLKFreq)
    i.HAL_RCC_GetPCLK1Freq                   0x08000ba4   Section        0  stm32f1xx_hal_rcc.o(i.HAL_RCC_GetPCLK1Freq)
    i.HAL_RCC_GetPCLK2Freq                   0x08000bc4   Section        0  stm32f1xx_hal_rcc.o(i.HAL_RCC_GetPCLK2Freq)
    i.HAL_RCC_GetSysClockFreq                0x08000be4   Section        0  stm32f1xx_hal_rcc.o(i.HAL_RCC_GetSysClockFreq)
    i.HAL_RCC_OscConfig                      0x08000c54   Section        0  stm32f1xx_hal_rcc.o(i.HAL_RCC_OscConfig)
    i.HAL_TIMEx_BreakCallback                0x080010b8   Section        0  stm32f1xx_hal_tim_ex.o(i.HAL_TIMEx_BreakCallback)
    i.HAL_TIMEx_CommutCallback               0x080010ba   Section        0  stm32f1xx_hal_tim_ex.o(i.HAL_TIMEx_CommutCallback)
    i.HAL_TIM_Base_Init                      0x080010bc   Section        0  stm32f1xx_hal_tim.o(i.HAL_TIM_Base_Init)
    i.HAL_TIM_Base_MspInit                   0x08001122   Section        0  stm32f1xx_hal_tim.o(i.HAL_TIM_Base_MspInit)
    i.HAL_TIM_Base_Start_IT                  0x08001124   Section        0  stm32f1xx_hal_tim.o(i.HAL_TIM_Base_Start_IT)
    i.HAL_TIM_IC_CaptureCallback             0x0800119c   Section        0  stm32f1xx_hal_tim.o(i.HAL_TIM_IC_CaptureCallback)
    i.HAL_TIM_IRQHandler                     0x0800119e   Section        0  stm32f1xx_hal_tim.o(i.HAL_TIM_IRQHandler)
    i.HAL_TIM_OC_DelayElapsedCallback        0x0800130a   Section        0  stm32f1xx_hal_tim.o(i.HAL_TIM_OC_DelayElapsedCallback)
    i.HAL_TIM_PWM_PulseFinishedCallback      0x0800130c   Section        0  stm32f1xx_hal_tim.o(i.HAL_TIM_PWM_PulseFinishedCallback)
    i.HAL_TIM_PeriodElapsedCallback          0x08001310   Section        0  main.o(i.HAL_TIM_PeriodElapsedCallback)
    i.HAL_TIM_TriggerCallback                0x08001328   Section        0  stm32f1xx_hal_tim.o(i.HAL_TIM_TriggerCallback)
    i.HAL_UART_Init                          0x0800132a   Section        0  stm32f1xx_hal_uart.o(i.HAL_UART_Init)
    i.HAL_UART_MspInit                       0x080013a0   Section        0  usart.o(i.HAL_UART_MspInit)
    i.HAL_UART_Transmit                      0x08001428   Section        0  stm32f1xx_hal_uart.o(i.HAL_UART_Transmit)
    i.HardFault_Handler                      0x080014e6   Section        0  stm32f1xx_it.o(i.HardFault_Handler)
    i.LED_Control                            0x080014ec   Section        0  gpio.o(i.LED_Control)
    i.MX_FREERTOS_Init                       0x0800153c   Section        0  freertos.o(i.MX_FREERTOS_Init)
    i.MX_GPIO_Init                           0x0800165c   Section        0  gpio.o(i.MX_GPIO_Init)
    i.MX_USART1_UART_Init                    0x08001790   Section        0  usart.o(i.MX_USART1_UART_Init)
    i.MemManage_Handler                      0x080017c8   Section        0  stm32f1xx_it.o(i.MemManage_Handler)
    i.NMI_Handler                            0x080017cc   Section        0  stm32f1xx_it.o(i.NMI_Handler)
    i.PutTask                                0x080017d0   Section        0  freertos.o(i.PutTask)
    i.RCC_Delay                              0x0800184c   Section        0  stm32f1xx_hal_rcc.o(i.RCC_Delay)
    RCC_Delay                                0x0800184d   Thumb Code    36  stm32f1xx_hal_rcc.o(i.RCC_Delay)
    i.StartDefalutTask                       0x08001874   Section        0  freertos.o(i.StartDefalutTask)
    i.SysTick_Handler                        0x08001880   Section        0  port.o(i.SysTick_Handler)
    i.SystemClock_Config                     0x080018b4   Section        0  main.o(i.SystemClock_Config)
    i.SystemInit                             0x0800191a   Section        0  system_stm32f1xx.o(i.SystemInit)
    i.TIM1_UP_IRQHandler                     0x0800191c   Section        0  stm32f1xx_it.o(i.TIM1_UP_IRQHandler)
    i.TIM_Base_SetConfig                     0x0800192c   Section        0  stm32f1xx_hal_tim.o(i.TIM_Base_SetConfig)
    i.UART_EndRxTransfer                     0x080019b0   Section        0  stm32f1xx_hal_uart.o(i.UART_EndRxTransfer)
    UART_EndRxTransfer                       0x080019b1   Thumb Code   108  stm32f1xx_hal_uart.o(i.UART_EndRxTransfer)
    i.UART_SetConfig                         0x08001a1c   Section        0  stm32f1xx_hal_uart.o(i.UART_SetConfig)
    UART_SetConfig                           0x08001a1d   Thumb Code   248  stm32f1xx_hal_uart.o(i.UART_SetConfig)
    i.UART_WaitOnFlagUntilTimeout            0x08001b18   Section        0  stm32f1xx_hal_uart.o(i.UART_WaitOnFlagUntilTimeout)
    UART_WaitOnFlagUntilTimeout              0x08001b19   Thumb Code   140  stm32f1xx_hal_uart.o(i.UART_WaitOnFlagUntilTimeout)
    i.UsageFault_Handler                     0x08001ba4   Section        0  stm32f1xx_it.o(i.UsageFault_Handler)
    i.__0printf$1                            0x08001ba8   Section        0  printf1.o(i.__0printf$1)
    i.__NVIC_GetPriorityGrouping             0x08001bc8   Section        0  stm32f1xx_hal_cortex.o(i.__NVIC_GetPriorityGrouping)
    __NVIC_GetPriorityGrouping               0x08001bc9   Thumb Code    10  stm32f1xx_hal_cortex.o(i.__NVIC_GetPriorityGrouping)
    i.__NVIC_SetPriority                     0x08001bd8   Section        0  stm32f1xx_hal_cortex.o(i.__NVIC_SetPriority)
    __NVIC_SetPriority                       0x08001bd9   Thumb Code    32  stm32f1xx_hal_cortex.o(i.__NVIC_SetPriority)
    i.__scatterload_copy                     0x08001c00   Section       14  handlers.o(i.__scatterload_copy)
    i.__scatterload_null                     0x08001c0e   Section        2  handlers.o(i.__scatterload_null)
    i.__scatterload_zeroinit                 0x08001c10   Section       14  handlers.o(i.__scatterload_zeroinit)
    i._printf_core                           0x08001c20   Section        0  printf1.o(i._printf_core)
    _printf_core                             0x08001c21   Thumb Code   336  printf1.o(i._printf_core)
    i.fputc                                  0x08001d74   Section        0  usart.o(i.fputc)
    i.inHandlerMode                          0x08001d90   Section        0  cmsis_os.o(i.inHandlerMode)
    inHandlerMode                            0x08001d91   Thumb Code    16  cmsis_os.o(i.inHandlerMode)
    i.main                                   0x08001da0   Section        0  main.o(i.main)
    i.makeFreeRtosPriority                   0x08001dd8   Section        0  cmsis_os.o(i.makeFreeRtosPriority)
    makeFreeRtosPriority                     0x08001dd9   Thumb Code    14  cmsis_os.o(i.makeFreeRtosPriority)
    i.osDelay                                0x08001de6   Section        0  cmsis_os.o(i.osDelay)
    i.osKernelStart                          0x08001dfe   Section        0  cmsis_os.o(i.osKernelStart)
    i.osMessageCreate                        0x08001e08   Section        0  cmsis_os.o(i.osMessageCreate)
    i.osMutexCreate                          0x08001e30   Section        0  cmsis_os.o(i.osMutexCreate)
    i.osSemaphoreCreate                      0x08001e4a   Section        0  cmsis_os.o(i.osSemaphoreCreate)
    i.osSemaphoreGetCount                    0x08001ea2   Section        0  cmsis_os.o(i.osSemaphoreGetCount)
    i.osSemaphoreRelease                     0x08001eb0   Section        0  cmsis_os.o(i.osSemaphoreRelease)
    i.osSemaphoreWait                        0x08001f00   Section        0  cmsis_os.o(i.osSemaphoreWait)
    i.osThreadCreate                         0x08001f68   Section        0  cmsis_os.o(i.osThreadCreate)
    i.prvAddCurrentTaskToDelayedList         0x08001fc8   Section        0  tasks.o(i.prvAddCurrentTaskToDelayedList)
    prvAddCurrentTaskToDelayedList           0x08001fc9   Thumb Code   124  tasks.o(i.prvAddCurrentTaskToDelayedList)
    i.prvAddNewTaskToReadyList               0x08002060   Section        0  tasks.o(i.prvAddNewTaskToReadyList)
    prvAddNewTaskToReadyList                 0x08002061   Thumb Code   150  tasks.o(i.prvAddNewTaskToReadyList)
    i.prvCheckTasksWaitingTermination        0x08002114   Section        0  tasks.o(i.prvCheckTasksWaitingTermination)
    prvCheckTasksWaitingTermination          0x08002115   Thumb Code    60  tasks.o(i.prvCheckTasksWaitingTermination)
    i.prvCopyDataFromQueue                   0x0800215c   Section        0  queue.o(i.prvCopyDataFromQueue)
    prvCopyDataFromQueue                     0x0800215d   Thumb Code    42  queue.o(i.prvCopyDataFromQueue)
    i.prvCopyDataToQueue                     0x08002186   Section        0  queue.o(i.prvCopyDataToQueue)
    prvCopyDataToQueue                       0x08002187   Thumb Code   126  queue.o(i.prvCopyDataToQueue)
    i.prvDeleteTCB                           0x08002204   Section        0  tasks.o(i.prvDeleteTCB)
    prvDeleteTCB                             0x08002205   Thumb Code    80  tasks.o(i.prvDeleteTCB)
    i.prvGetDisinheritPriorityAfterTimeout   0x08002254   Section        0  queue.o(i.prvGetDisinheritPriorityAfterTimeout)
    prvGetDisinheritPriorityAfterTimeout     0x08002255   Thumb Code    20  queue.o(i.prvGetDisinheritPriorityAfterTimeout)
    i.prvHeapInit                            0x08002268   Section        0  heap_4.o(i.prvHeapInit)
    prvHeapInit                              0x08002269   Thumb Code    98  heap_4.o(i.prvHeapInit)
    i.prvIdleTask                            0x080022e4   Section        0  tasks.o(i.prvIdleTask)
    prvIdleTask                              0x080022e5   Thumb Code    32  tasks.o(i.prvIdleTask)
    i.prvInitialiseMutex                     0x0800230c   Section        0  queue.o(i.prvInitialiseMutex)
    prvInitialiseMutex                       0x0800230d   Thumb Code    30  queue.o(i.prvInitialiseMutex)
    i.prvInitialiseNewQueue                  0x0800232a   Section        0  queue.o(i.prvInitialiseNewQueue)
    prvInitialiseNewQueue                    0x0800232b   Thumb Code    38  queue.o(i.prvInitialiseNewQueue)
    i.prvInitialiseNewTask                   0x08002350   Section        0  tasks.o(i.prvInitialiseNewTask)
    prvInitialiseNewTask                     0x08002351   Thumb Code   180  tasks.o(i.prvInitialiseNewTask)
    i.prvInitialiseTaskLists                 0x08002404   Section        0  tasks.o(i.prvInitialiseTaskLists)
    prvInitialiseTaskLists                   0x08002405   Thumb Code    70  tasks.o(i.prvInitialiseTaskLists)
    i.prvInsertBlockIntoFreeList             0x0800246c   Section        0  heap_4.o(i.prvInsertBlockIntoFreeList)
    prvInsertBlockIntoFreeList               0x0800246d   Thumb Code    96  heap_4.o(i.prvInsertBlockIntoFreeList)
    i.prvIsQueueEmpty                        0x080024d4   Section        0  queue.o(i.prvIsQueueEmpty)
    prvIsQueueEmpty                          0x080024d5   Thumb Code    26  queue.o(i.prvIsQueueEmpty)
    i.prvIsQueueFull                         0x080024ee   Section        0  queue.o(i.prvIsQueueFull)
    prvIsQueueFull                           0x080024ef   Thumb Code    30  queue.o(i.prvIsQueueFull)
    i.prvResetNextTaskUnblockTime            0x0800250c   Section        0  tasks.o(i.prvResetNextTaskUnblockTime)
    prvResetNextTaskUnblockTime              0x0800250d   Thumb Code    42  tasks.o(i.prvResetNextTaskUnblockTime)
    i.prvTaskExitError                       0x08002540   Section        0  port.o(i.prvTaskExitError)
    prvTaskExitError                         0x08002541   Thumb Code    60  port.o(i.prvTaskExitError)
    i.prvUnlockQueue                         0x08002580   Section        0  queue.o(i.prvUnlockQueue)
    prvUnlockQueue                           0x08002581   Thumb Code   126  queue.o(i.prvUnlockQueue)
    i.pvPortMalloc                           0x08002600   Section        0  heap_4.o(i.pvPortMalloc)
    i.pvTaskIncrementMutexHeldCount          0x0800274c   Section        0  tasks.o(i.pvTaskIncrementMutexHeldCount)
    i.pxPortInitialiseStack                  0x0800276c   Section        0  port.o(i.pxPortInitialiseStack)
    i.uxListRemove                           0x08002790   Section        0  list.o(i.uxListRemove)
    i.uxQueueMessagesWaiting                 0x080027b8   Section        0  queue.o(i.uxQueueMessagesWaiting)
    i.vApplicationGetIdleTaskMemory          0x080027e4   Section        0  freertos.o(i.vApplicationGetIdleTaskMemory)
    i.vListInitialise                        0x080027fc   Section        0  list.o(i.vListInitialise)
    i.vListInitialiseItem                    0x08002816   Section        0  list.o(i.vListInitialiseItem)
    i.vListInsert                            0x0800281c   Section        0  list.o(i.vListInsert)
    i.vListInsertEnd                         0x08002850   Section        0  list.o(i.vListInsertEnd)
    i.vPortEnterCritical                     0x08002868   Section        0  port.o(i.vPortEnterCritical)
    i.vPortExitCritical                      0x080028bc   Section        0  port.o(i.vPortExitCritical)
    i.vPortFree                              0x080028f8   Section        0  heap_4.o(i.vPortFree)
    i.vPortSetupTimerInterrupt               0x0800299c   Section        0  port.o(i.vPortSetupTimerInterrupt)
    i.vPortValidateInterruptPriority         0x080029c4   Section        0  port.o(i.vPortValidateInterruptPriority)
    i.vTaskDelay                             0x08002a3c   Section        0  tasks.o(i.vTaskDelay)
    i.vTaskInternalSetTimeOutState           0x08002a98   Section        0  tasks.o(i.vTaskInternalSetTimeOutState)
    i.vTaskMissedYield                       0x08002ab0   Section        0  tasks.o(i.vTaskMissedYield)
    i.vTaskPlaceOnEventList                  0x08002abc   Section        0  tasks.o(i.vTaskPlaceOnEventList)
    i.vTaskPriorityDisinheritAfterTimeout    0x08002af4   Section        0  tasks.o(i.vTaskPriorityDisinheritAfterTimeout)
    i.vTaskStartScheduler                    0x08002bd8   Section        0  tasks.o(i.vTaskStartScheduler)
    i.vTaskSuspendAll                        0x08002c88   Section        0  tasks.o(i.vTaskSuspendAll)
    i.vTaskSwitchContext                     0x08002c98   Section        0  tasks.o(i.vTaskSwitchContext)
    i.xPortStartScheduler                    0x08002d24   Section        0  port.o(i.xPortStartScheduler)
    i.xQueueCreateCountingSemaphore          0x08002e1c   Section        0  queue.o(i.xQueueCreateCountingSemaphore)
    i.xQueueCreateCountingSemaphoreStatic    0x08002e78   Section        0  queue.o(i.xQueueCreateCountingSemaphoreStatic)
    i.xQueueCreateMutex                      0x08002edc   Section        0  queue.o(i.xQueueCreateMutex)
    i.xQueueCreateMutexStatic                0x08002efe   Section        0  queue.o(i.xQueueCreateMutexStatic)
    i.xQueueGenericCreate                    0x08002f28   Section        0  queue.o(i.xQueueGenericCreate)
    i.xQueueGenericCreateStatic              0x08002f82   Section        0  queue.o(i.xQueueGenericCreateStatic)
    i.xQueueGenericReset                     0x08003064   Section        0  queue.o(i.xQueueGenericReset)
    i.xQueueGenericSend                      0x080030fc   Section        0  queue.o(i.xQueueGenericSend)
    i.xQueueGiveFromISR                      0x080032a4   Section        0  queue.o(i.xQueueGiveFromISR)
    i.xQueueReceiveFromISR                   0x08003384   Section        0  queue.o(i.xQueueReceiveFromISR)
    i.xQueueSemaphoreTake                    0x08003450   Section        0  queue.o(i.xQueueSemaphoreTake)
    i.xTaskCheckForTimeOut                   0x08003608   Section        0  tasks.o(i.xTaskCheckForTimeOut)
    i.xTaskCreate                            0x08003694   Section        0  tasks.o(i.xTaskCreate)
    i.xTaskCreateStatic                      0x080036f8   Section        0  tasks.o(i.xTaskCreateStatic)
    i.xTaskGetSchedulerState                 0x080037b4   Section        0  tasks.o(i.xTaskGetSchedulerState)
    i.xTaskIncrementTick                     0x080037d4   Section        0  tasks.o(i.xTaskIncrementTick)
    i.xTaskPriorityDisinherit                0x0800391c   Section        0  tasks.o(i.xTaskPriorityDisinherit)
    i.xTaskPriorityInherit                   0x080039e4   Section        0  tasks.o(i.xTaskPriorityInherit)
    i.xTaskRemoveFromEventList               0x08003a9c   Section        0  tasks.o(i.xTaskRemoveFromEventList)
    i.xTaskResumeAll                         0x08003b34   Section        0  tasks.o(i.xTaskResumeAll)
    .constdata                               0x08003c38   Section      116  freertos.o(.constdata)
    .constdata                               0x08003cac   Section       18  stm32f1xx_hal_rcc.o(.constdata)
    aPLLMULFactorTable                       0x08003cac   Data          16  stm32f1xx_hal_rcc.o(.constdata)
    aPredivFactorTable                       0x08003cbc   Data           2  stm32f1xx_hal_rcc.o(.constdata)
    .constdata                               0x08003cbe   Section       24  system_stm32f1xx.o(.constdata)
    .conststring                             0x08003cd8   Section       20  freertos.o(.conststring)
    .data                                    0x20000000   Section        1  gpio.o(.data)
    .data                                    0x20000004   Section       40  freertos.o(.data)
    .data                                    0x2000002c   Section        4  stm32f1xx_it.o(.data)
    old_uwTick                               0x2000002c   Data           4  stm32f1xx_it.o(.data)
    .data                                    0x20000030   Section        9  stm32f1xx_hal.o(.data)
    .data                                    0x2000003c   Section        4  system_stm32f1xx.o(.data)
    .data                                    0x20000040   Section       60  tasks.o(.data)
    pxDelayedTaskList                        0x20000044   Data           4  tasks.o(.data)
    pxOverflowDelayedTaskList                0x20000048   Data           4  tasks.o(.data)
    uxDeletedTasksWaitingCleanUp             0x2000004c   Data           4  tasks.o(.data)
    uxCurrentNumberOfTasks                   0x20000050   Data           4  tasks.o(.data)
    xTickCount                               0x20000054   Data           4  tasks.o(.data)
    uxTopReadyPriority                       0x20000058   Data           4  tasks.o(.data)
    xSchedulerRunning                        0x2000005c   Data           4  tasks.o(.data)
    xPendedTicks                             0x20000060   Data           4  tasks.o(.data)
    xYieldPending                            0x20000064   Data           4  tasks.o(.data)
    xNumOfOverflows                          0x20000068   Data           4  tasks.o(.data)
    uxTaskNumber                             0x2000006c   Data           4  tasks.o(.data)
    xNextTaskUnblockTime                     0x20000070   Data           4  tasks.o(.data)
    xIdleTaskHandle                          0x20000074   Data           4  tasks.o(.data)
    uxSchedulerSuspended                     0x20000078   Data           4  tasks.o(.data)
    .data                                    0x2000007c   Section       32  heap_4.o(.data)
    xStart                                   0x2000007c   Data           8  heap_4.o(.data)
    pxEnd                                    0x20000084   Data           4  heap_4.o(.data)
    xFreeBytesRemaining                      0x20000088   Data           4  heap_4.o(.data)
    xMinimumEverFreeBytesRemaining           0x2000008c   Data           4  heap_4.o(.data)
    xNumberOfSuccessfulAllocations           0x20000090   Data           4  heap_4.o(.data)
    xNumberOfSuccessfulFrees                 0x20000094   Data           4  heap_4.o(.data)
    xBlockAllocatedBit                       0x20000098   Data           4  heap_4.o(.data)
    .data                                    0x2000009c   Section       12  port.o(.data)
    uxCriticalNesting                        0x2000009c   Data           4  port.o(.data)
    ucMaxSysCallPriority                     0x200000a0   Data           1  port.o(.data)
    ulMaxPRIGROUPValue                       0x200000a4   Data           4  port.o(.data)
    .data                                    0x200000a8   Section        4  stdout.o(.data)
    .bss                                     0x200000ac   Section      596  freertos.o(.bss)
    xIdleTaskTCBBuffer                       0x200000ac   Data          84  freertos.o(.bss)
    xIdleStack                               0x20000100   Data         512  freertos.o(.bss)
    .bss                                     0x20000300   Section       72  usart.o(.bss)
    .bss                                     0x20000348   Section       72  stm32f1xx_hal_timebase_tim.o(.bss)
    .bss                                     0x20000390   Section      240  tasks.o(.bss)
    pxReadyTasksLists                        0x20000390   Data         140  tasks.o(.bss)
    xDelayedTaskList1                        0x2000041c   Data          20  tasks.o(.bss)
    xDelayedTaskList2                        0x20000430   Data          20  tasks.o(.bss)
    xPendingReadyList                        0x20000444   Data          20  tasks.o(.bss)
    xTasksWaitingTermination                 0x20000458   Data          20  tasks.o(.bss)
    xSuspendedTaskList                       0x2000046c   Data          20  tasks.o(.bss)
    .bss                                     0x20000480   Section     4096  heap_4.o(.bss)
    ucHeap                                   0x20000480   Data        4096  heap_4.o(.bss)
    STACK                                    0x20001480   Section     1024  startup_stm32f103xb.o(STACK)

    Global Symbols

    Symbol Name                              Value     Ov Type        Size  Object(Section)

    BuildAttributes$$THM_ISAv4$P$D$K$B$S$PE$A:L22UL41UL21$X:L11$S22US41US21$IEEE1$IW$USESV6$~STKCKD$USESV7$~SHL$OSPACE$ROPI$EBA8$MICROLIB$REQ8$PRES8$EABIv2 0x00000000   Number         0  anon$$obj.o ABSOLUTE
    __ARM_use_no_argv                        0x00000000   Number         0  main.o ABSOLUTE
    _printf_a                                0x00000000   Number         0  stubs.o ABSOLUTE
    _printf_c                                0x00000000   Number         0  stubs.o ABSOLUTE
    _printf_charcount                        0x00000000   Number         0  stubs.o ABSOLUTE
    _printf_d                                0x00000000   Number         0  stubs.o ABSOLUTE
    _printf_e                                0x00000000   Number         0  stubs.o ABSOLUTE
    _printf_f                                0x00000000   Number         0  stubs.o ABSOLUTE
    _printf_flags                            0x00000000   Number         0  stubs.o ABSOLUTE
    _printf_fp_dec                           0x00000000   Number         0  stubs.o ABSOLUTE
    _printf_fp_hex                           0x00000000   Number         0  stubs.o ABSOLUTE
    _printf_g                                0x00000000   Number         0  stubs.o ABSOLUTE
    _printf_i                                0x00000000   Number         0  stubs.o ABSOLUTE
    _printf_int_dec                          0x00000000   Number         0  stubs.o ABSOLUTE
    _printf_l                                0x00000000   Number         0  stubs.o ABSOLUTE
    _printf_lc                               0x00000000   Number         0  stubs.o ABSOLUTE
    _printf_ll                               0x00000000   Number         0  stubs.o ABSOLUTE
    _printf_lld                              0x00000000   Number         0  stubs.o ABSOLUTE
    _printf_lli                              0x00000000   Number         0  stubs.o ABSOLUTE
    _printf_llo                              0x00000000   Number         0  stubs.o ABSOLUTE
    _printf_llu                              0x00000000   Number         0  stubs.o ABSOLUTE
    _printf_llx                              0x00000000   Number         0  stubs.o ABSOLUTE
    _printf_longlong_dec                     0x00000000   Number         0  stubs.o ABSOLUTE
    _printf_longlong_hex                     0x00000000   Number         0  stubs.o ABSOLUTE
    _printf_longlong_oct                     0x00000000   Number         0  stubs.o ABSOLUTE
    _printf_ls                               0x00000000   Number         0  stubs.o ABSOLUTE
    _printf_mbtowc                           0x00000000   Number         0  stubs.o ABSOLUTE
    _printf_n                                0x00000000   Number         0  stubs.o ABSOLUTE
    _printf_o                                0x00000000   Number         0  stubs.o ABSOLUTE
    _printf_p                                0x00000000   Number         0  stubs.o ABSOLUTE
    _printf_percent                          0x00000000   Number         0  stubs.o ABSOLUTE
    _printf_pre_padding                      0x00000000   Number         0  stubs.o ABSOLUTE
    _printf_return_value                     0x00000000   Number         0  stubs.o ABSOLUTE
    _printf_s                                0x00000000   Number         0  stubs.o ABSOLUTE
    _printf_sizespec                         0x00000000   Number         0  stubs.o ABSOLUTE
    _printf_str                              0x00000000   Number         0  stubs.o ABSOLUTE
    _printf_truncate_signed                  0x00000000   Number         0  stubs.o ABSOLUTE
    _printf_truncate_unsigned                0x00000000   Number         0  stubs.o ABSOLUTE
    _printf_u                                0x00000000   Number         0  stubs.o ABSOLUTE
    _printf_wc                               0x00000000   Number         0  stubs.o ABSOLUTE
    _printf_wctomb                           0x00000000   Number         0  stubs.o ABSOLUTE
    _printf_widthprec                        0x00000000   Number         0  stubs.o ABSOLUTE
    _printf_x                                0x00000000   Number         0  stubs.o ABSOLUTE
    __arm_fini_                               - Undefined Weak Reference
    __cpp_initialize__aeabi_                  - Undefined Weak Reference
    __cxa_finalize                            - Undefined Weak Reference
    __decompress                              - Undefined Weak Reference
    _clock_init                               - Undefined Weak Reference
    _microlib_exit                            - Undefined Weak Reference
    __Vectors_Size                           0x000000ec   Number         0  startup_stm32f103xb.o ABSOLUTE
    __Vectors                                0x08000000   Data           4  startup_stm32f103xb.o(RESET)
    __Vectors_End                            0x080000ec   Data           0  startup_stm32f103xb.o(RESET)
    __main                                   0x080000ed   Thumb Code     0  entry.o(.ARM.Collect$$$$00000000)
    _main_stk                                0x080000ed   Thumb Code     0  entry2.o(.ARM.Collect$$$$00000001)
    _main_scatterload                        0x080000f1   Thumb Code     0  entry5.o(.ARM.Collect$$$$00000004)
    __main_after_scatterload                 0x080000f5   Thumb Code     0  entry5.o(.ARM.Collect$$$$00000004)
    _main_clock                              0x080000f5   Thumb Code     0  entry7b.o(.ARM.Collect$$$$00000008)
    _main_cpp_init                           0x080000f5   Thumb Code     0  entry8b.o(.ARM.Collect$$$$0000000A)
    _main_init                               0x080000f5   Thumb Code     0  entry9a.o(.ARM.Collect$$$$0000000B)
    __rt_lib_shutdown_fini                   0x080000fd   Thumb Code     0  entry12b.o(.ARM.Collect$$$$0000000E)
    __rt_final_cpp                           0x08000101   Thumb Code     0  entry10a.o(.ARM.Collect$$$$0000000F)
    __rt_final_exit                          0x08000101   Thumb Code     0  entry11a.o(.ARM.Collect$$$$00000011)
    SVC_Handler                              0x08000105   Thumb Code    32  port.o(.emb_text)
    __asm___6_port_c_39a90d8d__prvStartFirstTask 0x08000129   Thumb Code    28  port.o(.emb_text)
    PendSV_Handler                           0x08000149   Thumb Code    72  port.o(.emb_text)
    vPortGetIPSR                             0x08000195   Thumb Code     6  port.o(.emb_text)
    Reset_Handler                            0x0800019d   Thumb Code     8  startup_stm32f103xb.o(.text)
    ADC1_2_IRQHandler                        0x080001b7   Thumb Code     0  startup_stm32f103xb.o(.text)
    CAN1_RX1_IRQHandler                      0x080001b7   Thumb Code     0  startup_stm32f103xb.o(.text)
    CAN1_SCE_IRQHandler                      0x080001b7   Thumb Code     0  startup_stm32f103xb.o(.text)
    DMA1_Channel1_IRQHandler                 0x080001b7   Thumb Code     0  startup_stm32f103xb.o(.text)
    DMA1_Channel2_IRQHandler                 0x080001b7   Thumb Code     0  startup_stm32f103xb.o(.text)
    DMA1_Channel3_IRQHandler                 0x080001b7   Thumb Code     0  startup_stm32f103xb.o(.text)
    DMA1_Channel4_IRQHandler                 0x080001b7   Thumb Code     0  startup_stm32f103xb.o(.text)
    DMA1_Channel5_IRQHandler                 0x080001b7   Thumb Code     0  startup_stm32f103xb.o(.text)
    DMA1_Channel6_IRQHandler                 0x080001b7   Thumb Code     0  startup_stm32f103xb.o(.text)
    DMA1_Channel7_IRQHandler                 0x080001b7   Thumb Code     0  startup_stm32f103xb.o(.text)
    EXTI0_IRQHandler                         0x080001b7   Thumb Code     0  startup_stm32f103xb.o(.text)
    EXTI1_IRQHandler                         0x080001b7   Thumb Code     0  startup_stm32f103xb.o(.text)
    EXTI2_IRQHandler                         0x080001b7   Thumb Code     0  startup_stm32f103xb.o(.text)
    EXTI3_IRQHandler                         0x080001b7   Thumb Code     0  startup_stm32f103xb.o(.text)
    EXTI4_IRQHandler                         0x080001b7   Thumb Code     0  startup_stm32f103xb.o(.text)
    FLASH_IRQHandler                         0x080001b7   Thumb Code     0  startup_stm32f103xb.o(.text)
    I2C1_ER_IRQHandler                       0x080001b7   Thumb Code     0  startup_stm32f103xb.o(.text)
    I2C1_EV_IRQHandler                       0x080001b7   Thumb Code     0  startup_stm32f103xb.o(.text)
    I2C2_ER_IRQHandler                       0x080001b7   Thumb Code     0  startup_stm32f103xb.o(.text)
    I2C2_EV_IRQHandler                       0x080001b7   Thumb Code     0  startup_stm32f103xb.o(.text)
    PVD_IRQHandler                           0x080001b7   Thumb Code     0  startup_stm32f103xb.o(.text)
    RCC_IRQHandler                           0x080001b7   Thumb Code     0  startup_stm32f103xb.o(.text)
    RTC_Alarm_IRQHandler                     0x080001b7   Thumb Code     0  startup_stm32f103xb.o(.text)
    RTC_IRQHandler                           0x080001b7   Thumb Code     0  startup_stm32f103xb.o(.text)
    SPI1_IRQHandler                          0x080001b7   Thumb Code     0  startup_stm32f103xb.o(.text)
    SPI2_IRQHandler                          0x080001b7   Thumb Code     0  startup_stm32f103xb.o(.text)
    TAMPER_IRQHandler                        0x080001b7   Thumb Code     0  startup_stm32f103xb.o(.text)
    TIM1_BRK_IRQHandler                      0x080001b7   Thumb Code     0  startup_stm32f103xb.o(.text)
    TIM1_CC_IRQHandler                       0x080001b7   Thumb Code     0  startup_stm32f103xb.o(.text)
    TIM1_TRG_COM_IRQHandler                  0x080001b7   Thumb Code     0  startup_stm32f103xb.o(.text)
    TIM2_IRQHandler                          0x080001b7   Thumb Code     0  startup_stm32f103xb.o(.text)
    TIM3_IRQHandler                          0x080001b7   Thumb Code     0  startup_stm32f103xb.o(.text)
    TIM4_IRQHandler                          0x080001b7   Thumb Code     0  startup_stm32f103xb.o(.text)
    USART1_IRQHandler                        0x080001b7   Thumb Code     0  startup_stm32f103xb.o(.text)
    USART2_IRQHandler                        0x080001b7   Thumb Code     0  startup_stm32f103xb.o(.text)
    USART3_IRQHandler                        0x080001b7   Thumb Code     0  startup_stm32f103xb.o(.text)
    USBWakeUp_IRQHandler                     0x080001b7   Thumb Code     0  startup_stm32f103xb.o(.text)
    USB_HP_CAN1_TX_IRQHandler                0x080001b7   Thumb Code     0  startup_stm32f103xb.o(.text)
    USB_LP_CAN1_RX0_IRQHandler               0x080001b7   Thumb Code     0  startup_stm32f103xb.o(.text)
    WWDG_IRQHandler                          0x080001b7   Thumb Code     0  startup_stm32f103xb.o(.text)
    __aeabi_memcpy                           0x080001c1   Thumb Code    36  memcpya.o(.text)
    __aeabi_memcpy4                          0x080001c1   Thumb Code     0  memcpya.o(.text)
    __aeabi_memcpy8                          0x080001c1   Thumb Code     0  memcpya.o(.text)
    __aeabi_memset                           0x080001e5   Thumb Code    14  memseta.o(.text)
    __aeabi_memset4                          0x080001e5   Thumb Code     0  memseta.o(.text)
    __aeabi_memset8                          0x080001e5   Thumb Code     0  memseta.o(.text)
    __aeabi_memclr                           0x080001f3   Thumb Code     4  memseta.o(.text)
    __aeabi_memclr4                          0x080001f3   Thumb Code     0  memseta.o(.text)
    __aeabi_memclr8                          0x080001f3   Thumb Code     0  memseta.o(.text)
    memset                                   0x080001f7   Thumb Code    18  memseta.o(.text)
    __aeabi_uidiv                            0x08000209   Thumb Code     0  uidiv.o(.text)
    __aeabi_uidivmod                         0x08000209   Thumb Code    44  uidiv.o(.text)
    __scatterload                            0x08000235   Thumb Code    28  init.o(.text)
    __scatterload_rt2                        0x08000235   Thumb Code     0  init.o(.text)
    BEEP_Control                             0x08000259   Thumb Code    36  gpio.o(i.BEEP_Control)
    BusFault_Handler                         0x08000281   Thumb Code     4  stm32f1xx_it.o(i.BusFault_Handler)
    DebugMon_Handler                         0x08000285   Thumb Code     2  stm32f1xx_it.o(i.DebugMon_Handler)
    EXTI15_10_IRQHandler                     0x08000287   Thumb Code    36  stm32f1xx_it.o(i.EXTI15_10_IRQHandler)
    EXTI9_5_IRQHandler                       0x080002ab   Thumb Code    18  stm32f1xx_it.o(i.EXTI9_5_IRQHandler)
    Error_Handler                            0x080002bd   Thumb Code     6  main.o(i.Error_Handler)
    GetTask                                  0x080002c5   Thumb Code    76  freertos.o(i.GetTask)
    HAL_GPIO_EXTI_Callback                   0x0800032d   Thumb Code   192  stm32f1xx_it.o(i.HAL_GPIO_EXTI_Callback)
    HAL_GPIO_EXTI_IRQHandler                 0x08000471   Thumb Code    24  stm32f1xx_hal_gpio.o(i.HAL_GPIO_EXTI_IRQHandler)
    HAL_GPIO_Init                            0x0800048d   Thumb Code   766  stm32f1xx_hal_gpio.o(i.HAL_GPIO_Init)
    HAL_GPIO_WritePin                        0x080007ad   Thumb Code    12  stm32f1xx_hal_gpio.o(i.HAL_GPIO_WritePin)
    HAL_GetTick                              0x080007b9   Thumb Code     6  stm32f1xx_hal.o(i.HAL_GetTick)
    HAL_IncTick                              0x080007c5   Thumb Code    16  stm32f1xx_hal.o(i.HAL_IncTick)
    HAL_Init                                 0x080007dd   Thumb Code    34  stm32f1xx_hal.o(i.HAL_Init)
    HAL_InitTick                             0x08000805   Thumb Code   138  stm32f1xx_hal_timebase_tim.o(i.HAL_InitTick)
    HAL_MspInit                              0x080008a5   Thumb Code    86  stm32f1xx_hal_msp.o(i.HAL_MspInit)
    HAL_NVIC_EnableIRQ                       0x08000905   Thumb Code    32  stm32f1xx_hal_cortex.o(i.HAL_NVIC_EnableIRQ)
    HAL_NVIC_SetPriority                     0x08000925   Thumb Code   124  stm32f1xx_hal_cortex.o(i.HAL_NVIC_SetPriority)
    HAL_NVIC_SetPriorityGrouping             0x080009a1   Thumb Code    32  stm32f1xx_hal_cortex.o(i.HAL_NVIC_SetPriorityGrouping)
    HAL_RCC_ClockConfig                      0x080009c9   Thumb Code   376  stm32f1xx_hal_rcc.o(i.HAL_RCC_ClockConfig)
    HAL_RCC_GetClockConfig                   0x08000b55   Thumb Code    58  stm32f1xx_hal_rcc.o(i.HAL_RCC_GetClockConfig)
    HAL_RCC_GetHCLKFreq                      0x08000b99   Thumb Code     6  stm32f1xx_hal_rcc.o(i.HAL_RCC_GetHCLKFreq)
    HAL_RCC_GetPCLK1Freq                     0x08000ba5   Thumb Code    22  stm32f1xx_hal_rcc.o(i.HAL_RCC_GetPCLK1Freq)
    HAL_RCC_GetPCLK2Freq                     0x08000bc5   Thumb Code    22  stm32f1xx_hal_rcc.o(i.HAL_RCC_GetPCLK2Freq)
    HAL_RCC_GetSysClockFreq                  0x08000be5   Thumb Code    92  stm32f1xx_hal_rcc.o(i.HAL_RCC_GetSysClockFreq)
    HAL_RCC_OscConfig                        0x08000c55   Thumb Code  1114  stm32f1xx_hal_rcc.o(i.HAL_RCC_OscConfig)
    HAL_TIMEx_BreakCallback                  0x080010b9   Thumb Code     2  stm32f1xx_hal_tim_ex.o(i.HAL_TIMEx_BreakCallback)
    HAL_TIMEx_CommutCallback                 0x080010bb   Thumb Code     2  stm32f1xx_hal_tim_ex.o(i.HAL_TIMEx_CommutCallback)
    HAL_TIM_Base_Init                        0x080010bd   Thumb Code   102  stm32f1xx_hal_tim.o(i.HAL_TIM_Base_Init)
    HAL_TIM_Base_MspInit                     0x08001123   Thumb Code     2  stm32f1xx_hal_tim.o(i.HAL_TIM_Base_MspInit)
    HAL_TIM_Base_Start_IT                    0x08001125   Thumb Code   106  stm32f1xx_hal_tim.o(i.HAL_TIM_Base_Start_IT)
    HAL_TIM_IC_CaptureCallback               0x0800119d   Thumb Code     2  stm32f1xx_hal_tim.o(i.HAL_TIM_IC_CaptureCallback)
    HAL_TIM_IRQHandler                       0x0800119f   Thumb Code   364  stm32f1xx_hal_tim.o(i.HAL_TIM_IRQHandler)
    HAL_TIM_OC_DelayElapsedCallback          0x0800130b   Thumb Code     2  stm32f1xx_hal_tim.o(i.HAL_TIM_OC_DelayElapsedCallback)
    HAL_TIM_PWM_PulseFinishedCallback        0x0800130d   Thumb Code     2  stm32f1xx_hal_tim.o(i.HAL_TIM_PWM_PulseFinishedCallback)
    HAL_TIM_PeriodElapsedCallback            0x08001311   Thumb Code    18  main.o(i.HAL_TIM_PeriodElapsedCallback)
    HAL_TIM_TriggerCallback                  0x08001329   Thumb Code     2  stm32f1xx_hal_tim.o(i.HAL_TIM_TriggerCallback)
    HAL_UART_Init                            0x0800132b   Thumb Code   118  stm32f1xx_hal_uart.o(i.HAL_UART_Init)
    HAL_UART_MspInit                         0x080013a1   Thumb Code   122  usart.o(i.HAL_UART_MspInit)
    HAL_UART_Transmit                        0x08001429   Thumb Code   190  stm32f1xx_hal_uart.o(i.HAL_UART_Transmit)
    HardFault_Handler                        0x080014e7   Thumb Code     4  stm32f1xx_it.o(i.HardFault_Handler)
    LED_Control                              0x080014ed   Thumb Code    74  gpio.o(i.LED_Control)
    MX_FREERTOS_Init                         0x0800153d   Thumb Code   242  freertos.o(i.MX_FREERTOS_Init)
    MX_GPIO_Init                             0x0800165d   Thumb Code   286  gpio.o(i.MX_GPIO_Init)
    MX_USART1_UART_Init                      0x08001791   Thumb Code    46  usart.o(i.MX_USART1_UART_Init)
    MemManage_Handler                        0x080017c9   Thumb Code     4  stm32f1xx_it.o(i.MemManage_Handler)
    NMI_Handler                              0x080017cd   Thumb Code     4  stm32f1xx_it.o(i.NMI_Handler)
    PutTask                                  0x080017d1   Thumb Code    96  freertos.o(i.PutTask)
    StartDefalutTask                         0x08001875   Thumb Code    10  freertos.o(i.StartDefalutTask)
    SysTick_Handler                          0x08001881   Thumb Code    46  port.o(i.SysTick_Handler)
    SystemClock_Config                       0x080018b5   Thumb Code   102  main.o(i.SystemClock_Config)
    SystemInit                               0x0800191b   Thumb Code     2  system_stm32f1xx.o(i.SystemInit)
    TIM1_UP_IRQHandler                       0x0800191d   Thumb Code    10  stm32f1xx_it.o(i.TIM1_UP_IRQHandler)
    TIM_Base_SetConfig                       0x0800192d   Thumb Code   120  stm32f1xx_hal_tim.o(i.TIM_Base_SetConfig)
    UsageFault_Handler                       0x08001ba5   Thumb Code     4  stm32f1xx_it.o(i.UsageFault_Handler)
    __0printf$1                              0x08001ba9   Thumb Code    22  printf1.o(i.__0printf$1)
    __1printf$1                              0x08001ba9   Thumb Code     0  printf1.o(i.__0printf$1)
    __2printf                                0x08001ba9   Thumb Code     0  printf1.o(i.__0printf$1)
    __scatterload_copy                       0x08001c01   Thumb Code    14  handlers.o(i.__scatterload_copy)
    __scatterload_null                       0x08001c0f   Thumb Code     2  handlers.o(i.__scatterload_null)
    __scatterload_zeroinit                   0x08001c11   Thumb Code    14  handlers.o(i.__scatterload_zeroinit)
    fputc                                    0x08001d75   Thumb Code    22  usart.o(i.fputc)
    main                                     0x08001da1   Thumb Code    34  main.o(i.main)
    osDelay                                  0x08001de7   Thumb Code    24  cmsis_os.o(i.osDelay)
    osKernelStart                            0x08001dff   Thumb Code    10  cmsis_os.o(i.osKernelStart)
    osMessageCreate                          0x08001e09   Thumb Code    40  cmsis_os.o(i.osMessageCreate)
    osMutexCreate                            0x08001e31   Thumb Code    26  cmsis_os.o(i.osMutexCreate)
    osSemaphoreCreate                        0x08001e4b   Thumb Code    88  cmsis_os.o(i.osSemaphoreCreate)
    osSemaphoreGetCount                      0x08001ea3   Thumb Code    12  cmsis_os.o(i.osSemaphoreGetCount)
    osSemaphoreRelease                       0x08001eb1   Thumb Code    76  cmsis_os.o(i.osSemaphoreRelease)
    osSemaphoreWait                          0x08001f01   Thumb Code   100  cmsis_os.o(i.osSemaphoreWait)
    osThreadCreate                           0x08001f69   Thumb Code    94  cmsis_os.o(i.osThreadCreate)
    pvPortMalloc                             0x08002601   Thumb Code   306  heap_4.o(i.pvPortMalloc)
    pvTaskIncrementMutexHeldCount            0x0800274d   Thumb Code    26  tasks.o(i.pvTaskIncrementMutexHeldCount)
    pxPortInitialiseStack                    0x0800276d   Thumb Code    30  port.o(i.pxPortInitialiseStack)
    uxListRemove                             0x08002791   Thumb Code    40  list.o(i.uxListRemove)
    uxQueueMessagesWaiting                   0x080027b9   Thumb Code    42  queue.o(i.uxQueueMessagesWaiting)
    vApplicationGetIdleTaskMemory            0x080027e5   Thumb Code    14  freertos.o(i.vApplicationGetIdleTaskMemory)
    vListInitialise                          0x080027fd   Thumb Code    26  list.o(i.vListInitialise)
    vListInitialiseItem                      0x08002817   Thumb Code     6  list.o(i.vListInitialiseItem)
    vListInsert                              0x0800281d   Thumb Code    52  list.o(i.vListInsert)
    vListInsertEnd                           0x08002851   Thumb Code    24  list.o(i.vListInsertEnd)
    vPortEnterCritical                       0x08002869   Thumb Code    76  port.o(i.vPortEnterCritical)
    vPortExitCritical                        0x080028bd   Thumb Code    56  port.o(i.vPortExitCritical)
    vPortFree                                0x080028f9   Thumb Code   150  heap_4.o(i.vPortFree)
    vPortSetupTimerInterrupt                 0x0800299d   Thumb Code    36  port.o(i.vPortSetupTimerInterrupt)
    vPortValidateInterruptPriority           0x080029c5   Thumb Code   106  port.o(i.vPortValidateInterruptPriority)
    vTaskDelay                               0x08002a3d   Thumb Code    82  tasks.o(i.vTaskDelay)
    vTaskInternalSetTimeOutState             0x08002a99   Thumb Code    14  tasks.o(i.vTaskInternalSetTimeOutState)
    vTaskMissedYield                         0x08002ab1   Thumb Code     8  tasks.o(i.vTaskMissedYield)
    vTaskPlaceOnEventList                    0x08002abd   Thumb Code    52  tasks.o(i.vTaskPlaceOnEventList)
    vTaskPriorityDisinheritAfterTimeout      0x08002af5   Thumb Code   216  tasks.o(i.vTaskPriorityDisinheritAfterTimeout)
    vTaskStartScheduler                      0x08002bd9   Thumb Code   146  tasks.o(i.vTaskStartScheduler)
    vTaskSuspendAll                          0x08002c89   Thumb Code    12  tasks.o(i.vTaskSuspendAll)
    vTaskSwitchContext                       0x08002c99   Thumb Code   118  tasks.o(i.vTaskSwitchContext)
    xPortStartScheduler                      0x08002d25   Thumb Code   228  port.o(i.xPortStartScheduler)
    xQueueCreateCountingSemaphore            0x08002e1d   Thumb Code    92  queue.o(i.xQueueCreateCountingSemaphore)
    xQueueCreateCountingSemaphoreStatic      0x08002e79   Thumb Code   100  queue.o(i.xQueueCreateCountingSemaphoreStatic)
    xQueueCreateMutex                        0x08002edd   Thumb Code    34  queue.o(i.xQueueCreateMutex)
    xQueueCreateMutexStatic                  0x08002eff   Thumb Code    42  queue.o(i.xQueueCreateMutexStatic)
    xQueueGenericCreate                      0x08002f29   Thumb Code    90  queue.o(i.xQueueGenericCreate)
    xQueueGenericCreateStatic                0x08002f83   Thumb Code   224  queue.o(i.xQueueGenericCreateStatic)
    xQueueGenericReset                       0x08003065   Thumb Code   146  queue.o(i.xQueueGenericReset)
    xQueueGenericSend                        0x080030fd   Thumb Code   420  queue.o(i.xQueueGenericSend)
    xQueueGiveFromISR                        0x080032a5   Thumb Code   224  queue.o(i.xQueueGiveFromISR)
    xQueueReceiveFromISR                     0x08003385   Thumb Code   202  queue.o(i.xQueueReceiveFromISR)
    xQueueSemaphoreTake                      0x08003451   Thumb Code   434  queue.o(i.xQueueSemaphoreTake)
    xTaskCheckForTimeOut                     0x08003609   Thumb Code   132  tasks.o(i.xTaskCheckForTimeOut)
    xTaskCreate                              0x08003695   Thumb Code   100  tasks.o(i.xTaskCreate)
    xTaskCreateStatic                        0x080036f9   Thumb Code   186  tasks.o(i.xTaskCreateStatic)
    xTaskGetSchedulerState                   0x080037b5   Thumb Code    24  tasks.o(i.xTaskGetSchedulerState)
    xTaskIncrementTick                       0x080037d5   Thumb Code   282  tasks.o(i.xTaskIncrementTick)
    xTaskPriorityDisinherit                  0x0800391d   Thumb Code   188  tasks.o(i.xTaskPriorityDisinherit)
    xTaskPriorityInherit                     0x080039e5   Thumb Code   172  tasks.o(i.xTaskPriorityInherit)
    xTaskRemoveFromEventList                 0x08003a9d   Thumb Code   128  tasks.o(i.xTaskRemoveFromEventList)
    xTaskResumeAll                           0x08003b35   Thumb Code   224  tasks.o(i.xTaskResumeAll)
    AHBPrescTable                            0x08003cbe   Data          16  system_stm32f1xx.o(.constdata)
    APBPrescTable                            0x08003cce   Data           8  system_stm32f1xx.o(.constdata)
    Region$$Table$$Base                      0x08003cec   Number         0  anon$$obj.o(Region$$Table)
    Region$$Table$$Limit                     0x08003d0c   Number         0  anon$$obj.o(Region$$Table)
    Key_Value                                0x20000000   Data           1  gpio.o(.data)
    defaultTaskHandle                        0x20000004   Data           4  freertos.o(.data)
    PUTHandle                                0x20000008   Data           4  freertos.o(.data)
    GETHandle                                0x2000000c   Data           4  freertos.o(.data)
    QueueLED1Handle                          0x20000010   Data           4  freertos.o(.data)
    QueueLED2Handle                          0x20000014   Data           4  freertos.o(.data)
    myMutex01Handle                          0x20000018   Data           4  freertos.o(.data)
    BinarySem1Handle                         0x2000001c   Data           4  freertos.o(.data)
    BinarySem2Handle                         0x20000020   Data           4  freertos.o(.data)
    BinarySem3Handle                         0x20000024   Data           4  freertos.o(.data)
    CountingSem1Handle                       0x20000028   Data           4  freertos.o(.data)
    uwTick                                   0x20000030   Data           4  stm32f1xx_hal.o(.data)
    uwTickPrio                               0x20000034   Data           4  stm32f1xx_hal.o(.data)
    uwTickFreq                               0x20000038   Data           1  stm32f1xx_hal.o(.data)
    SystemCoreClock                          0x2000003c   Data           4  system_stm32f1xx.o(.data)
    pxCurrentTCB                             0x20000040   Data           4  tasks.o(.data)
    __stdout                                 0x200000a8   Data           4  stdout.o(.data)
    huart1                                   0x20000300   Data          72  usart.o(.bss)
    htim1                                    0x20000348   Data          72  stm32f1xx_hal_timebase_tim.o(.bss)
    __initial_sp                             0x20001880   Data           0  startup_stm32f103xb.o(STACK)



==============================================================================

Memory Map of the image

  Image Entry point : 0x080000ed

  Load Region LR_IROM1 (Base: 0x08000000, Size: 0x00003db8, Max: 0x00010000, ABSOLUTE)

    Execution Region ER_IROM1 (Exec base: 0x08000000, Load base: 0x08000000, Size: 0x00003d0c, Max: 0x00010000, ABSOLUTE)

    Exec Addr    Load Addr    Size         Type   Attr      Idx    E Section Name        Object

    0x08000000   0x08000000   0x000000ec   Data   RO            3    RESET               startup_stm32f103xb.o
    0x080000ec   0x080000ec   0x00000000   Code   RO         4296  * .ARM.Collect$$$$00000000  mc_w.l(entry.o)
    0x080000ec   0x080000ec   0x00000004   Code   RO         4570    .ARM.Collect$$$$00000001  mc_w.l(entry2.o)
    0x080000f0   0x080000f0   0x00000004   Code   RO         4573    .ARM.Collect$$$$00000004  mc_w.l(entry5.o)
    0x080000f4   0x080000f4   0x00000000   Code   RO         4575    .ARM.Collect$$$$00000008  mc_w.l(entry7b.o)
    0x080000f4   0x080000f4   0x00000000   Code   RO         4577    .ARM.Collect$$$$0000000A  mc_w.l(entry8b.o)
    0x080000f4   0x080000f4   0x00000008   Code   RO         4578    .ARM.Collect$$$$0000000B  mc_w.l(entry9a.o)
    0x080000fc   0x080000fc   0x00000004   Code   RO         4585    .ARM.Collect$$$$0000000E  mc_w.l(entry12b.o)
    0x08000100   0x08000100   0x00000000   Code   RO         4580    .ARM.Collect$$$$0000000F  mc_w.l(entry10a.o)
    0x08000100   0x08000100   0x00000000   Code   RO         4582    .ARM.Collect$$$$00000011  mc_w.l(entry11a.o)
    0x08000100   0x08000100   0x00000004   Code   RO         4571    .ARM.Collect$$$$00002712  mc_w.l(entry2.o)
    0x08000104   0x08000104   0x00000096   Code   RO         4219    .emb_text           port.o
    0x0800019a   0x0800019a   0x00000002   PAD
    0x0800019c   0x0800019c   0x00000024   Code   RO            4    .text               startup_stm32f103xb.o
    0x080001c0   0x080001c0   0x00000024   Code   RO         4301    .text               mc_w.l(memcpya.o)
    0x080001e4   0x080001e4   0x00000024   Code   RO         4305    .text               mc_w.l(memseta.o)
    0x08000208   0x08000208   0x0000002c   Code   RO         4587    .text               mc_w.l(uidiv.o)
    0x08000234   0x08000234   0x00000024   Code   RO         4602    .text               mc_w.l(init.o)
    0x08000258   0x08000258   0x00000028   Code   RO          197    i.BEEP_Control      gpio.o
    0x08000280   0x08000280   0x00000004   Code   RO          385    i.BusFault_Handler  stm32f1xx_it.o
    0x08000284   0x08000284   0x00000002   Code   RO          386    i.DebugMon_Handler  stm32f1xx_it.o
    0x08000286   0x08000286   0x00000024   Code   RO          387    i.EXTI15_10_IRQHandler  stm32f1xx_it.o
    0x080002aa   0x080002aa   0x00000012   Code   RO          388    i.EXTI9_5_IRQHandler  stm32f1xx_it.o
    0x080002bc   0x080002bc   0x00000006   Code   RO           13    i.Error_Handler     main.o
    0x080002c2   0x080002c2   0x00000002   PAD
    0x080002c4   0x080002c4   0x00000068   Code   RO          275    i.GetTask           freertos.o
    0x0800032c   0x0800032c   0x00000144   Code   RO          389    i.HAL_GPIO_EXTI_Callback  stm32f1xx_it.o
    0x08000470   0x08000470   0x0000001c   Code   RO         1872    i.HAL_GPIO_EXTI_IRQHandler  stm32f1xx_hal_gpio.o
    0x0800048c   0x0800048c   0x00000320   Code   RO         1873    i.HAL_GPIO_Init     stm32f1xx_hal_gpio.o
    0x080007ac   0x080007ac   0x0000000c   Code   RO         1877    i.HAL_GPIO_WritePin  stm32f1xx_hal_gpio.o
    0x080007b8   0x080007b8   0x0000000c   Code   RO         1562    i.HAL_GetTick       stm32f1xx_hal.o
    0x080007c4   0x080007c4   0x00000018   Code   RO         1568    i.HAL_IncTick       stm32f1xx_hal.o
    0x080007dc   0x080007dc   0x00000028   Code   RO         1569    i.HAL_Init          stm32f1xx_hal.o
    0x08000804   0x08000804   0x000000a0   Code   RO          492    i.HAL_InitTick      stm32f1xx_hal_timebase_tim.o
    0x080008a4   0x080008a4   0x00000060   Code   RO          468    i.HAL_MspInit       stm32f1xx_hal_msp.o
    0x08000904   0x08000904   0x00000020   Code   RO         2033    i.HAL_NVIC_EnableIRQ  stm32f1xx_hal_cortex.o
    0x08000924   0x08000924   0x0000007c   Code   RO         2039    i.HAL_NVIC_SetPriority  stm32f1xx_hal_cortex.o
    0x080009a0   0x080009a0   0x00000028   Code   RO         2040    i.HAL_NVIC_SetPriorityGrouping  stm32f1xx_hal_cortex.o
    0x080009c8   0x080009c8   0x0000018c   Code   RO         1726    i.HAL_RCC_ClockConfig  stm32f1xx_hal_rcc.o
    0x08000b54   0x08000b54   0x00000044   Code   RO         1730    i.HAL_RCC_GetClockConfig  stm32f1xx_hal_rcc.o
    0x08000b98   0x08000b98   0x0000000c   Code   RO         1731    i.HAL_RCC_GetHCLKFreq  stm32f1xx_hal_rcc.o
    0x08000ba4   0x08000ba4   0x00000020   Code   RO         1733    i.HAL_RCC_GetPCLK1Freq  stm32f1xx_hal_rcc.o
    0x08000bc4   0x08000bc4   0x00000020   Code   RO         1734    i.HAL_RCC_GetPCLK2Freq  stm32f1xx_hal_rcc.o
    0x08000be4   0x08000be4   0x00000070   Code   RO         1735    i.HAL_RCC_GetSysClockFreq  stm32f1xx_hal_rcc.o
    0x08000c54   0x08000c54   0x00000464   Code   RO         1738    i.HAL_RCC_OscConfig  stm32f1xx_hal_rcc.o
    0x080010b8   0x080010b8   0x00000002   Code   RO         1284    i.HAL_TIMEx_BreakCallback  stm32f1xx_hal_tim_ex.o
    0x080010ba   0x080010ba   0x00000002   Code   RO         1285    i.HAL_TIMEx_CommutCallback  stm32f1xx_hal_tim_ex.o
    0x080010bc   0x080010bc   0x00000066   Code   RO          569    i.HAL_TIM_Base_Init  stm32f1xx_hal_tim.o
    0x08001122   0x08001122   0x00000002   Code   RO          571    i.HAL_TIM_Base_MspInit  stm32f1xx_hal_tim.o
    0x08001124   0x08001124   0x00000078   Code   RO          574    i.HAL_TIM_Base_Start_IT  stm32f1xx_hal_tim.o
    0x0800119c   0x0800119c   0x00000002   Code   RO          603    i.HAL_TIM_IC_CaptureCallback  stm32f1xx_hal_tim.o
    0x0800119e   0x0800119e   0x0000016c   Code   RO          617    i.HAL_TIM_IRQHandler  stm32f1xx_hal_tim.o
    0x0800130a   0x0800130a   0x00000002   Code   RO          620    i.HAL_TIM_OC_DelayElapsedCallback  stm32f1xx_hal_tim.o
    0x0800130c   0x0800130c   0x00000002   Code   RO          647    i.HAL_TIM_PWM_PulseFinishedCallback  stm32f1xx_hal_tim.o
    0x0800130e   0x0800130e   0x00000002   PAD
    0x08001310   0x08001310   0x00000018   Code   RO           14    i.HAL_TIM_PeriodElapsedCallback  main.o
    0x08001328   0x08001328   0x00000002   Code   RO          660    i.HAL_TIM_TriggerCallback  stm32f1xx_hal_tim.o
    0x0800132a   0x0800132a   0x00000076   Code   RO         2589    i.HAL_UART_Init     stm32f1xx_hal_uart.o
    0x080013a0   0x080013a0   0x00000088   Code   RO          338    i.HAL_UART_MspInit  usart.o
    0x08001428   0x08001428   0x000000be   Code   RO         2597    i.HAL_UART_Transmit  stm32f1xx_hal_uart.o
    0x080014e6   0x080014e6   0x00000004   Code   RO          390    i.HardFault_Handler  stm32f1xx_it.o
    0x080014ea   0x080014ea   0x00000002   PAD
    0x080014ec   0x080014ec   0x00000050   Code   RO          201    i.LED_Control       gpio.o
    0x0800153c   0x0800153c   0x00000120   Code   RO          276    i.MX_FREERTOS_Init  freertos.o
    0x0800165c   0x0800165c   0x00000134   Code   RO          203    i.MX_GPIO_Init      gpio.o
    0x08001790   0x08001790   0x00000038   Code   RO          339    i.MX_USART1_UART_Init  usart.o
    0x080017c8   0x080017c8   0x00000004   Code   RO          391    i.MemManage_Handler  stm32f1xx_it.o
    0x080017cc   0x080017cc   0x00000004   Code   RO          392    i.NMI_Handler       stm32f1xx_it.o
    0x080017d0   0x080017d0   0x0000007c   Code   RO          277    i.PutTask           freertos.o
    0x0800184c   0x0800184c   0x00000028   Code   RO         1739    i.RCC_Delay         stm32f1xx_hal_rcc.o
    0x08001874   0x08001874   0x0000000a   Code   RO          278    i.StartDefalutTask  freertos.o
    0x0800187e   0x0800187e   0x00000002   PAD
    0x08001880   0x08001880   0x00000034   Code   RO         4220    i.SysTick_Handler   port.o
    0x080018b4   0x080018b4   0x00000066   Code   RO           15    i.SystemClock_Config  main.o
    0x0800191a   0x0800191a   0x00000002   Code   RO         2933    i.SystemInit        system_stm32f1xx.o
    0x0800191c   0x0800191c   0x00000010   Code   RO          393    i.TIM1_UP_IRQHandler  stm32f1xx_it.o
    0x0800192c   0x0800192c   0x00000084   Code   RO          662    i.TIM_Base_SetConfig  stm32f1xx_hal_tim.o
    0x080019b0   0x080019b0   0x0000006c   Code   RO         2612    i.UART_EndRxTransfer  stm32f1xx_hal_uart.o
    0x08001a1c   0x08001a1c   0x000000fc   Code   RO         2616    i.UART_SetConfig    stm32f1xx_hal_uart.o
    0x08001b18   0x08001b18   0x0000008c   Code   RO         2620    i.UART_WaitOnFlagUntilTimeout  stm32f1xx_hal_uart.o
    0x08001ba4   0x08001ba4   0x00000004   Code   RO          394    i.UsageFault_Handler  stm32f1xx_it.o
    0x08001ba8   0x08001ba8   0x00000020   Code   RO         4354    i.__0printf$1       mc_w.l(printf1.o)
    0x08001bc8   0x08001bc8   0x00000010   Code   RO         2046    i.__NVIC_GetPriorityGrouping  stm32f1xx_hal_cortex.o
    0x08001bd8   0x08001bd8   0x00000028   Code   RO         2047    i.__NVIC_SetPriority  stm32f1xx_hal_cortex.o
    0x08001c00   0x08001c00   0x0000000e   Code   RO         4612    i.__scatterload_copy  mc_w.l(handlers.o)
    0x08001c0e   0x08001c0e   0x00000002   Code   RO         4613    i.__scatterload_null  mc_w.l(handlers.o)
    0x08001c10   0x08001c10   0x0000000e   Code   RO         4614    i.__scatterload_zeroinit  mc_w.l(handlers.o)
    0x08001c1e   0x08001c1e   0x00000002   PAD
    0x08001c20   0x08001c20   0x00000154   Code   RO         4361    i._printf_core      mc_w.l(printf1.o)
    0x08001d74   0x08001d74   0x0000001c   Code   RO          340    i.fputc             usart.o
    0x08001d90   0x08001d90   0x00000010   Code   RO         3783    i.inHandlerMode     cmsis_os.o
    0x08001da0   0x08001da0   0x00000038   Code   RO           16    i.main              main.o
    0x08001dd8   0x08001dd8   0x0000000e   Code   RO         3785    i.makeFreeRtosPriority  cmsis_os.o
    0x08001de6   0x08001de6   0x00000018   Code   RO         3787    i.osDelay           cmsis_os.o
    0x08001dfe   0x08001dfe   0x0000000a   Code   RO         3790    i.osKernelStart     cmsis_os.o
    0x08001e08   0x08001e08   0x00000028   Code   RO         3799    i.osMessageCreate   cmsis_os.o
    0x08001e30   0x08001e30   0x0000001a   Code   RO         3805    i.osMutexCreate     cmsis_os.o
    0x08001e4a   0x08001e4a   0x00000058   Code   RO         3816    i.osSemaphoreCreate  cmsis_os.o
    0x08001ea2   0x08001ea2   0x0000000c   Code   RO         3818    i.osSemaphoreGetCount  cmsis_os.o
    0x08001eae   0x08001eae   0x00000002   PAD
    0x08001eb0   0x08001eb0   0x00000050   Code   RO         3819    i.osSemaphoreRelease  cmsis_os.o
    0x08001f00   0x08001f00   0x00000068   Code   RO         3820    i.osSemaphoreWait   cmsis_os.o
    0x08001f68   0x08001f68   0x0000005e   Code   RO         3824    i.osThreadCreate    cmsis_os.o
    0x08001fc6   0x08001fc6   0x00000002   PAD
    0x08001fc8   0x08001fc8   0x00000098   Code   RO         3456    i.prvAddCurrentTaskToDelayedList  tasks.o
    0x08002060   0x08002060   0x000000b4   Code   RO         3457    i.prvAddNewTaskToReadyList  tasks.o
    0x08002114   0x08002114   0x00000048   Code   RO         3458    i.prvCheckTasksWaitingTermination  tasks.o
    0x0800215c   0x0800215c   0x0000002a   Code   RO         3110    i.prvCopyDataFromQueue  queue.o
    0x08002186   0x08002186   0x0000007e   Code   RO         3111    i.prvCopyDataToQueue  queue.o
    0x08002204   0x08002204   0x00000050   Code   RO         3459    i.prvDeleteTCB      tasks.o
    0x08002254   0x08002254   0x00000014   Code   RO         3112    i.prvGetDisinheritPriorityAfterTimeout  queue.o
    0x08002268   0x08002268   0x0000007c   Code   RO         4152    i.prvHeapInit       heap_4.o
    0x080022e4   0x080022e4   0x00000028   Code   RO         3460    i.prvIdleTask       tasks.o
    0x0800230c   0x0800230c   0x0000001e   Code   RO         3113    i.prvInitialiseMutex  queue.o
    0x0800232a   0x0800232a   0x00000026   Code   RO         3114    i.prvInitialiseNewQueue  queue.o
    0x08002350   0x08002350   0x000000b4   Code   RO         3461    i.prvInitialiseNewTask  tasks.o
    0x08002404   0x08002404   0x00000068   Code   RO         3462    i.prvInitialiseTaskLists  tasks.o
    0x0800246c   0x0800246c   0x00000068   Code   RO         4153    i.prvInsertBlockIntoFreeList  heap_4.o
    0x080024d4   0x080024d4   0x0000001a   Code   RO         3115    i.prvIsQueueEmpty   queue.o
    0x080024ee   0x080024ee   0x0000001e   Code   RO         3116    i.prvIsQueueFull    queue.o
    0x0800250c   0x0800250c   0x00000034   Code   RO         3463    i.prvResetNextTaskUnblockTime  tasks.o
    0x08002540   0x08002540   0x00000040   Code   RO         4221    i.prvTaskExitError  port.o
    0x08002580   0x08002580   0x0000007e   Code   RO         3117    i.prvUnlockQueue    queue.o
    0x080025fe   0x080025fe   0x00000002   PAD
    0x08002600   0x08002600   0x0000014c   Code   RO         4154    i.pvPortMalloc      heap_4.o
    0x0800274c   0x0800274c   0x00000020   Code   RO         3465    i.pvTaskIncrementMutexHeldCount  tasks.o
    0x0800276c   0x0800276c   0x00000024   Code   RO         4222    i.pxPortInitialiseStack  port.o
    0x08002790   0x08002790   0x00000028   Code   RO         3070    i.uxListRemove      list.o
    0x080027b8   0x080027b8   0x0000002a   Code   RO         3118    i.uxQueueMessagesWaiting  queue.o
    0x080027e2   0x080027e2   0x00000002   PAD
    0x080027e4   0x080027e4   0x00000018   Code   RO          279    i.vApplicationGetIdleTaskMemory  freertos.o
    0x080027fc   0x080027fc   0x0000001a   Code   RO         3071    i.vListInitialise   list.o
    0x08002816   0x08002816   0x00000006   Code   RO         3072    i.vListInitialiseItem  list.o
    0x0800281c   0x0800281c   0x00000034   Code   RO         3073    i.vListInsert       list.o
    0x08002850   0x08002850   0x00000018   Code   RO         3074    i.vListInsertEnd    list.o
    0x08002868   0x08002868   0x00000054   Code   RO         4224    i.vPortEnterCritical  port.o
    0x080028bc   0x080028bc   0x0000003c   Code   RO         4225    i.vPortExitCritical  port.o
    0x080028f8   0x080028f8   0x000000a4   Code   RO         4155    i.vPortFree         heap_4.o
    0x0800299c   0x0800299c   0x00000028   Code   RO         4226    i.vPortSetupTimerInterrupt  port.o
    0x080029c4   0x080029c4   0x00000078   Code   RO         4227    i.vPortValidateInterruptPriority  port.o
    0x08002a3c   0x08002a3c   0x0000005c   Code   RO         3472    i.vTaskDelay        tasks.o
    0x08002a98   0x08002a98   0x00000018   Code   RO         3475    i.vTaskInternalSetTimeOutState  tasks.o
    0x08002ab0   0x08002ab0   0x0000000c   Code   RO         3476    i.vTaskMissedYield  tasks.o
    0x08002abc   0x08002abc   0x00000038   Code   RO         3478    i.vTaskPlaceOnEventList  tasks.o
    0x08002af4   0x08002af4   0x000000e4   Code   RO         3480    i.vTaskPriorityDisinheritAfterTimeout  tasks.o
    0x08002bd8   0x08002bd8   0x000000b0   Code   RO         3485    i.vTaskStartScheduler  tasks.o
    0x08002c88   0x08002c88   0x00000010   Code   RO         3487    i.vTaskSuspendAll   tasks.o
    0x08002c98   0x08002c98   0x0000008c   Code   RO         3488    i.vTaskSwitchContext  tasks.o
    0x08002d24   0x08002d24   0x000000f8   Code   RO         4228    i.xPortStartScheduler  port.o
    0x08002e1c   0x08002e1c   0x0000005c   Code   RO         3124    i.xQueueCreateCountingSemaphore  queue.o
    0x08002e78   0x08002e78   0x00000064   Code   RO         3125    i.xQueueCreateCountingSemaphoreStatic  queue.o
    0x08002edc   0x08002edc   0x00000022   Code   RO         3126    i.xQueueCreateMutex  queue.o
    0x08002efe   0x08002efe   0x0000002a   Code   RO         3127    i.xQueueCreateMutexStatic  queue.o
    0x08002f28   0x08002f28   0x0000005a   Code   RO         3128    i.xQueueGenericCreate  queue.o
    0x08002f82   0x08002f82   0x000000e0   Code   RO         3129    i.xQueueGenericCreateStatic  queue.o
    0x08003062   0x08003062   0x00000002   PAD
    0x08003064   0x08003064   0x00000098   Code   RO         3130    i.xQueueGenericReset  queue.o
    0x080030fc   0x080030fc   0x000001a8   Code   RO         3131    i.xQueueGenericSend  queue.o
    0x080032a4   0x080032a4   0x000000e0   Code   RO         3133    i.xQueueGiveFromISR  queue.o
    0x08003384   0x08003384   0x000000ca   Code   RO         3139    i.xQueueReceiveFromISR  queue.o
    0x0800344e   0x0800344e   0x00000002   PAD
    0x08003450   0x08003450   0x000001b8   Code   RO         3140    i.xQueueSemaphoreTake  queue.o
    0x08003608   0x08003608   0x0000008c   Code   RO         3490    i.xTaskCheckForTimeOut  tasks.o
    0x08003694   0x08003694   0x00000064   Code   RO         3491    i.xTaskCreate       tasks.o
    0x080036f8   0x080036f8   0x000000ba   Code   RO         3492    i.xTaskCreateStatic  tasks.o
    0x080037b2   0x080037b2   0x00000002   PAD
    0x080037b4   0x080037b4   0x00000020   Code   RO         3496    i.xTaskGetSchedulerState  tasks.o
    0x080037d4   0x080037d4   0x00000148   Code   RO         3499    i.xTaskIncrementTick  tasks.o
    0x0800391c   0x0800391c   0x000000c8   Code   RO         3502    i.xTaskPriorityDisinherit  tasks.o
    0x080039e4   0x080039e4   0x000000b8   Code   RO         3503    i.xTaskPriorityInherit  tasks.o
    0x08003a9c   0x08003a9c   0x00000098   Code   RO         3504    i.xTaskRemoveFromEventList  tasks.o
    0x08003b34   0x08003b34   0x00000104   Code   RO         3505    i.xTaskResumeAll    tasks.o
    0x08003c38   0x08003c38   0x00000074   Data   RO          281    .constdata          freertos.o
    0x08003cac   0x08003cac   0x00000012   Data   RO         1740    .constdata          stm32f1xx_hal_rcc.o
    0x08003cbe   0x08003cbe   0x00000018   Data   RO         2934    .constdata          system_stm32f1xx.o
    0x08003cd6   0x08003cd6   0x00000002   PAD
    0x08003cd8   0x08003cd8   0x00000014   Data   RO          282    .conststring        freertos.o
    0x08003cec   0x08003cec   0x00000020   Data   RO         4610    Region$$Table       anon$$obj.o


    Execution Region RW_IRAM1 (Exec base: 0x20000000, Load base: 0x08003d0c, Size: 0x00001880, Max: 0x00005000, ABSOLUTE)

    Exec Addr    Load Addr    Size         Type   Attr      Idx    E Section Name        Object

    0x20000000   0x08003d0c   0x00000001   Data   RW          206    .data               gpio.o
    0x20000001   0x08003d0d   0x00000003   PAD
    0x20000004   0x08003d10   0x00000028   Data   RW          283    .data               freertos.o
    0x2000002c   0x08003d38   0x00000004   Data   RW          395    .data               stm32f1xx_it.o
    0x20000030   0x08003d3c   0x00000009   Data   RW         1576    .data               stm32f1xx_hal.o
    0x20000039   0x08003d45   0x00000003   PAD
    0x2000003c   0x08003d48   0x00000004   Data   RW         2935    .data               system_stm32f1xx.o
    0x20000040   0x08003d4c   0x0000003c   Data   RW         3508    .data               tasks.o
    0x2000007c   0x08003d88   0x00000020   Data   RW         4161    .data               heap_4.o
    0x2000009c   0x08003da8   0x0000000c   Data   RW         4229    .data               port.o
    0x200000a8   0x08003db4   0x00000004   Data   RW         4586    .data               mc_w.l(stdout.o)
    0x200000ac        -       0x00000254   Zero   RW          280    .bss                freertos.o
    0x20000300        -       0x00000048   Zero   RW          341    .bss                usart.o
    0x20000348        -       0x00000048   Zero   RW          495    .bss                stm32f1xx_hal_timebase_tim.o
    0x20000390        -       0x000000f0   Zero   RW         3507    .bss                tasks.o
    0x20000480        -       0x00001000   Zero   RW         4160    .bss                heap_4.o
    0x20001480        -       0x00000400   Zero   RW            1    STACK               startup_stm32f103xb.o


==============================================================================

Image component sizes


      Code (inc. data)   RO Data    RW Data    ZI Data      Debug   Object Name

       508          8          0          0          0      31530   cmsis_os.o
         0          0          0          0          0      20088   event_groups.o
       550        112        136         40        596       4408   freertos.o
       428         32          0          1          0       2352   gpio.o
       724         74          0         32       4096       7383   heap_4.o
       148          0          0          0          0       3466   list.o
       188         28          0          0          0     461816   main.o
       854         78          0         12          0      11321   port.o
      2504         16          0          0          0      23165   queue.o
        36          8        236          0       1024        808   startup_stm32f103xb.o
        76         20          0          9          0       4674   stm32f1xx_hal.o
       252         22          0          0          0      28722   stm32f1xx_hal_cortex.o
       840         38          0          0          0       3299   stm32f1xx_hal_gpio.o
        96         10          0          0          0        906   stm32f1xx_hal_msp.o
      1816        108         18          0          0       6641   stm32f1xx_hal_rcc.o
       728         26          0          0          0       6346   stm32f1xx_hal_tim.o
         4          0          0          0          0       1569   stm32f1xx_hal_tim_ex.o
       160         22          0          0         72       1447   stm32f1xx_hal_timebase_tim.o
       808          4          0          0          0       4416   stm32f1xx_hal_uart.o
       416        138          0          4          0       4775   stm32f1xx_it.o
         0          0          0          0          0        408   stream_buffer.o
         2          0         24          4          0       1139   system_stm32f1xx.o
      3218        370          0         60        240      27881   tasks.o
       220         30          0          0         72       2270   usart.o

    ----------------------------------------------------------------------
     14600       1144        448        168       6100     660830   Object Totals
         0          0         32          0          0          0   (incl. Generated)
        24          0          2          6          0          0   (incl. Padding)

    ----------------------------------------------------------------------

      Code (inc. data)   RO Data    RW Data    ZI Data      Debug   Library Member Name

         0          0          0          0          0          0   entry.o
         0          0          0          0          0          0   entry10a.o
         0          0          0          0          0          0   entry11a.o
         4          0          0          0          0          0   entry12b.o
         8          4          0          0          0          0   entry2.o
         4          0          0          0          0          0   entry5.o
         0          0          0          0          0          0   entry7b.o
         0          0          0          0          0          0   entry8b.o
         8          4          0          0          0          0   entry9a.o
        30          0          0          0          0          0   handlers.o
        36          8          0          0          0         68   init.o
        36          0          0          0          0         68   memcpya.o
        36          0          0          0          0        108   memseta.o
       372         14          0          0          0        184   printf1.o
         0          0          0          4          0          0   stdout.o
        44          0          0          0          0         80   uidiv.o

    ----------------------------------------------------------------------
       580         30          0          4          0        508   Library Totals
         2          0          0          0          0          0   (incl. Padding)

    ----------------------------------------------------------------------

      Code (inc. data)   RO Data    RW Data    ZI Data      Debug   Library Name

       578         30          0          4          0        508   mc_w.l

    ----------------------------------------------------------------------
       580         30          0          4          0        508   Library Totals

    ----------------------------------------------------------------------

==============================================================================


      Code (inc. data)   RO Data    RW Data    ZI Data      Debug   

     15180       1174        448        172       6100     654366   Grand Totals
     15180       1174        448        172       6100     654366   ELF Image Totals
     15180       1174        448        172          0          0   ROM Totals

==============================================================================

    Total RO  Size (Code + RO Data)                15628 (  15.26kB)
    Total RW  Size (RW Data + ZI Data)              6272 (   6.13kB)
    Total ROM Size (Code + RO Data + RW Data)      15800 (  15.43kB)

==============================================================================

