Component: ARM Compiler 5.06 update 7 (build 960) Tool: armlink [4d3601]

==============================================================================

Section Cross References

    startup_stm32f103xb.o(RESET) refers to startup_stm32f103xb.o(STACK) for __initial_sp
    startup_stm32f103xb.o(RESET) refers to startup_stm32f103xb.o(.text) for Reset_Handler
    startup_stm32f103xb.o(RESET) refers to stm32f1xx_it.o(i.NMI_Handler) for NMI_Handler
    startup_stm32f103xb.o(RESET) refers to stm32f1xx_it.o(i.HardFault_Handler) for HardFault_Handler
    startup_stm32f103xb.o(RESET) refers to stm32f1xx_it.o(i.MemManage_Handler) for MemManage_Handler
    startup_stm32f103xb.o(RESET) refers to stm32f1xx_it.o(i.BusFault_Handler) for BusFault_Handler
    startup_stm32f103xb.o(RESET) refers to stm32f1xx_it.o(i.UsageFault_Handler) for UsageFault_Handler
    startup_stm32f103xb.o(RESET) refers to port.o(.emb_text) for SVC_Handler
    startup_stm32f103xb.o(RESET) refers to stm32f1xx_it.o(i.DebugMon_Handler) for DebugMon_Handler
    startup_stm32f103xb.o(RESET) refers to port.o(i.SysTick_Handler) for SysTick_Handler
    startup_stm32f103xb.o(RESET) refers to stm32f1xx_it.o(i.EXTI9_5_IRQHandler) for EXTI9_5_IRQHandler
    startup_stm32f103xb.o(RESET) refers to stm32f1xx_it.o(i.TIM1_UP_IRQHandler) for TIM1_UP_IRQHandler
    startup_stm32f103xb.o(RESET) refers to stm32f1xx_it.o(i.EXTI15_10_IRQHandler) for EXTI15_10_IRQHandler
    startup_stm32f103xb.o(.text) refers to system_stm32f1xx.o(i.SystemInit) for SystemInit
    startup_stm32f103xb.o(.text) refers to entry.o(.ARM.Collect$$$$00000000) for __main
    main.o(i.HAL_TIM_PeriodElapsedCallback) refers to stm32f1xx_hal.o(i.HAL_IncTick) for HAL_IncTick
    main.o(i.SystemClock_Config) refers to memseta.o(.text) for __aeabi_memclr4
    main.o(i.SystemClock_Config) refers to stm32f1xx_hal_rcc.o(i.HAL_RCC_OscConfig) for HAL_RCC_OscConfig
    main.o(i.SystemClock_Config) refers to stm32f1xx_hal_rcc.o(i.HAL_RCC_ClockConfig) for HAL_RCC_ClockConfig
    main.o(i.main) refers to stm32f1xx_hal.o(i.HAL_Init) for HAL_Init
    main.o(i.main) refers to main.o(i.SystemClock_Config) for SystemClock_Config
    main.o(i.main) refers to gpio.o(i.MX_GPIO_Init) for MX_GPIO_Init
    main.o(i.main) refers to usart.o(i.MX_USART1_UART_Init) for MX_USART1_UART_Init
    main.o(i.main) refers to printfb.o(i.__0printf$bare) for __2printf
    main.o(i.main) refers to freertos.o(i.MX_FREERTOS_Init) for MX_FREERTOS_Init
    main.o(i.main) refers to cmsis_os.o(i.osKernelStart) for osKernelStart
    gpio.o(i.BEEP_Control) refers to stm32f1xx_hal_gpio.o(i.HAL_GPIO_WritePin) for HAL_GPIO_WritePin
    gpio.o(i.BEEP_Test) refers to gpio.o(i.BEEP_Control) for BEEP_Control
    gpio.o(i.BEEP_Test) refers to stm32f1xx_hal.o(i.HAL_Delay) for HAL_Delay
    gpio.o(i.KEY_Scan) refers to stm32f1xx_hal_gpio.o(i.HAL_GPIO_ReadPin) for HAL_GPIO_ReadPin
    gpio.o(i.KEY_Test) refers to gpio.o(i.KEY_Scan) for KEY_Scan
    gpio.o(i.KEY_Test) refers to gpio.o(i.BEEP_Control) for BEEP_Control
    gpio.o(i.KEY_Test) refers to gpio.o(i.LED_Control) for LED_Control
    gpio.o(i.LED_Control) refers to stm32f1xx_hal_gpio.o(i.HAL_GPIO_WritePin) for HAL_GPIO_WritePin
    gpio.o(i.LED_Test) refers to gpio.o(i.LED_Control) for LED_Control
    gpio.o(i.LED_Test) refers to stm32f1xx_hal.o(i.HAL_Delay) for HAL_Delay
    gpio.o(i.MX_GPIO_Init) refers to stm32f1xx_hal_gpio.o(i.HAL_GPIO_WritePin) for HAL_GPIO_WritePin
    gpio.o(i.MX_GPIO_Init) refers to stm32f1xx_hal_gpio.o(i.HAL_GPIO_Init) for HAL_GPIO_Init
    gpio.o(i.MX_GPIO_Init) refers to stm32f1xx_hal_cortex.o(i.HAL_NVIC_SetPriority) for HAL_NVIC_SetPriority
    gpio.o(i.MX_GPIO_Init) refers to stm32f1xx_hal_cortex.o(i.HAL_NVIC_EnableIRQ) for HAL_NVIC_EnableIRQ
    gpio.o(i.RELAY_Control) refers to stm32f1xx_hal_gpio.o(i.HAL_GPIO_WritePin) for HAL_GPIO_WritePin
    gpio.o(i.RELAY_Test) refers to gpio.o(i.RELAY_Control) for RELAY_Control
    gpio.o(i.RELAY_Test) refers to stm32f1xx_hal.o(i.HAL_Delay) for HAL_Delay
    freertos.o(i.MX_FREERTOS_Init) refers to cmsis_os.o(i.osMutexCreate) for osMutexCreate
    freertos.o(i.MX_FREERTOS_Init) refers to cmsis_os.o(i.osSemaphoreCreate) for osSemaphoreCreate
    freertos.o(i.MX_FREERTOS_Init) refers to cmsis_os.o(i.osSemaphoreWait) for osSemaphoreWait
    freertos.o(i.MX_FREERTOS_Init) refers to cmsis_os.o(i.osMessageCreate) for osMessageCreate
    freertos.o(i.MX_FREERTOS_Init) refers to memcpya.o(.text) for __aeabi_memcpy4
    freertos.o(i.MX_FREERTOS_Init) refers to cmsis_os.o(i.osThreadCreate) for osThreadCreate
    freertos.o(i.MX_FREERTOS_Init) refers to freertos.o(.data) for .data
    freertos.o(i.MX_FREERTOS_Init) refers to freertos.o(.constdata) for .constdata
    freertos.o(i.TaskBEEP) refers to cmsis_os.o(i.osMutexWait) for osMutexWait
    freertos.o(i.TaskBEEP) refers to printfb.o(i.__0printf$bare) for __2printf
    freertos.o(i.TaskBEEP) refers to cmsis_os.o(i.osMutexRelease) for osMutexRelease
[...]
    Removing stm32f1xx_hal_exti.o(i.HAL_EXTI_RegisterCallback), (14 bytes).
    Removing stm32f1xx_hal_exti.o(i.HAL_EXTI_SetConfigLine), (164 bytes).
    Removing stm32f1xx_hal_uart.o(.rev16_text), (4 bytes).
    Removing stm32f1xx_hal_uart.o(.revsh_text), (4 bytes).
    Removing stm32f1xx_hal_uart.o(.rrx_text), (6 bytes).
    Removing stm32f1xx_hal_uart.o(i.HAL_HalfDuplex_EnableReceiver), (50 bytes).
    Removing stm32f1xx_hal_uart.o(i.HAL_HalfDuplex_EnableTransmitter), (50 bytes).
    Removing stm32f1xx_hal_uart.o(i.HAL_HalfDuplex_Init), (110 bytes).
    Removing stm32f1xx_hal_uart.o(i.HAL_LIN_Init), (130 bytes).
    Removing stm32f1xx_hal_uart.o(i.HAL_LIN_SendBreak), (60 bytes).
    Removing stm32f1xx_hal_uart.o(i.HAL_MultiProcessor_EnterMuteMode), (62 bytes).
    Removing stm32f1xx_hal_uart.o(i.HAL_MultiProcessor_ExitMuteMode), (62 bytes).
    Removing stm32f1xx_hal_uart.o(i.HAL_MultiProcessor_Init), (144 bytes).
    Removing stm32f1xx_hal_uart.o(i.HAL_UARTEx_GetRxEventType), (4 bytes).
    Removing stm32f1xx_hal_uart.o(i.HAL_UARTEx_ReceiveToIdle), (240 bytes).
    Removing stm32f1xx_hal_uart.o(i.HAL_UARTEx_ReceiveToIdle_DMA), (74 bytes).
    Removing stm32f1xx_hal_uart.o(i.HAL_UARTEx_ReceiveToIdle_IT), (78 bytes).
    Removing stm32f1xx_hal_uart.o(i.HAL_UARTEx_RxEventCallback), (2 bytes).
    Removing stm32f1xx_hal_uart.o(i.HAL_UART_Abort), (210 bytes).
    Removing stm32f1xx_hal_uart.o(i.HAL_UART_AbortCpltCallback), (2 bytes).
    Removing stm32f1xx_hal_uart.o(i.HAL_UART_AbortReceive), (148 bytes).
    Removing stm32f1xx_hal_uart.o(i.HAL_UART_AbortReceiveCpltCallback), (2 bytes).
    Removing stm32f1xx_hal_uart.o(i.HAL_UART_AbortReceive_IT), (152 bytes).
    Removing stm32f1xx_hal_uart.o(i.HAL_UART_AbortTransmit), (98 bytes).
    Removing stm32f1xx_hal_uart.o(i.HAL_UART_AbortTransmitCpltCallback), (2 bytes).
    Removing stm32f1xx_hal_uart.o(i.HAL_UART_AbortTransmit_IT), (104 bytes).
    Removing stm32f1xx_hal_uart.o(i.HAL_UART_Abort_IT), (244 bytes).
    Removing stm32f1xx_hal_uart.o(i.HAL_UART_DMAPause), (120 bytes).
    Removing stm32f1xx_hal_uart.o(i.HAL_UART_DMAResume), (114 bytes).
    Removing stm32f1xx_hal_uart.o(i.HAL_UART_DMAStop), (112 bytes).
    Removing stm32f1xx_hal_uart.o(i.HAL_UART_DeInit), (54 bytes).
    Removing stm32f1xx_hal_uart.o(i.HAL_UART_ErrorCallback), (2 bytes).
    Removing stm32f1xx_hal_uart.o(i.HAL_UART_GetError), (4 bytes).
    Removing stm32f1xx_hal_uart.o(i.HAL_UART_GetState), (10 bytes).
    Removing stm32f1xx_hal_uart.o(i.HAL_UART_IRQHandler), (620 bytes).
    Removing stm32f1xx_hal_uart.o(i.HAL_UART_MspDeInit), (2 bytes).
    Removing stm32f1xx_hal_uart.o(i.HAL_UART_MspInit), (2 bytes).
    Removing stm32f1xx_hal_uart.o(i.HAL_UART_Receive), (176 bytes).
    Removing stm32f1xx_hal_uart.o(i.HAL_UART_Receive_DMA), (28 bytes).
    Removing stm32f1xx_hal_uart.o(i.HAL_UART_Receive_IT), (28 bytes).
    Removing stm32f1xx_hal_uart.o(i.HAL_UART_RxCpltCallback), (2 bytes).
    Removing stm32f1xx_hal_uart.o(i.HAL_UART_RxHalfCpltCallback), (2 bytes).
    Removing stm32f1xx_hal_uart.o(i.HAL_UART_Transmit_DMA), (120 bytes).
    Removing stm32f1xx_hal_uart.o(i.HAL_UART_Transmit_IT), (50 bytes).
    Removing stm32f1xx_hal_uart.o(i.HAL_UART_TxCpltCallback), (2 bytes).
    Removing stm32f1xx_hal_uart.o(i.HAL_UART_TxHalfCpltCallback), (2 bytes).
    Removing stm32f1xx_hal_uart.o(i.UART_DMAAbortOnError), (16 bytes).
    Removing stm32f1xx_hal_uart.o(i.UART_DMAError), (74 bytes).
    Removing stm32f1xx_hal_uart.o(i.UART_DMAReceiveCplt), (134 bytes).
    Removing stm32f1xx_hal_uart.o(i.UART_DMARxAbortCallback), (44 bytes).
    Removing stm32f1xx_hal_uart.o(i.UART_DMARxHalfCplt), (30 bytes).
    Removing stm32f1xx_hal_uart.o(i.UART_DMARxOnlyAbortCallback), (22 bytes).
    Removing stm32f1xx_hal_uart.o(i.UART_DMATransmitCplt), (66 bytes).
    Removing stm32f1xx_hal_uart.o(i.UART_DMATxAbortCallback), (44 bytes).
    Removing stm32f1xx_hal_uart.o(i.UART_DMATxHalfCplt), (10 bytes).
    Removing stm32f1xx_hal_uart.o(i.UART_DMATxOnlyAbortCallback), (20 bytes).
    Removing stm32f1xx_hal_uart.o(i.UART_EndTxTransfer), (28 bytes).
    Removing stm32f1xx_hal_uart.o(i.UART_Receive_IT), (194 bytes).
    Removing stm32f1xx_hal_uart.o(i.UART_Start_Receive_DMA), (144 bytes).
    Removing stm32f1xx_hal_uart.o(i.UART_Start_Receive_IT), (54 bytes).
    Removing system_stm32f1xx.o(.rev16_text), (4 bytes).
    Removing system_stm32f1xx.o(.revsh_text), (4 bytes).
    Removing system_stm32f1xx.o(.rrx_text), (6 bytes).
    Removing system_stm32f1xx.o(i.SystemCoreClockUpdate), (104 bytes).
    Removing event_groups.o(i.prvTestWaitCondition), (20 bytes).
    Removing event_groups.o(i.vEventGroupClearBitsCallback), (4 bytes).
    Removing event_groups.o(i.vEventGroupDelete), (74 bytes).
    Removing event_groups.o(i.vEventGroupSetBitsCallback), (4 bytes).
    Removing event_groups.o(i.xEventGroupClearBits), (64 bytes).
    Removing event_groups.o(i.xEventGroupCreate), (28 bytes).
    Removing event_groups.o(i.xEventGroupCreateStatic), (44 bytes).
    Removing event_groups.o(i.xEventGroupGetBitsFromISR), (26 bytes).
    Removing event_groups.o(i.xEventGroupSetBits), (140 bytes).
    Removing event_groups.o(i.xEventGroupSync), (204 bytes).
    Removing event_groups.o(i.xEventGroupWaitBits), (264 bytes).
    Removing queue.o(i.pcQueueGetName), (40 bytes).
    Removing queue.o(i.uxQueueMessagesWaiting), (36 bytes).
    Removing queue.o(i.uxQueueMessagesWaitingFromISR), (22 bytes).
    Removing queue.o(i.uxQueueSpacesAvailable), (40 bytes).
    Removing queue.o(i.vQueueAddToRegistry), (40 bytes).
    Removing queue.o(i.vQueueDelete), (46 bytes).
    Removing queue.o(i.vQueueUnregisterQueue), (40 bytes).
    Removing queue.o(i.xQueueGenericSendFromISR), (190 bytes).
    Removing queue.o(i.xQueueIsQueueEmptyFromISR), (30 bytes).
    Removing queue.o(i.xQueueIsQueueFullFromISR), (34 bytes).
    Removing queue.o(i.xQueuePeek), (308 bytes).
    Removing queue.o(i.xQueuePeekFromISR), (116 bytes).
    Removing queue.o(i.xQueueReceive), (312 bytes).
    Removing queue.o(.bss), (64 bytes).
    Removing stream_buffer.o(i.prvBytesInBuffer), (18 bytes).
    Removing stream_buffer.o(i.prvInitialiseNewStreamBuffer), (66 bytes).
    Removing stream_buffer.o(i.prvReadBytesFromBuffer), (140 bytes).
    Removing stream_buffer.o(i.prvReadMessageFromBuffer), (58 bytes).
    Removing stream_buffer.o(i.prvWriteBytesToBuffer), (130 bytes).
    Removing stream_buffer.o(i.prvWriteMessageToBuffer), (60 bytes).
    Removing stream_buffer.o(i.vStreamBufferDelete), (34 bytes).
    Removing stream_buffer.o(i.xStreamBufferBytesAvailable), (22 bytes).
    Removing stream_buffer.o(i.xStreamBufferGenericCreate), (108 bytes).
    Removing stream_buffer.o(i.xStreamBufferGenericCreateStatic), (122 bytes).
    Removing stream_buffer.o(i.xStreamBufferIsEmpty), (34 bytes).
    Removing stream_buffer.o(i.xStreamBufferIsFull), (48 bytes).
    Removing stream_buffer.o(i.xStreamBufferNextMessageLengthBytes), (78 bytes).
    Removing stream_buffer.o(i.xStreamBufferReceive), (212 bytes).
    Removing stream_buffer.o(i.xStreamBufferReceiveCompletedFromISR), (70 bytes).
    Removing stream_buffer.o(i.xStreamBufferReceiveFromISR), (144 bytes).
    Removing stream_buffer.o(i.xStreamBufferReset), (66 bytes).
    Removing stream_buffer.o(i.xStreamBufferSend), (258 bytes).
    Removing stream_buffer.o(i.xStreamBufferSendCompletedFromISR), (70 bytes).
    Removing stream_buffer.o(i.xStreamBufferSendFromISR), (142 bytes).
    Removing stream_buffer.o(i.xStreamBufferSetTriggerLevel), (40 bytes).
    Removing stream_buffer.o(i.xStreamBufferSpacesAvailable), (38 bytes).
    Removing tasks.o(i.pcTaskGetName), (32 bytes).
    Removing tasks.o(i.prvTaskIsTaskSuspended), (52 bytes).
    Removing tasks.o(i.ulTaskNotifyTake), (104 bytes).
    Removing tasks.o(i.ulTaskNotifyValueClear), (44 bytes).
    Removing tasks.o(i.uxTaskGetNumberOfTasks), (12 bytes).
    Removing tasks.o(i.uxTaskPriorityGet), (28 bytes).
    Removing tasks.o(i.uxTaskPriorityGetFromISR), (44 bytes).
    Removing tasks.o(i.uxTaskResetEventItemValue), (24 bytes).
    Removing tasks.o(i.vTaskDelete), (172 bytes).
    Removing tasks.o(i.vTaskEndScheduler), (28 bytes).
    Removing tasks.o(i.vTaskNotifyGiveFromISR), (180 bytes).
    Removing tasks.o(i.vTaskPlaceOnUnorderedEventList), (80 bytes).
    Removing tasks.o(i.vTaskPrioritySet), (196 bytes).
    Removing tasks.o(i.vTaskRemoveFromUnorderedEventList), (112 bytes).
    Removing tasks.o(i.vTaskResume), (124 bytes).
    Removing tasks.o(i.vTaskSetTimeOutState), (48 bytes).
    Removing tasks.o(i.vTaskSuspend), (188 bytes).
    Removing tasks.o(i.xTaskCatchUpTicks), (48 bytes).
    Removing tasks.o(i.xTaskGenericNotify), (224 bytes).
    Removing tasks.o(i.xTaskGenericNotifyFromISR), (260 bytes).
    Removing tasks.o(i.xTaskGetCurrentTaskHandle), (12 bytes).
    Removing tasks.o(i.xTaskGetTickCount), (12 bytes).
    Removing tasks.o(i.xTaskGetTickCountFromISR), (16 bytes).
    Removing tasks.o(i.xTaskNotifyStateClear), (52 bytes).
    Removing tasks.o(i.xTaskNotifyWait), (140 bytes).
    Removing tasks.o(i.xTaskResumeFromISR), (136 bytes).
    Removing cmsis_os.o(.rev16_text), (4 bytes).
    Removing cmsis_os.o(.revsh_text), (4 bytes).
    Removing cmsis_os.o(.rrx_text), (6 bytes).
    Removing cmsis_os.o(i.makeCmsisPriority), (14 bytes).
    Removing cmsis_os.o(i.osAbortDelay), (4 bytes).
    Removing cmsis_os.o(i.osDelayUntil), (4 bytes).
    Removing cmsis_os.o(i.osKernelRunning), (18 bytes).
    Removing cmsis_os.o(i.osKernelSysTick), (24 bytes).
    Removing cmsis_os.o(i.osMailAlloc), (12 bytes).
    Removing cmsis_os.o(i.osMailCAlloc), (32 bytes).
    Removing cmsis_os.o(i.osMailCreate), (92 bytes).
    Removing cmsis_os.o(i.osMailFree), (12 bytes).
    Removing cmsis_os.o(i.osMailGet), (144 bytes).
    Removing cmsis_os.o(i.osMailPut), (92 bytes).
    Removing cmsis_os.o(i.osMessageAvailableSpace), (4 bytes).
    Removing cmsis_os.o(i.osMessageDelete), (24 bytes).
    Removing cmsis_os.o(i.osMessageGet), (148 bytes).
    Removing cmsis_os.o(i.osMessagePeek), (74 bytes).
    Removing cmsis_os.o(i.osMessagePut), (92 bytes).
    Removing cmsis_os.o(i.osMessageWaiting), (30 bytes).
    Removing cmsis_os.o(i.osMutexDelete), (24 bytes).
    Removing cmsis_os.o(i.osPoolAlloc), (106 bytes).
    Removing cmsis_os.o(i.osPoolCAlloc), (16 bytes).
    Removing cmsis_os.o(i.osPoolCreate), (94 bytes).
    Removing cmsis_os.o(i.osPoolFree), (48 bytes).
    Removing cmsis_os.o(i.osRecursiveMutexCreate), (4 bytes).
    Removing cmsis_os.o(i.osRecursiveMutexRelease), (4 bytes).
    Removing cmsis_os.o(i.osRecursiveMutexWait), (4 bytes).
    Removing cmsis_os.o(i.osSemaphoreDelete), (24 bytes).
    Removing cmsis_os.o(i.osSemaphoreGetCount), (4 bytes).
    Removing cmsis_os.o(i.osSignalSet), (92 bytes).
    Removing cmsis_os.o(i.osSignalWait), (86 bytes).
    Removing cmsis_os.o(i.osSystickHandler), (20 bytes).
    Removing cmsis_os.o(i.osThreadGetId), (4 bytes).
    Removing cmsis_os.o(i.osThreadGetPriority), (32 bytes).
    Removing cmsis_os.o(i.osThreadList), (4 bytes).
    Removing cmsis_os.o(i.osThreadResume), (52 bytes).
    Removing cmsis_os.o(i.osThreadResumeAll), (18 bytes).
    Removing cmsis_os.o(i.osThreadSetPriority), (22 bytes).
    Removing cmsis_os.o(i.osThreadSuspend), (10 bytes).
    Removing cmsis_os.o(i.osThreadSuspendAll), (10 bytes).
    Removing cmsis_os.o(i.osThreadTerminate), (10 bytes).
    Removing cmsis_os.o(i.osThreadYield), (24 bytes).
    Removing cmsis_os.o(i.osTimerCreate), (4 bytes).
    Removing cmsis_os.o(i.osTimerDelete), (4 bytes).
    Removing cmsis_os.o(i.osTimerStart), (4 bytes).
    Removing cmsis_os.o(i.osTimerStop), (4 bytes).
    Removing heap_4.o(i.vPortGetHeapStats), (108 bytes).
    Removing heap_4.o(i.vPortInitialiseBlocks), (2 bytes).
    Removing heap_4.o(i.xPortGetFreeHeapSize), (12 bytes).
    Removing heap_4.o(i.xPortGetMinimumEverFreeHeapSize), (12 bytes).
    Removing port.o(i.vPortEndScheduler), (32 bytes).
    Removing dadd.o(.text), (334 bytes).
    Removing dmul.o(.text), (228 bytes).
    Removing ddiv.o(.text), (222 bytes).
    Removing dfixul.o(.text), (48 bytes).
    Removing cdrcmple.o(.text), (48 bytes).
    Removing depilogue.o(.text), (186 bytes).

532 unused section(s) (total 36724 bytes) removed from the image.

==============================================================================

Image Symbol Table

    Local Symbols

    Symbol Name                              Value     Ov Type        Size  Object(Section)

    ../Core/Src/freertos.c                   0x00000000   Number         0  freertos.o ABSOLUTE
    ../Core/Src/gpio.c                       0x00000000   Number         0  gpio.o ABSOLUTE
    ../Core/Src/main.c                       0x00000000   Number         0  main.o ABSOLUTE
    ../Core/Src/stm32f1xx_hal_msp.c          0x00000000   Number         0  stm32f1xx_hal_msp.o ABSOLUTE
    ../Core/Src/stm32f1xx_hal_timebase_tim.c 0x00000000   Number         0  stm32f1xx_hal_timebase_tim.o ABSOLUTE
    ../Core/Src/stm32f1xx_it.c               0x00000000   Number         0  stm32f1xx_it.o ABSOLUTE
    ../Core/Src/system_stm32f1xx.c           0x00000000   Number         0  system_stm32f1xx.o ABSOLUTE
    ../Core/Src/usart.c                      0x00000000   Number         0  usart.o ABSOLUTE
    ../Drivers/STM32F1xx_HAL_Driver/Src/stm32f1xx_hal.c 0x00000000   Number         0  stm32f1xx_hal.o ABSOLUTE
    ../Drivers/STM32F1xx_HAL_Driver/Src/stm32f1xx_hal_cortex.c 0x00000000   Number         0  stm32f1xx_hal_cortex.o ABSOLUTE
    ../Drivers/STM32F1xx_HAL_Driver/Src/stm32f1xx_hal_dma.c 0x00000000   Number         0  stm32f1xx_hal_dma.o ABSOLUTE
    ../Drivers/STM32F1xx_HAL_Driver/Src/stm32f1xx_hal_exti.c 0x00000000   Number         0  stm32f1xx_hal_exti.o ABSOLUTE
    ../Drivers/STM32F1xx_HAL_Driver/Src/stm32f1xx_hal_flash.c 0x00000000   Number         0  stm32f1xx_hal_flash.o ABSOLUTE
    ../Drivers/STM32F1xx_HAL_Driver/Src/stm32f1xx_hal_flash_ex.c 0x00000000   Number         0  stm32f1xx_hal_flash_ex.o ABSOLUTE
    ../Drivers/STM32F1xx_HAL_Driver/Src/stm32f1xx_hal_gpio.c 0x00000000   Number         0  stm32f1xx_hal_gpio.o ABSOLUTE
    ../Drivers/STM32F1xx_HAL_Driver/Src/stm32f1xx_hal_gpio_ex.c 0x00000000   Number         0  stm32f1xx_hal_gpio_ex.o ABSOLUTE
    ../Drivers/STM32F1xx_HAL_Driver/Src/stm32f1xx_hal_pwr.c 0x00000000   Number         0  stm32f1xx_hal_pwr.o ABSOLUTE
    ../Drivers/STM32F1xx_HAL_Driver/Src/stm32f1xx_hal_rcc.c 0x00000000   Number         0  stm32f1xx_hal_rcc.o ABSOLUTE
    ../Drivers/STM32F1xx_HAL_Driver/Src/stm32f1xx_hal_rcc_ex.c 0x00000000   Number         0  stm32f1xx_hal_rcc_ex.o ABSOLUTE
    ../Drivers/STM32F1xx_HAL_Driver/Src/stm32f1xx_hal_tim.c 0x00000000   Number         0  stm32f1xx_hal_tim.o ABSOLUTE
    ../Drivers/STM32F1xx_HAL_Driver/Src/stm32f1xx_hal_tim_ex.c 0x00000000   Number         0  stm32f1xx_hal_tim_ex.o ABSOLUTE
    ../Drivers/STM32F1xx_HAL_Driver/Src/stm32f1xx_hal_uart.c 0x00000000   Number         0  stm32f1xx_hal_uart.o ABSOLUTE
    ../Middlewares/Third_Party/FreeRTOS/Source/CMSIS_RTOS/cmsis_os.c 0x00000000   Number         0  cmsis_os.o ABSOLUTE
    ../Middlewares/Third_Party/FreeRTOS/Source/croutine.c 0x00000000   Number         0  croutine.o ABSOLUTE
    ../Middlewares/Third_Party/FreeRTOS/Source/event_groups.c 0x00000000   Number         0  event_groups.o ABSOLUTE
    ../Middlewares/Third_Party/FreeRTOS/Source/list.c 0x00000000   Number         0  list.o ABSOLUTE
    ../Middlewares/Third_Party/FreeRTOS/Source/portable/MemMang/heap_4.c 0x00000000   Number         0  heap_4.o ABSOLUTE
    ../Middlewares/Third_Party/FreeRTOS/Source/portable/RVDS/ARM_CM3/port.c 0x00000000   Number         0  port.o ABSOLUTE
    ../Middlewares/Third_Party/FreeRTOS/Source/queue.c 0x00000000   Number         0  queue.o ABSOLUTE
    ../Middlewares/Third_Party/FreeRTOS/Source/stream_buffer.c 0x00000000   Number         0  stream_buffer.o ABSOLUTE
    ../Middlewares/Third_Party/FreeRTOS/Source/tasks.c 0x00000000   Number         0  tasks.o ABSOLUTE
    ../Middlewares/Third_Party/FreeRTOS/Source/timers.c 0x00000000   Number         0  timers.o ABSOLUTE
    ../clib/microlib/division.c              0x00000000   Number         0  uidiv.o ABSOLUTE
    ../clib/microlib/division.c              0x00000000   Number         0  uldiv.o ABSOLUTE
    ../clib/microlib/init/entry.s            0x00000000   Number         0  entry.o ABSOLUTE
    ../clib/microlib/init/entry.s            0x00000000   Number         0  entry11b.o ABSOLUTE
    ../clib/microlib/init/entry.s            0x00000000   Number         0  entry12b.o ABSOLUTE
    ../clib/microlib/init/entry.s            0x00000000   Number         0  entry12a.o ABSOLUTE
    ../clib/microlib/init/entry.s            0x00000000   Number         0  entry11a.o ABSOLUTE
    ../clib/microlib/init/entry.s            0x00000000   Number         0  entry5.o ABSOLUTE
    ../clib/microlib/init/entry.s            0x00000000   Number         0  entry10b.o ABSOLUTE
    ../clib/microlib/init/entry.s            0x00000000   Number         0  entry10a.o ABSOLUTE
    ../clib/microlib/init/entry.s            0x00000000   Number         0  entry9b.o ABSOLUTE
    ../clib/microlib/init/entry.s            0x00000000   Number         0  entry9a.o ABSOLUTE
    ../clib/microlib/init/entry.s            0x00000000   Number         0  entry8b.o ABSOLUTE
    ../clib/microlib/init/entry.s            0x00000000   Number         0  entry2.o ABSOLUTE
    ../clib/microlib/init/entry.s            0x00000000   Number         0  entry8a.o ABSOLUTE
    ../clib/microlib/init/entry.s            0x00000000   Number         0  entry7b.o ABSOLUTE
    ../clib/microlib/init/entry.s            0x00000000   Number         0  entry7a.o ABSOLUTE
    ../clib/microlib/longlong.c              0x00000000   Number         0  llshl.o ABSOLUTE
    ../clib/microlib/longlong.c              0x00000000   Number         0  llsshr.o ABSOLUTE
    ../clib/microlib/longlong.c              0x00000000   Number         0  llushr.o ABSOLUTE
    ../clib/microlib/printf/printf.c         0x00000000   Number         0  printf1.o ABSOLUTE
    ../clib/microlib/printf/printf.c         0x00000000   Number         0  printf7.o ABSOLUTE
    ../clib/microlib/printf/printf.c         0x00000000   Number         0  printfa.o ABSOLUTE
    ../clib/microlib/printf/printf.c         0x00000000   Number         0  printf8.o ABSOLUTE
    ../clib/microlib/printf/printf.c         0x00000000   Number         0  printf6.o ABSOLUTE
    ../clib/microlib/printf/printf.c         0x00000000   Number         0  printf5.o ABSOLUTE
    ../clib/microlib/printf/printf.c         0x00000000   Number         0  printf4.o ABSOLUTE
    ../clib/microlib/printf/printf.c         0x00000000   Number         0  printf3.o ABSOLUTE
    ../clib/microlib/printf/printf.c         0x00000000   Number         0  printf2.o ABSOLUTE
    ../clib/microlib/printf/printf.c         0x00000000   Number         0  printf0.o ABSOLUTE
    ../clib/microlib/printf/printf.c         0x00000000   Number         0  printfb.o ABSOLUTE
    ../clib/microlib/stdio/streams.c         0x00000000   Number         0  stdout.o ABSOLUTE
    ../clib/microlib/string/memcpy.c         0x00000000   Number         0  memcpya.o ABSOLUTE
    ../clib/microlib/string/memcpy.c         0x00000000   Number         0  memcpyb.o ABSOLUTE
    ../clib/microlib/string/memset.c         0x00000000   Number         0  memset.o ABSOLUTE
    ../clib/microlib/string/memset.c         0x00000000   Number         0  memseta.o ABSOLUTE
    ../clib/microlib/stubs.s                 0x00000000   Number         0  iusefp.o ABSOLUTE
    ../fplib/microlib/fpadd.c                0x00000000   Number         0  dadd.o ABSOLUTE
    ../fplib/microlib/fpdiv.c                0x00000000   Number         0  ddiv.o ABSOLUTE
    ../fplib/microlib/fpepilogue.c           0x00000000   Number         0  depilogue.o ABSOLUTE
    ../fplib/microlib/fpfix.c                0x00000000   Number         0  dfixul.o ABSOLUTE
    ../fplib/microlib/fpmul.c                0x00000000   Number         0  dmul.o ABSOLUTE
    ..\Core\Src\freertos.c                   0x00000000   Number         0  freertos.o ABSOLUTE
    ..\Core\Src\gpio.c                       0x00000000   Number         0  gpio.o ABSOLUTE
    ..\Core\Src\main.c                       0x00000000   Number         0  main.o ABSOLUTE
    ..\Core\Src\stm32f1xx_hal_msp.c          0x00000000   Number         0  stm32f1xx_hal_msp.o ABSOLUTE
    ..\Core\Src\stm32f1xx_hal_timebase_tim.c 0x00000000   Number         0  stm32f1xx_hal_timebase_tim.o ABSOLUTE
    ..\Core\Src\stm32f1xx_it.c               0x00000000   Number         0  stm32f1xx_it.o ABSOLUTE
    ..\Core\Src\system_stm32f1xx.c           0x00000000   Number         0  system_stm32f1xx.o ABSOLUTE
    ..\Core\Src\usart.c                      0x00000000   Number         0  usart.o ABSOLUTE
    ..\Drivers\STM32F1xx_HAL_Driver\Src\stm32f1xx_hal.c 0x00000000   Number         0  stm32f1xx_hal.o ABSOLUTE
    ..\Drivers\STM32F1xx_HAL_Driver\Src\stm32f1xx_hal_cortex.c 0x00000000   Number         0  stm32f1xx_hal_cortex.o ABSOLUTE
    ..\Drivers\STM32F1xx_HAL_Driver\Src\stm32f1xx_hal_dma.c 0x00000000   Number         0  stm32f1xx_hal_dma.o ABSOLUTE
    ..\Drivers\STM32F1xx_HAL_Driver\Src\stm32f1xx_hal_exti.c 0x00000000   Number         0  stm32f1xx_hal_exti.o ABSOLUTE
    ..\Drivers\STM32F1xx_HAL_Driver\Src\stm32f1xx_hal_flash.c 0x00000000   Number         0  stm32f1xx_hal_flash.o ABSOLUTE
    ..\Drivers\STM32F1xx_HAL_Driver\Src\stm32f1xx_hal_flash_ex.c 0x00000000   Number         0  stm32f1xx_hal_flash_ex.o ABSOLUTE
    ..\Drivers\STM32F1xx_HAL_Driver\Src\stm32f1xx_hal_gpio.c 0x00000000   Number         0  stm32f1xx_hal_gpio.o ABSOLUTE
    ..\Drivers\STM32F1xx_HAL_Driver\Src\stm32f1xx_hal_gpio_ex.c 0x00000000   Number         0  stm32f1xx_hal_gpio_ex.o ABSOLUTE
    ..\Drivers\STM32F1xx_HAL_Driver\Src\stm32f1xx_hal_pwr.c 0x00000000   Number         0  stm32f1xx_hal_pwr.o ABSOLUTE
    ..\Drivers\STM32F1xx_HAL_Driver\Src\stm32f1xx_hal_rcc.c 0x00000000   Number         0  stm32f1xx_hal_rcc.o ABSOLUTE
    ..\Drivers\STM32F1xx_HAL_Driver\Src\stm32f1xx_hal_rcc_ex.c 0x00000000   Number         0  stm32f1xx_hal_rcc_ex.o ABSOLUTE
    ..\Drivers\STM32F1xx_HAL_Driver\Src\stm32f1xx_hal_tim.c 0x00000000   Number         0  stm32f1xx_hal_tim.o ABSOLUTE
    ..\Drivers\STM32F1xx_HAL_Driver\Src\stm32f1xx_hal_tim_ex.c 0x00000000   Number         0  stm32f1xx_hal_tim_ex.o ABSOLUTE
    ..\Drivers\STM32F1xx_HAL_Driver\Src\stm32f1xx_hal_uart.c 0x00000000   Number         0  stm32f1xx_hal_uart.o ABSOLUTE
    ..\Middlewares\Third_Party\FreeRTOS\Source\CMSIS_RTOS\cmsis_os.c 0x00000000   Number         0  cmsis_os.o ABSOLUTE
    ..\Middlewares\Third_Party\FreeRTOS\Source\portable\RVDS\ARM_CM3\port.c 0x00000000   Number         0  port.o ABSOLUTE
    cdrcmple.s                               0x00000000   Number         0  cdrcmple.o ABSOLUTE
    dc.s                                     0x00000000   Number         0  dc.o ABSOLUTE
    handlers.s                               0x00000000   Number         0  handlers.o ABSOLUTE
    init.s                                   0x00000000   Number         0  init.o ABSOLUTE
    startup_stm32f103xb.s                    0x00000000   Number         0  startup_stm32f103xb.o ABSOLUTE
    RESET                                    0x08000000   Section      236  startup_stm32f103xb.o(RESET)
    .ARM.Collect$$$$00000000                 0x080000ec   Section        0  entry.o(.ARM.Collect$$$$00000000)
    .ARM.Collect$$$$00000001                 0x080000ec   Section        4  entry2.o(.ARM.Collect$$$$00000001)
    .ARM.Collect$$$$00000004                 0x080000f0   Section        4  entry5.o(.ARM.Collect$$$$00000004)
    .ARM.Collect$$$$00000008                 0x080000f4   Section        0  entry7b.o(.ARM.Collect$$$$00000008)
    .ARM.Collect$$$$0000000A                 0x080000f4   Section        0  entry8b.o(.ARM.Collect$$$$0000000A)
    .ARM.Collect$$$$0000000B                 0x080000f4   Section        8  entry9a.o(.ARM.Collect$$$$0000000B)
    .ARM.Collect$$$$0000000E                 0x080000fc   Section        4  entry12b.o(.ARM.Collect$$$$0000000E)
    .ARM.Collect$$$$0000000F                 0x08000100   Section        0  entry10a.o(.ARM.Collect$$$$0000000F)
    .ARM.Collect$$$$00000011                 0x08000100   Section        0  entry11a.o(.ARM.Collect$$$$00000011)
    .ARM.Collect$$$$00002712                 0x08000100   Section        4  entry2.o(.ARM.Collect$$$$00002712)
    __lit__00000000                          0x08000100   Data           4  entry2.o(.ARM.Collect$$$$00002712)
    .emb_text                                0x08000104   Section      150  port.o(.emb_text)
    .text                                    0x0800019c   Section       36  startup_stm32f103xb.o(.text)
    .text                                    0x080001c0   Section        0  memcpya.o(.text)
    .text                                    0x080001e4   Section        0  memseta.o(.text)
    .text                                    0x08000208   Section       36  init.o(.text)
    i.BEEP_Control                           0x0800022c   Section        0  gpio.o(i.BEEP_Control)
    i.BusFault_Handler                       0x0800024c   Section        0  stm32f1xx_it.o(i.BusFault_Handler)
    i.DebugMon_Handler                       0x0800024e   Section        0  stm32f1xx_it.o(i.DebugMon_Handler)
    i.EXTI15_10_IRQHandler                   0x08000250   Section        0  stm32f1xx_it.o(i.EXTI15_10_IRQHandler)
    i.EXTI9_5_IRQHandler                     0x08000276   Section        0  stm32f1xx_it.o(i.EXTI9_5_IRQHandler)
    i.Error_Handler                          0x0800028a   Section        0  main.o(i.Error_Handler)
    i.HAL_GPIO_EXTI_Callback                 0x08000290   Section        0  stm32f1xx_it.o(i.HAL_GPIO_EXTI_Callback)
    i.HAL_GPIO_EXTI_IRQHandler               0x080003b0   Section        0  stm32f1xx_hal_gpio.o(i.HAL_GPIO_EXTI_IRQHandler)
    i.HAL_GPIO_Init                          0x080003c8   Section        0  stm32f1xx_hal_gpio.o(i.HAL_GPIO_Init)
    i.HAL_GPIO_WritePin                      0x080005a8   Section        0  stm32f1xx_hal_gpio.o(i.HAL_GPIO_WritePin)
    i.HAL_GetTick                            0x080005b4   Section        0  stm32f1xx_hal.o(i.HAL_GetTick)
    i.HAL_IncTick                            0x080005c0   Section        0  stm32f1xx_hal.o(i.HAL_IncTick)
    i.HAL_Init                               0x080005d0   Section        0  stm32f1xx_hal.o(i.HAL_Init)
    i.HAL_InitTick                           0x080005f4   Section        0  stm32f1xx_hal_timebase_tim.o(i.HAL_InitTick)
    i.HAL_MspInit                            0x08000680   Section        0  stm32f1xx_hal_msp.o(i.HAL_MspInit)
    i.HAL_NVIC_EnableIRQ                     0x080006c8   Section        0  stm32f1xx_hal_cortex.o(i.HAL_NVIC_EnableIRQ)
    i.HAL_NVIC_SetPriority                   0x080006e4   Section        0  stm32f1xx_hal_cortex.o(i.HAL_NVIC_SetPriority)
    i.HAL_NVIC_SetPriorityGrouping           0x08000724   Section        0  stm32f1xx_hal_cortex.o(i.HAL_NVIC_SetPriorityGrouping)
    i.HAL_RCC_ClockConfig                    0x08000748   Section        0  stm32f1xx_hal_rcc.o(i.HAL_RCC_ClockConfig)
    i.HAL_RCC_GetClockConfig                 0x08000874   Section        0  stm32f1xx_hal_rcc.o(i.HAL_RCC_GetClockConfig)
    i.HAL_RCC_GetPCLK1Freq                   0x080008b4   Section        0  stm32f1xx_hal_rcc.o(i.HAL_RCC_GetPCLK1Freq)
    i.HAL_RCC_GetPCLK2Freq                   0x080008d4   Section        0  stm32f1xx_hal_rcc.o(i.HAL_RCC_GetPCLK2Freq)
    i.HAL_RCC_GetSysClockFreq                0x080008f4   Section        0  stm32f1xx_hal_rcc.o(i.HAL_RCC_GetSysClockFreq)
    i.HAL_RCC_OscConfig                      0x08000940   Section        0  stm32f1xx_hal_rcc.o(i.HAL_RCC_OscConfig)
    i.HAL_TIMEx_BreakCallback                0x08000c60   Section        0  stm32f1xx_hal_tim_ex.o(i.HAL_TIMEx_BreakCallback)
    i.HAL_TIMEx_CommutCallback               0x08000c62   Section        0  stm32f1xx_hal_tim_ex.o(i.HAL_TIMEx_CommutCallback)
    i.HAL_TIM_Base_Init                      0x08000c64   Section        0  stm32f1xx_hal_tim.o(i.HAL_TIM_Base_Init)
    i.HAL_TIM_Base_MspInit                   0x08000cbe   Section        0  stm32f1xx_hal_tim.o(i.HAL_TIM_Base_MspInit)
    i.HAL_TIM_Base_Start_IT                  0x08000cc0   Section        0  stm32f1xx_hal_tim.o(i.HAL_TIM_Base_Start_IT)
    i.HAL_TIM_IC_CaptureCallback             0x08000d18   Section        0  stm32f1xx_hal_tim.o(i.HAL_TIM_IC_CaptureCallback)
    i.HAL_TIM_IRQHandler                     0x08000d1a   Section        0  stm32f1xx_hal_tim.o(i.HAL_TIM_IRQHandler)
    i.HAL_TIM_OC_DelayElapsedCallback        0x08000e4a   Section        0  stm32f1xx_hal_tim.o(i.HAL_TIM_OC_DelayElapsedCallback)
    i.HAL_TIM_PWM_PulseFinishedCallback      0x08000e4c   Section        0  stm32f1xx_hal_tim.o(i.HAL_TIM_PWM_PulseFinishedCallback)
    i.HAL_TIM_PeriodElapsedCallback          0x08000e50   Section        0  main.o(i.HAL_TIM_PeriodElapsedCallback)
    i.HAL_TIM_TriggerCallback                0x08000e64   Section        0  stm32f1xx_hal_tim.o(i.HAL_TIM_TriggerCallback)
    i.HAL_UART_Init                          0x08000e66   Section        0  stm32f1xx_hal_uart.o(i.HAL_UART_Init)
    i.HAL_UART_MspInit                       0x08000ecc   Section        0  usart.o(i.HAL_UART_MspInit)
    i.HAL_UART_Transmit                      0x08000f3c   Section        0  stm32f1xx_hal_uart.o(i.HAL_UART_Transmit)
    i.HardFault_Handler                      0x08000fdc   Section        0  stm32f1xx_it.o(i.HardFault_Handler)
    i.LED_Control                            0x08000fe0   Section        0  gpio.o(i.LED_Control)
    i.MX_FREERTOS_Init                       0x08001010   Section        0  freertos.o(i.MX_FREERTOS_Init)
    i.MX_GPIO_Init                           0x080010dc   Section        0  gpio.o(i.MX_GPIO_Init)
    i.MX_USART1_UART_Init                    0x080011dc   Section        0  usart.o(i.MX_USART1_UART_Init)
    i.MemManage_Handler                      0x08001214   Section        0  stm32f1xx_it.o(i.MemManage_Handler)
    i.NMI_Handler                            0x08001216   Section        0  stm32f1xx_it.o(i.NMI_Handler)
    i.SysTick_Handler                        0x08001218   Section        0  port.o(i.SysTick_Handler)
    i.SystemClock_Config                     0x08001244   Section        0  main.o(i.SystemClock_Config)
    i.SystemInit                             0x080012a2   Section        0  system_stm32f1xx.o(i.SystemInit)
    i.TIM1_UP_IRQHandler                     0x080012a4   Section        0  stm32f1xx_it.o(i.TIM1_UP_IRQHandler)
    i.TIM_Base_SetConfig                     0x080012b0   Section        0  stm32f1xx_hal_tim.o(i.TIM_Base_SetConfig)
    i.TaskBEEP                               0x08001328   Section        0  freertos.o(i.TaskBEEP)
    i.TaskLED1                               0x080013ac   Section        0  freertos.o(i.TaskLED1)
    i.TaskLED2                               0x08001430   Section        0  freertos.o(i.TaskLED2)
    i.UART_EndRxTransfer                     0x080014b4   Section        0  stm32f1xx_hal_uart.o(i.UART_EndRxTransfer)
    UART_EndRxTransfer                       0x080014b5   Thumb Code    78  stm32f1xx_hal_uart.o(i.UART_EndRxTransfer)
    i.UART_SetConfig                         0x08001504   Section        0  stm32f1xx_hal_uart.o(i.UART_SetConfig)
    UART_SetConfig                           0x08001505   Thumb Code   178  stm32f1xx_hal_uart.o(i.UART_SetConfig)
    i.UART_WaitOnFlagUntilTimeout            0x080015bc   Section        0  stm32f1xx_hal_uart.o(i.UART_WaitOnFlagUntilTimeout)
    UART_WaitOnFlagUntilTimeout              0x080015bd   Thumb Code   114  stm32f1xx_hal_uart.o(i.UART_WaitOnFlagUntilTimeout)
    i.UsageFault_Handler                     0x0800162e   Section        0  stm32f1xx_it.o(i.UsageFault_Handler)
    i.__0printf$bare                         0x08001630   Section        0  printfb.o(i.__0printf$bare)
    i.__NVIC_SetPriority                     0x08001640   Section        0  stm32f1xx_hal_cortex.o(i.__NVIC_SetPriority)
    __NVIC_SetPriority                       0x08001641   Thumb Code    32  stm32f1xx_hal_cortex.o(i.__NVIC_SetPriority)
    i.__scatterload_copy                     0x08001660   Section       14  handlers.o(i.__scatterload_copy)
    i.__scatterload_null                     0x0800166e   Section        2  handlers.o(i.__scatterload_null)
    i.__scatterload_zeroinit                 0x08001670   Section       14  handlers.o(i.__scatterload_zeroinit)
    i._printf_core                           0x0800167e   Section        0  printfb.o(i._printf_core)
    _printf_core                             0x0800167f   Thumb Code    34  printfb.o(i._printf_core)
    i.fputc                                  0x080016a0   Section        0  usart.o(i.fputc)
    i.inHandlerMode                          0x080016b8   Section        0  cmsis_os.o(i.inHandlerMode)
    inHandlerMode                            0x080016b9   Thumb Code    12  cmsis_os.o(i.inHandlerMode)
    i.main                                   0x080016c4   Section        0  main.o(i.main)
    i.makeFreeRtosPriority                   0x080016f8   Section        0  cmsis_os.o(i.makeFreeRtosPriority)
    makeFreeRtosPriority                     0x080016f9   Thumb Code    12  cmsis_os.o(i.makeFreeRtosPriority)
    i.osDelay                                0x08001704   Section        0  cmsis_os.o(i.osDelay)
    i.osKernelStart                          0x08001712   Section        0  cmsis_os.o(i.osKernelStart)
    i.osMessageCreate                        0x0800171c   Section        0  cmsis_os.o(i.osMessageCreate)
    i.osMutexCreate                          0x08001742   Section        0  cmsis_os.o(i.osMutexCreate)
    i.osMutexRelease                         0x08001754   Section        0  cmsis_os.o(i.osMutexRelease)
    i.osMutexWait                            0x080017a4   Section        0  cmsis_os.o(i.osMutexWait)
    i.osSemaphoreCreate                      0x08001808   Section        0  cmsis_os.o(i.osSemaphoreCreate)
    i.osSemaphoreRelease                     0x08001848   Section        0  cmsis_os.o(i.osSemaphoreRelease)
    i.osSemaphoreWait                        0x08001898   Section        0  cmsis_os.o(i.osSemaphoreWait)
    i.osThreadCreate                         0x080018fc   Section        0  cmsis_os.o(i.osThreadCreate)
    i.prvAddCurrentTaskToDelayedList         0x08001950   Section        0  tasks.o(i.prvAddCurrentTaskToDelayedList)
    prvAddCurrentTaskToDelayedList           0x08001951   Thumb Code   102  tasks.o(i.prvAddCurrentTaskToDelayedList)
    i.prvAddNewTaskToReadyList               0x080019c0   Section        0  tasks.o(i.prvAddNewTaskToReadyList)
    prvAddNewTaskToReadyList                 0x080019c1   Thumb Code   194  tasks.o(i.prvAddNewTaskToReadyList)
    i.prvCopyDataFromQueue                   0x08001a90   Section        0  queue.o(i.prvCopyDataFromQueue)
    prvCopyDataFromQueue                     0x08001a91   Thumb Code    38  queue.o(i.prvCopyDataFromQueue)
    i.prvCopyDataToQueue                     0x08001ab6   Section        0  queue.o(i.prvCopyDataToQueue)
    prvCopyDataToQueue                       0x08001ab7   Thumb Code   108  queue.o(i.prvCopyDataToQueue)
    i.prvDeleteTCB                           0x08001b22   Section        0  tasks.o(i.prvDeleteTCB)
    prvDeleteTCB                             0x08001b23   Thumb Code    52  tasks.o(i.prvDeleteTCB)
    i.prvHeapInit                            0x08001b58   Section        0  heap_4.o(i.prvHeapInit)
    prvHeapInit                              0x08001b59   Thumb Code    66  heap_4.o(i.prvHeapInit)
    i.prvIdleTask                            0x08001ba4   Section        0  tasks.o(i.prvIdleTask)
    prvIdleTask                              0x08001ba5   Thumb Code    82  tasks.o(i.prvIdleTask)
    i.prvInitialiseMutex                     0x08001c04   Section        0  queue.o(i.prvInitialiseMutex)
    prvInitialiseMutex                       0x08001c05   Thumb Code    22  queue.o(i.prvInitialiseMutex)
    i.prvInitialiseNewQueue                  0x08001c1a   Section        0  queue.o(i.prvInitialiseNewQueue)
    prvInitialiseNewQueue                    0x08001c1b   Thumb Code    22  queue.o(i.prvInitialiseNewQueue)
    i.prvInitialiseNewTask                   0x08001c30   Section        0  tasks.o(i.prvInitialiseNewTask)
    prvInitialiseNewTask                     0x08001c31   Thumb Code   152  tasks.o(i.prvInitialiseNewTask)
    i.prvInsertBlockIntoFreeList             0x08001cc8   Section        0  heap_4.o(i.prvInsertBlockIntoFreeList)
    prvInsertBlockIntoFreeList               0x08001cc9   Thumb Code    72  heap_4.o(i.prvInsertBlockIntoFreeList)
    i.prvIsQueueEmpty                        0x08001d14   Section        0  queue.o(i.prvIsQueueEmpty)
    prvIsQueueEmpty                          0x08001d15   Thumb Code    28  queue.o(i.prvIsQueueEmpty)
    i.prvResetNextTaskUnblockTime            0x08001d30   Section        0  tasks.o(i.prvResetNextTaskUnblockTime)
    prvResetNextTaskUnblockTime              0x08001d31   Thumb Code    26  tasks.o(i.prvResetNextTaskUnblockTime)
    i.prvTaskExitError                       0x08001d50   Section        0  port.o(i.prvTaskExitError)
    prvTaskExitError                         0x08001d51   Thumb Code    36  port.o(i.prvTaskExitError)
    i.prvUnlockQueue                         0x08001d78   Section        0  queue.o(i.prvUnlockQueue)
    prvUnlockQueue                           0x08001d79   Thumb Code   106  queue.o(i.prvUnlockQueue)
    i.pvPortMalloc                           0x08001de4   Section        0  heap_4.o(i.pvPortMalloc)
    i.pvTaskIncrementMutexHeldCount          0x08001ec0   Section        0  tasks.o(i.pvTaskIncrementMutexHeldCount)
    i.pxPortInitialiseStack                  0x08001ed8   Section        0  port.o(i.pxPortInitialiseStack)
    i.uxListRemove                           0x08001efc   Section        0  list.o(i.uxListRemove)
    i.vApplicationGetIdleTaskMemory          0x08001f24   Section        0  freertos.o(i.vApplicationGetIdleTaskMemory)
    i.vListInitialise                        0x08001f38   Section        0  list.o(i.vListInitialise)
    i.vListInitialiseItem                    0x08001f4e   Section        0  list.o(i.vListInitialiseItem)
    i.vListInsert                            0x08001f54   Section        0  list.o(i.vListInsert)
    i.vListInsertEnd                         0x08001f84   Section        0  list.o(i.vListInsertEnd)
    i.vPortEnterCritical                     0x08001f9c   Section        0  port.o(i.vPortEnterCritical)
    i.vPortExitCritical                      0x08001fdc   Section        0  port.o(i.vPortExitCritical)
    i.vPortFree                              0x08002004   Section        0  heap_4.o(i.vPortFree)
    i.vPortSetupTimerInterrupt               0x08002068   Section        0  port.o(i.vPortSetupTimerInterrupt)
    i.vPortValidateInterruptPriority         0x0800208c   Section        0  port.o(i.vPortValidateInterruptPriority)
    i.vTaskDelay                             0x080020e0   Section        0  tasks.o(i.vTaskDelay)
    i.vTaskInternalSetTimeOutState           0x0800212c   Section        0  tasks.o(i.vTaskInternalSetTimeOutState)
    i.vTaskMissedYield                       0x0800213c   Section        0  tasks.o(i.vTaskMissedYield)
    i.vTaskPlaceOnEventList                  0x08002148   Section        0  tasks.o(i.vTaskPlaceOnEventList)
    i.vTaskPriorityDisinheritAfterTimeout    0x08002178   Section        0  tasks.o(i.vTaskPriorityDisinheritAfterTimeout)
    i.vTaskStartScheduler                    0x08002218   Section        0  tasks.o(i.vTaskStartScheduler)
    i.vTaskSuspendAll                        0x08002284   Section        0  tasks.o(i.vTaskSuspendAll)
    i.vTaskSwitchContext                     0x08002294   Section        0  tasks.o(i.vTaskSwitchContext)
    i.xPortStartScheduler                    0x080022f0   Section        0  port.o(i.xPortStartScheduler)
    i.xQueueCreateMutex                      0x08002398   Section        0  queue.o(i.xQueueCreateMutex)
    i.xQueueCreateMutexStatic                0x080023ae   Section        0  queue.o(i.xQueueCreateMutexStatic)
    i.xQueueGenericCreate                    0x080023c8   Section        0  queue.o(i.xQueueGenericCreate)
    i.xQueueGenericCreateStatic              0x0800240a   Section        0  queue.o(i.xQueueGenericCreateStatic)
    i.xQueueGenericReset                     0x08002470   Section        0  queue.o(i.xQueueGenericReset)
    i.xQueueGenericSend                      0x080024f8   Section        0  queue.o(i.xQueueGenericSend)
    i.xQueueGiveFromISR                      0x08002658   Section        0  queue.o(i.xQueueGiveFromISR)
    i.xQueueReceiveFromISR                   0x080026f4   Section        0  queue.o(i.xQueueReceiveFromISR)
    i.xQueueSemaphoreTake                    0x08002790   Section        0  queue.o(i.xQueueSemaphoreTake)
    i.xTaskCheckForTimeOut                   0x08002908   Section        0  tasks.o(i.xTaskCheckForTimeOut)
    i.xTaskCreate                            0x0800297c   Section        0  tasks.o(i.xTaskCreate)
    i.xTaskCreateStatic                      0x080029d6   Section        0  tasks.o(i.xTaskCreateStatic)
    i.xTaskGetSchedulerState                 0x08002a2c   Section        0  tasks.o(i.xTaskGetSchedulerState)
    i.xTaskIncrementTick                     0x08002a48   Section        0  tasks.o(i.xTaskIncrementTick)
    i.xTaskPriorityDisinherit                0x08002b14   Section        0  tasks.o(i.xTaskPriorityDisinherit)
    i.xTaskPriorityInherit                   0x08002bac   Section        0  tasks.o(i.xTaskPriorityInherit)
    i.xTaskRemoveFromEventList               0x08002c38   Section        0  tasks.o(i.xTaskRemoveFromEventList)
    i.xTaskResumeAll                         0x08002cac   Section        0  tasks.o(i.xTaskResumeAll)
    .constdata                               0x08002d70   Section      116  freertos.o(.constdata)
    .constdata                               0x08002de4   Section       18  stm32f1xx_hal_rcc.o(.constdata)
    aPredivFactorTable                       0x08002de4   Data           2  stm32f1xx_hal_rcc.o(.constdata)
    aPLLMULFactorTable                       0x08002de6   Data          16  stm32f1xx_hal_rcc.o(.constdata)
    .constdata                               0x08002df6   Section       16  system_stm32f1xx.o(.constdata)
    .constdata                               0x08002e06   Section        8  system_stm32f1xx.o(.constdata)
    .conststring                             0x08002e10   Section       21  freertos.o(.conststring)
    .data                                    0x20000000   Section        1  gpio.o(.data)
    .data                                    0x20000004   Section       36  freertos.o(.data)
    .data                                    0x20000028   Section        4  stm32f1xx_it.o(.data)
    old_uwTick                               0x20000028   Data           4  stm32f1xx_it.o(.data)
    .data                                    0x2000002c   Section       12  stm32f1xx_hal.o(.data)
    .data                                    0x20000038   Section        4  system_stm32f1xx.o(.data)
    .data                                    0x2000003c   Section       60  tasks.o(.data)
    uxDeletedTasksWaitingCleanUp             0x20000040   Data           4  tasks.o(.data)
    uxCurrentNumberOfTasks                   0x20000044   Data           4  tasks.o(.data)
    xTickCount                               0x20000048   Data           4  tasks.o(.data)
    uxTopReadyPriority                       0x2000004c   Data           4  tasks.o(.data)
    xSchedulerRunning                        0x20000050   Data           4  tasks.o(.data)
    xPendedTicks                             0x20000054   Data           4  tasks.o(.data)
    xYieldPending                            0x20000058   Data           4  tasks.o(.data)
    xNumOfOverflows                          0x2000005c   Data           4  tasks.o(.data)
    uxTaskNumber                             0x20000060   Data           4  tasks.o(.data)
    xNextTaskUnblockTime                     0x20000064   Data           4  tasks.o(.data)
    xIdleTaskHandle                          0x20000068   Data           4  tasks.o(.data)
    uxSchedulerSuspended                     0x2000006c   Data           4  tasks.o(.data)
    pxDelayedTaskList                        0x20000070   Data           4  tasks.o(.data)
    pxOverflowDelayedTaskList                0x20000074   Data           4  tasks.o(.data)
    .data                                    0x20000078   Section       32  heap_4.o(.data)
    pxEnd                                    0x20000078   Data           4  heap_4.o(.data)
    xFreeBytesRemaining                      0x2000007c   Data           4  heap_4.o(.data)
    xMinimumEverFreeBytesRemaining           0x20000080   Data           4  heap_4.o(.data)
    xNumberOfSuccessfulAllocations           0x20000084   Data           4  heap_4.o(.data)
    xNumberOfSuccessfulFrees                 0x20000088   Data           4  heap_4.o(.data)
    xBlockAllocatedBit                       0x2000008c   Data           4  heap_4.o(.data)
    xStart                                   0x20000090   Data           8  heap_4.o(.data)
    .data                                    0x20000098   Section       12  port.o(.data)
    ucMaxSysCallPriority                     0x20000098   Data           1  port.o(.data)
    uxCriticalNesting                        0x2000009c   Data           4  port.o(.data)
    ulMaxPRIGROUPValue                       0x200000a0   Data           4  port.o(.data)
    .data                                    0x200000a4   Section        4  stdout.o(.data)
    .bss                                     0x200000a8   Section      596  freertos.o(.bss)
    xIdleTaskTCBBuffer                       0x200000a8   Data          84  freertos.o(.bss)
    xIdleStack                               0x200000fc   Data         512  freertos.o(.bss)
    .bss                                     0x200002fc   Section       72  usart.o(.bss)
    .bss                                     0x20000344   Section       72  stm32f1xx_hal_timebase_tim.o(.bss)
    .bss                                     0x2000038c   Section      240  tasks.o(.bss)
    pxReadyTasksLists                        0x2000038c   Data         140  tasks.o(.bss)
    xDelayedTaskList1                        0x20000418   Data          20  tasks.o(.bss)
    xDelayedTaskList2                        0x2000042c   Data          20  tasks.o(.bss)
    xPendingReadyList                        0x20000440   Data          20  tasks.o(.bss)
    xTasksWaitingTermination                 0x20000454   Data          20  tasks.o(.bss)
    xSuspendedTaskList                       0x20000468   Data          20  tasks.o(.bss)
    .bss                                     0x2000047c   Section     4096  heap_4.o(.bss)
    ucHeap                                   0x2000047c   Data        4096  heap_4.o(.bss)
    STACK                                    0x20001480   Section     1024  startup_stm32f103xb.o(STACK)

    Global Symbols

    Symbol Name                              Value     Ov Type        Size  Object(Section)

    BuildAttributes$$THM_ISAv4$P$D$K$B$S$PE$A:L22UL41UL21$X:L11$S22US41US21$IEEE1$IW$USESV6$~STKCKD$USESV7$~SHL$OSPACE$ROPI$EBA8$MICROLIB$REQ8$PRES8$EABIv2 0x00000000   Number         0  anon$$obj.o ABSOLUTE
    __ARM_use_no_argv                        0x00000000   Number         0  main.o ABSOLUTE
    __arm_fini_                               - Undefined Weak Reference
    __cpp_initialize__aeabi_                  - Undefined Weak Reference
    __cxa_finalize                            - Undefined Weak Reference
    __decompress                              - Undefined Weak Reference
    _clock_init                               - Undefined Weak Reference
    _microlib_exit                            - Undefined Weak Reference
    __Vectors_Size                           0x000000ec   Number         0  startup_stm32f103xb.o ABSOLUTE
    __Vectors                                0x08000000   Data           4  startup_stm32f103xb.o(RESET)
    __Vectors_End                            0x080000ec   Data           0  startup_stm32f103xb.o(RESET)
    __main                                   0x080000ed   Thumb Code     0  entry.o(.ARM.Collect$$$$00000000)
    _main_stk                                0x080000ed   Thumb Code     0  entry2.o(.ARM.Collect$$$$00000001)
    _main_scatterload                        0x080000f1   Thumb Code     0  entry5.o(.ARM.Collect$$$$00000004)
    __main_after_scatterload                 0x080000f5   Thumb Code     0  entry5.o(.ARM.Collect$$$$00000004)
    _main_clock                              0x080000f5   Thumb Code     0  entry7b.o(.ARM.Collect$$$$00000008)
    _main_cpp_init                           0x080000f5   Thumb Code     0  entry8b.o(.ARM.Collect$$$$0000000A)
    _main_init                               0x080000f5   Thumb Code     0  entry9a.o(.ARM.Collect$$$$0000000B)
    __rt_lib_shutdown_fini                   0x080000fd   Thumb Code     0  entry12b.o(.ARM.Collect$$$$0000000E)
    __rt_final_cpp                           0x08000101   Thumb Code     0  entry10a.o(.ARM.Collect$$$$0000000F)
    __rt_final_exit                          0x08000101   Thumb Code     0  entry11a.o(.ARM.Collect$$$$00000011)
    SVC_Handler                              0x08000105   Thumb Code    32  port.o(.emb_text)
    __asm___6_port_c_39a90d8d__prvStartFirstTask 0x08000129   Thumb Code    28  port.o(.emb_text)
    PendSV_Handler                           0x08000149   Thumb Code    72  port.o(.emb_text)
    vPortGetIPSR                             0x08000195   Thumb Code     6  port.o(.emb_text)
    Reset_Handler                            0x0800019d   Thumb Code     8  startup_stm32f103xb.o(.text)
    ADC1_2_IRQHandler                        0x080001b7   Thumb Code     0  startup_stm32f103xb.o(.text)
    CAN1_RX1_IRQHandler                      0x080001b7   Thumb Code     0  startup_stm32f103xb.o(.text)
    CAN1_SCE_IRQHandler                      0x080001b7   Thumb Code     0  startup_stm32f103xb.o(.text)
    DMA1_Channel1_IRQHandler                 0x080001b7   Thumb Code     0  startup_stm32f103xb.o(.text)
    DMA1_Channel2_IRQHandler                 0x080001b7   Thumb Code     0  startup_stm32f103xb.o(.text)
    DMA1_Channel3_IRQHandler                 0x080001b7   Thumb Code     0  startup_stm32f103xb.o(.text)
    DMA1_Channel4_IRQHandler                 0x080001b7   Thumb Code     0  startup_stm32f103xb.o(.text)
    DMA1_Channel5_IRQHandler                 0x080001b7   Thumb Code     0  startup_stm32f103xb.o(.text)
    DMA1_Channel6_IRQHandler                 0x080001b7   Thumb Code     0  startup_stm32f103xb.o(.text)
    DMA1_Channel7_IRQHandler                 0x080001b7   Thumb Code     0  startup_stm32f103xb.o(.text)
    EXTI0_IRQHandler                         0x080001b7   Thumb Code     0  startup_stm32f103xb.o(.text)
    EXTI1_IRQHandler                         0x080001b7   Thumb Code     0  startup_stm32f103xb.o(.text)
    EXTI2_IRQHandler                         0x080001b7   Thumb Code     0  startup_stm32f103xb.o(.text)
    EXTI3_IRQHandler                         0x080001b7   Thumb Code     0  startup_stm32f103xb.o(.text)
    EXTI4_IRQHandler                         0x080001b7   Thumb Code     0  startup_stm32f103xb.o(.text)
    FLASH_IRQHandler                         0x080001b7   Thumb Code     0  startup_stm32f103xb.o(.text)
    I2C1_ER_IRQHandler                       0x080001b7   Thumb Code     0  startup_stm32f103xb.o(.text)
    I2C1_EV_IRQHandler                       0x080001b7   Thumb Code     0  startup_stm32f103xb.o(.text)
    I2C2_ER_IRQHandler                       0x080001b7   Thumb Code     0  startup_stm32f103xb.o(.text)
    I2C2_EV_IRQHandler                       0x080001b7   Thumb Code     0  startup_stm32f103xb.o(.text)
    PVD_IRQHandler                           0x080001b7   Thumb Code     0  startup_stm32f103xb.o(.text)
    RCC_IRQHandler                           0x080001b7   Thumb Code     0  startup_stm32f103xb.o(.text)
    RTC_Alarm_IRQHandler                     0x080001b7   Thumb Code     0  startup_stm32f103xb.o(.text)
    RTC_IRQHandler                           0x080001b7   Thumb Code     0  startup_stm32f103xb.o(.text)
    SPI1_IRQHandler                          0x080001b7   Thumb Code     0  startup_stm32f103xb.o(.text)
    SPI2_IRQHandler                          0x080001b7   Thumb Code     0  startup_stm32f103xb.o(.text)
    TAMPER_IRQHandler                        0x080001b7   Thumb Code     0  startup_stm32f103xb.o(.text)
    TIM1_BRK_IRQHandler                      0x080001b7   Thumb Code     0  startup_stm32f103xb.o(.text)
    TIM1_CC_IRQHandler                       0x080001b7   Thumb Code     0  startup_stm32f103xb.o(.text)
    TIM1_TRG_COM_IRQHandler                  0x080001b7   Thumb Code     0  startup_stm32f103xb.o(.text)
    TIM2_IRQHandler                          0x080001b7   Thumb Code     0  startup_stm32f103xb.o(.text)
    TIM3_IRQHandler                          0x080001b7   Thumb Code     0  startup_stm32f103xb.o(.text)
    TIM4_IRQHandler                          0x080001b7   Thumb Code     0  startup_stm32f103xb.o(.text)
    USART1_IRQHandler                        0x080001b7   Thumb Code     0  startup_stm32f103xb.o(.text)
    USART2_IRQHandler                        0x080001b7   Thumb Code     0  startup_stm32f103xb.o(.text)
    USART3_IRQHandler                        0x080001b7   Thumb Code     0  startup_stm32f103xb.o(.text)
    USBWakeUp_IRQHandler                     0x080001b7   Thumb Code     0  startup_stm32f103xb.o(.text)
    USB_HP_CAN1_TX_IRQHandler                0x080001b7   Thumb Code     0  startup_stm32f103xb.o(.text)
    USB_LP_CAN1_RX0_IRQHandler               0x080001b7   Thumb Code     0  startup_stm32f103xb.o(.text)
    WWDG_IRQHandler                          0x080001b7   Thumb Code     0  startup_stm32f103xb.o(.text)
    __aeabi_memcpy                           0x080001c1   Thumb Code    36  memcpya.o(.text)
    __aeabi_memcpy4                          0x080001c1   Thumb Code     0  memcpya.o(.text)
    __aeabi_memcpy8                          0x080001c1   Thumb Code     0  memcpya.o(.text)
    __aeabi_memset                           0x080001e5   Thumb Code    14  memseta.o(.text)
    __aeabi_memset4                          0x080001e5   Thumb Code     0  memseta.o(.text)
    __aeabi_memset8                          0x080001e5   Thumb Code     0  memseta.o(.text)
    __aeabi_memclr                           0x080001f3   Thumb Code     4  memseta.o(.text)
    __aeabi_memclr4                          0x080001f3   Thumb Code     0  memseta.o(.text)
    __aeabi_memclr8                          0x080001f3   Thumb Code     0  memseta.o(.text)
    memset                                   0x080001f7   Thumb Code    18  memseta.o(.text)
    __scatterload                            0x08000209   Thumb Code    28  init.o(.text)
    __scatterload_rt2                        0x08000209   Thumb Code     0  init.o(.text)
    BEEP_Control                             0x0800022d   Thumb Code    28  gpio.o(i.BEEP_Control)
    BusFault_Handler                         0x0800024d   Thumb Code     2  stm32f1xx_it.o(i.BusFault_Handler)
    DebugMon_Handler                         0x0800024f   Thumb Code     2  stm32f1xx_it.o(i.DebugMon_Handler)
    EXTI15_10_IRQHandler                     0x08000251   Thumb Code    38  stm32f1xx_it.o(i.EXTI15_10_IRQHandler)
    EXTI9_5_IRQHandler                       0x08000277   Thumb Code    20  stm32f1xx_it.o(i.EXTI9_5_IRQHandler)
    Error_Handler                            0x0800028b   Thumb Code     4  main.o(i.Error_Handler)
    HAL_GPIO_EXTI_Callback                   0x08000291   Thumb Code   156  stm32f1xx_it.o(i.HAL_GPIO_EXTI_Callback)
    HAL_GPIO_EXTI_IRQHandler                 0x080003b1   Thumb Code    18  stm32f1xx_hal_gpio.o(i.HAL_GPIO_EXTI_IRQHandler)
    HAL_GPIO_Init                            0x080003c9   Thumb Code   446  stm32f1xx_hal_gpio.o(i.HAL_GPIO_Init)
    HAL_GPIO_WritePin                        0x080005a9   Thumb Code    10  stm32f1xx_hal_gpio.o(i.HAL_GPIO_WritePin)
    HAL_GetTick                              0x080005b5   Thumb Code     6  stm32f1xx_hal.o(i.HAL_GetTick)
    HAL_IncTick                              0x080005c1   Thumb Code    12  stm32f1xx_hal.o(i.HAL_IncTick)
    HAL_Init                                 0x080005d1   Thumb Code    32  stm32f1xx_hal.o(i.HAL_Init)
    HAL_InitTick                             0x080005f5   Thumb Code   118  stm32f1xx_hal_timebase_tim.o(i.HAL_InitTick)
    HAL_MspInit                              0x08000681   Thumb Code    62  stm32f1xx_hal_msp.o(i.HAL_MspInit)
    HAL_NVIC_EnableIRQ                       0x080006c9   Thumb Code    26  stm32f1xx_hal_cortex.o(i.HAL_NVIC_EnableIRQ)
    HAL_NVIC_SetPriority                     0x080006e5   Thumb Code    60  stm32f1xx_hal_cortex.o(i.HAL_NVIC_SetPriority)
    HAL_NVIC_SetPriorityGrouping             0x08000725   Thumb Code    26  stm32f1xx_hal_cortex.o(i.HAL_NVIC_SetPriorityGrouping)
    HAL_RCC_ClockConfig                      0x08000749   Thumb Code   280  stm32f1xx_hal_rcc.o(i.HAL_RCC_ClockConfig)
    HAL_RCC_GetClockConfig                   0x08000875   Thumb Code    54  stm32f1xx_hal_rcc.o(i.HAL_RCC_GetClockConfig)
    HAL_RCC_GetPCLK1Freq                     0x080008b5   Thumb Code    20  stm32f1xx_hal_rcc.o(i.HAL_RCC_GetPCLK1Freq)
    HAL_RCC_GetPCLK2Freq                     0x080008d5   Thumb Code    20  stm32f1xx_hal_rcc.o(i.HAL_RCC_GetPCLK2Freq)
    HAL_RCC_GetSysClockFreq                  0x080008f5   Thumb Code    58  stm32f1xx_hal_rcc.o(i.HAL_RCC_GetSysClockFreq)
    HAL_RCC_OscConfig                        0x08000941   Thumb Code   778  stm32f1xx_hal_rcc.o(i.HAL_RCC_OscConfig)
    HAL_TIMEx_BreakCallback                  0x08000c61   Thumb Code     2  stm32f1xx_hal_tim_ex.o(i.HAL_TIMEx_BreakCallback)
    HAL_TIMEx_CommutCallback                 0x08000c63   Thumb Code     2  stm32f1xx_hal_tim_ex.o(i.HAL_TIMEx_CommutCallback)
    HAL_TIM_Base_Init                        0x08000c65   Thumb Code    90  stm32f1xx_hal_tim.o(i.HAL_TIM_Base_Init)
    HAL_TIM_Base_MspInit                     0x08000cbf   Thumb Code     2  stm32f1xx_hal_tim.o(i.HAL_TIM_Base_MspInit)
    HAL_TIM_Base_Start_IT                    0x08000cc1   Thumb Code    76  stm32f1xx_hal_tim.o(i.HAL_TIM_Base_Start_IT)
    HAL_TIM_IC_CaptureCallback               0x08000d19   Thumb Code     2  stm32f1xx_hal_tim.o(i.HAL_TIM_IC_CaptureCallback)
    HAL_TIM_IRQHandler                       0x08000d1b   Thumb Code   304  stm32f1xx_hal_tim.o(i.HAL_TIM_IRQHandler)
    HAL_TIM_OC_DelayElapsedCallback          0x08000e4b   Thumb Code     2  stm32f1xx_hal_tim.o(i.HAL_TIM_OC_DelayElapsedCallback)
    HAL_TIM_PWM_PulseFinishedCallback        0x08000e4d   Thumb Code     2  stm32f1xx_hal_tim.o(i.HAL_TIM_PWM_PulseFinishedCallback)
    HAL_TIM_PeriodElapsedCallback            0x08000e51   Thumb Code    14  main.o(i.HAL_TIM_PeriodElapsedCallback)
    HAL_TIM_TriggerCallback                  0x08000e65   Thumb Code     2  stm32f1xx_hal_tim.o(i.HAL_TIM_TriggerCallback)
    HAL_UART_Init                            0x08000e67   Thumb Code   100  stm32f1xx_hal_uart.o(i.HAL_UART_Init)
    HAL_UART_MspInit                         0x08000ecd   Thumb Code   100  usart.o(i.HAL_UART_MspInit)
    HAL_UART_Transmit                        0x08000f3d   Thumb Code   160  stm32f1xx_hal_uart.o(i.HAL_UART_Transmit)
    HardFault_Handler                        0x08000fdd   Thumb Code     2  stm32f1xx_it.o(i.HardFault_Handler)
    LED_Control                              0x08000fe1   Thumb Code    42  gpio.o(i.LED_Control)
    MX_FREERTOS_Init                         0x08001011   Thumb Code   196  freertos.o(i.MX_FREERTOS_Init)
    MX_GPIO_Init                             0x080010dd   Thumb Code   234  gpio.o(i.MX_GPIO_Init)
    MX_USART1_UART_Init                      0x080011dd   Thumb Code    48  usart.o(i.MX_USART1_UART_Init)
    MemManage_Handler                        0x08001215   Thumb Code     2  stm32f1xx_it.o(i.MemManage_Handler)
    NMI_Handler                              0x08001217   Thumb Code     2  stm32f1xx_it.o(i.NMI_Handler)
    SysTick_Handler                          0x08001219   Thumb Code    38  port.o(i.SysTick_Handler)
    SystemClock_Config                       0x08001245   Thumb Code    94  main.o(i.SystemClock_Config)
    SystemInit                               0x080012a3   Thumb Code     2  system_stm32f1xx.o(i.SystemInit)
    TIM1_UP_IRQHandler                       0x080012a5   Thumb Code     6  stm32f1xx_it.o(i.TIM1_UP_IRQHandler)
    TIM_Base_SetConfig                       0x080012b1   Thumb Code   108  stm32f1xx_hal_tim.o(i.TIM_Base_SetConfig)
    TaskBEEP                                 0x08001329   Thumb Code    88  freertos.o(i.TaskBEEP)
    TaskLED1                                 0x080013ad   Thumb Code    86  freertos.o(i.TaskLED1)
    TaskLED2                                 0x08001431   Thumb Code    86  freertos.o(i.TaskLED2)
    UsageFault_Handler                       0x0800162f   Thumb Code     2  stm32f1xx_it.o(i.UsageFault_Handler)
    __0printf$bare                           0x08001631   Thumb Code     8  printfb.o(i.__0printf$bare)
    __1printf$bare                           0x08001631   Thumb Code     0  printfb.o(i.__0printf$bare)
    __2printf                                0x08001631   Thumb Code     0  printfb.o(i.__0printf$bare)
    __scatterload_copy                       0x08001661   Thumb Code    14  handlers.o(i.__scatterload_copy)
    __scatterload_null                       0x0800166f   Thumb Code     2  handlers.o(i.__scatterload_null)
    __scatterload_zeroinit                   0x08001671   Thumb Code    14  handlers.o(i.__scatterload_zeroinit)
    fputc                                    0x080016a1   Thumb Code    20  usart.o(i.fputc)
    main                                     0x080016c5   Thumb Code    32  main.o(i.main)
    osDelay                                  0x08001705   Thumb Code    14  cmsis_os.o(i.osDelay)
    osKernelStart                            0x08001713   Thumb Code    10  cmsis_os.o(i.osKernelStart)
    osMessageCreate                          0x0800171d   Thumb Code    38  cmsis_os.o(i.osMessageCreate)
    osMutexCreate                            0x08001743   Thumb Code    16  cmsis_os.o(i.osMutexCreate)
    osMutexRelease                           0x08001755   Thumb Code    74  cmsis_os.o(i.osMutexRelease)
    osMutexWait                              0x080017a5   Thumb Code    96  cmsis_os.o(i.osMutexWait)
    osSemaphoreCreate                        0x08001809   Thumb Code    62  cmsis_os.o(i.osSemaphoreCreate)
    osSemaphoreRelease                       0x08001849   Thumb Code    74  cmsis_os.o(i.osSemaphoreRelease)
    osSemaphoreWait                          0x08001899   Thumb Code    96  cmsis_os.o(i.osSemaphoreWait)
    osThreadCreate                           0x080018fd   Thumb Code    84  cmsis_os.o(i.osThreadCreate)
    pvPortMalloc                             0x08001de5   Thumb Code   216  heap_4.o(i.pvPortMalloc)
    pvTaskIncrementMutexHeldCount            0x08001ec1   Thumb Code    18  tasks.o(i.pvTaskIncrementMutexHeldCount)
    pxPortInitialiseStack                    0x08001ed9   Thumb Code    32  port.o(i.pxPortInitialiseStack)
    uxListRemove                             0x08001efd   Thumb Code    38  list.o(i.uxListRemove)
    vApplicationGetIdleTaskMemory            0x08001f25   Thumb Code    16  freertos.o(i.vApplicationGetIdleTaskMemory)
    vListInitialise                          0x08001f39   Thumb Code    22  list.o(i.vListInitialise)
    vListInitialiseItem                      0x08001f4f   Thumb Code     6  list.o(i.vListInitialiseItem)
    vListInsert                              0x08001f55   Thumb Code    48  list.o(i.vListInsert)
    vListInsertEnd                           0x08001f85   Thumb Code    24  list.o(i.vListInsertEnd)
    vPortEnterCritical                       0x08001f9d   Thumb Code    54  port.o(i.vPortEnterCritical)
    vPortExitCritical                        0x08001fdd   Thumb Code    34  port.o(i.vPortExitCritical)
    vPortFree                                0x08002005   Thumb Code    94  heap_4.o(i.vPortFree)
    vPortSetupTimerInterrupt                 0x08002069   Thumb Code    32  port.o(i.vPortSetupTimerInterrupt)
    vPortValidateInterruptPriority           0x0800208d   Thumb Code    74  port.o(i.vPortValidateInterruptPriority)
    vTaskDelay                               0x080020e1   Thumb Code    66  tasks.o(i.vTaskDelay)
    vTaskInternalSetTimeOutState             0x0800212d   Thumb Code    12  tasks.o(i.vTaskInternalSetTimeOutState)
    vTaskMissedYield                         0x0800213d   Thumb Code     8  tasks.o(i.vTaskMissedYield)
    vTaskPlaceOnEventList                    0x08002149   Thumb Code    44  tasks.o(i.vTaskPlaceOnEventList)
    vTaskPriorityDisinheritAfterTimeout      0x08002179   Thumb Code   152  tasks.o(i.vTaskPriorityDisinheritAfterTimeout)
    vTaskStartScheduler                      0x08002219   Thumb Code    90  tasks.o(i.vTaskStartScheduler)
    vTaskSuspendAll                          0x08002285   Thumb Code    10  tasks.o(i.vTaskSuspendAll)
    vTaskSwitchContext                       0x08002295   Thumb Code    82  tasks.o(i.vTaskSwitchContext)
    xPortStartScheduler                      0x080022f1   Thumb Code   154  port.o(i.xPortStartScheduler)
    xQueueCreateMutex                        0x08002399   Thumb Code    22  queue.o(i.xQueueCreateMutex)
    xQueueCreateMutexStatic                  0x080023af   Thumb Code    26  queue.o(i.xQueueCreateMutexStatic)
    xQueueGenericCreate                      0x080023c9   Thumb Code    66  queue.o(i.xQueueGenericCreate)
    xQueueGenericCreateStatic                0x0800240b   Thumb Code   102  queue.o(i.xQueueGenericCreateStatic)
    xQueueGenericReset                       0x08002471   Thumb Code   132  queue.o(i.xQueueGenericReset)
    xQueueGenericSend                        0x080024f9   Thumb Code   346  queue.o(i.xQueueGenericSend)
    xQueueGiveFromISR                        0x08002659   Thumb Code   156  queue.o(i.xQueueGiveFromISR)
    xQueueReceiveFromISR                     0x080026f5   Thumb Code   154  queue.o(i.xQueueReceiveFromISR)
    xQueueSemaphoreTake                      0x08002791   Thumb Code   372  queue.o(i.xQueueSemaphoreTake)
    xTaskCheckForTimeOut                     0x08002909   Thumb Code   112  tasks.o(i.xTaskCheckForTimeOut)
    xTaskCreate                              0x0800297d   Thumb Code    90  tasks.o(i.xTaskCreate)
    xTaskCreateStatic                        0x080029d7   Thumb Code    86  tasks.o(i.xTaskCreateStatic)
    xTaskGetSchedulerState                   0x08002a2d   Thumb Code    22  tasks.o(i.xTaskGetSchedulerState)
    xTaskIncrementTick                       0x08002a49   Thumb Code   194  tasks.o(i.xTaskIncrementTick)
    xTaskPriorityDisinherit                  0x08002b15   Thumb Code   144  tasks.o(i.xTaskPriorityDisinherit)
    xTaskPriorityInherit                     0x08002bad   Thumb Code   130  tasks.o(i.xTaskPriorityInherit)
    xTaskRemoveFromEventList                 0x08002c39   Thumb Code   108  tasks.o(i.xTaskRemoveFromEventList)
    xTaskResumeAll                           0x08002cad   Thumb Code   182  tasks.o(i.xTaskResumeAll)
    AHBPrescTable                            0x08002df6   Data          16  system_stm32f1xx.o(.constdata)
    APBPrescTable                            0x08002e06   Data           8  system_stm32f1xx.o(.constdata)
    Region$$Table$$Base                      0x08002e28   Number         0  anon$$obj.o(Region$$Table)
    Region$$Table$$Limit                     0x08002e48   Number         0  anon$$obj.o(Region$$Table)
    Key_Value                                0x20000000   Data           1  gpio.o(.data)
    BEEPHandle                               0x20000004   Data           4  freertos.o(.data)
    LED1Handle                               0x20000008   Data           4  freertos.o(.data)
    LED2Handle                               0x2000000c   Data           4  freertos.o(.data)
    QueueLED1Handle                          0x20000010   Data           4  freertos.o(.data)
    QueueLED2Handle                          0x20000014   Data           4  freertos.o(.data)
    myMutex01Handle                          0x20000018   Data           4  freertos.o(.data)
    BinarySem1Handle                         0x2000001c   Data           4  freertos.o(.data)
    BinarySem2Handle                         0x20000020   Data           4  freertos.o(.data)
    BinarySem3Handle                         0x20000024   Data           4  freertos.o(.data)
    uwTickFreq                               0x2000002c   Data           1  stm32f1xx_hal.o(.data)
    uwTickPrio                               0x20000030   Data           4  stm32f1xx_hal.o(.data)
    uwTick                                   0x20000034   Data           4  stm32f1xx_hal.o(.data)
    SystemCoreClock                          0x20000038   Data           4  system_stm32f1xx.o(.data)
    pxCurrentTCB                             0x2000003c   Data           4  tasks.o(.data)
    __stdout                                 0x200000a4   Data           4  stdout.o(.data)
    huart1                                   0x200002fc   Data          72  usart.o(.bss)
    htim1                                    0x20000344   Data          72  stm32f1xx_hal_timebase_tim.o(.bss)
    __initial_sp                             0x20001880   Data           0  startup_stm32f103xb.o(STACK)



==============================================================================

Memory Map of the image

  Image Entry point : 0x080000ed

  Load Region LR_IROM1 (Base: 0x08000000, Size: 0x00002ef0, Max: 0x00010000, ABSOLUTE)

    Execution Region ER_IROM1 (Exec base: 0x08000000, Load base: 0x08000000, Size: 0x00002e48, Max: 0x00010000, ABSOLUTE)

    Exec Addr    Load Addr    Size         Type   Attr      Idx    E Section Name        Object

    0x08000000   0x08000000   0x000000ec   Data   RO            3    RESET               startup_stm32f103xb.o
    0x080000ec   0x080000ec   0x00000000   Code   RO         4211  * .ARM.Collect$$$$00000000  mc_w.l(entry.o)
    0x080000ec   0x080000ec   0x00000004   Code   RO         4484    .ARM.Collect$$$$00000001  mc_w.l(entry2.o)
    0x080000f0   0x080000f0   0x00000004   Code   RO         4487    .ARM.Collect$$$$00000004  mc_w.l(entry5.o)
    0x080000f4   0x080000f4   0x00000000   Code   RO         4489    .ARM.Collect$$$$00000008  mc_w.l(entry7b.o)
    0x080000f4   0x080000f4   0x00000000   Code   RO         4491    .ARM.Collect$$$$0000000A  mc_w.l(entry8b.o)
    0x080000f4   0x080000f4   0x00000008   Code   RO         4492    .ARM.Collect$$$$0000000B  mc_w.l(entry9a.o)
    0x080000fc   0x080000fc   0x00000004   Code   RO         4499    .ARM.Collect$$$$0000000E  mc_w.l(entry12b.o)
    0x08000100   0x08000100   0x00000000   Code   RO         4494    .ARM.Collect$$$$0000000F  mc_w.l(entry10a.o)
    0x08000100   0x08000100   0x00000000   Code   RO         4496    .ARM.Collect$$$$00000011  mc_w.l(entry11a.o)
    0x08000100   0x08000100   0x00000004   Code   RO         4485    .ARM.Collect$$$$00002712  mc_w.l(entry2.o)
    0x08000104   0x08000104   0x00000096   Code   RO         4134    .emb_text           port.o
    0x0800019a   0x0800019a   0x00000002   PAD
    0x0800019c   0x0800019c   0x00000024   Code   RO            4    .text               startup_stm32f103xb.o
    0x080001c0   0x080001c0   0x00000024   Code   RO         4216    .text               mc_w.l(memcpya.o)
    0x080001e4   0x080001e4   0x00000024   Code   RO         4220    .text               mc_w.l(memseta.o)
    0x08000208   0x08000208   0x00000024   Code   RO         4516    .text               mc_w.l(init.o)
    0x0800022c   0x0800022c   0x00000020   Code   RO          197    i.BEEP_Control      gpio.o
    0x0800024c   0x0800024c   0x00000002   Code   RO          384    i.BusFault_Handler  stm32f1xx_it.o
    0x0800024e   0x0800024e   0x00000002   Code   RO          385    i.DebugMon_Handler  stm32f1xx_it.o
    0x08000250   0x08000250   0x00000026   Code   RO          386    i.EXTI15_10_IRQHandler  stm32f1xx_it.o
    0x08000276   0x08000276   0x00000014   Code   RO          387    i.EXTI9_5_IRQHandler  stm32f1xx_it.o
    0x0800028a   0x0800028a   0x00000004   Code   RO           13    i.Error_Handler     main.o
    0x0800028e   0x0800028e   0x00000002   PAD
    0x08000290   0x08000290   0x00000120   Code   RO          388    i.HAL_GPIO_EXTI_Callback  stm32f1xx_it.o
    0x080003b0   0x080003b0   0x00000018   Code   RO         1855    i.HAL_GPIO_EXTI_IRQHandler  stm32f1xx_hal_gpio.o
    0x080003c8   0x080003c8   0x000001e0   Code   RO         1856    i.HAL_GPIO_Init     stm32f1xx_hal_gpio.o
    0x080005a8   0x080005a8   0x0000000a   Code   RO         1860    i.HAL_GPIO_WritePin  stm32f1xx_hal_gpio.o
    0x080005b2   0x080005b2   0x00000002   PAD
    0x080005b4   0x080005b4   0x0000000c   Code   RO         1550    i.HAL_GetTick       stm32f1xx_hal.o
    0x080005c0   0x080005c0   0x00000010   Code   RO         1556    i.HAL_IncTick       stm32f1xx_hal.o
    0x080005d0   0x080005d0   0x00000024   Code   RO         1557    i.HAL_Init          stm32f1xx_hal.o
    0x080005f4   0x080005f4   0x0000008c   Code   RO          491    i.HAL_InitTick      stm32f1xx_hal_timebase_tim.o
    0x08000680   0x08000680   0x00000048   Code   RO          467    i.HAL_MspInit       stm32f1xx_hal_msp.o
    0x080006c8   0x080006c8   0x0000001a   Code   RO         2016    i.HAL_NVIC_EnableIRQ  stm32f1xx_hal_cortex.o
    0x080006e2   0x080006e2   0x00000002   PAD
    0x080006e4   0x080006e4   0x00000040   Code   RO         2022    i.HAL_NVIC_SetPriority  stm32f1xx_hal_cortex.o
    0x08000724   0x08000724   0x00000024   Code   RO         2023    i.HAL_NVIC_SetPriorityGrouping  stm32f1xx_hal_cortex.o
    0x08000748   0x08000748   0x0000012c   Code   RO         1714    i.HAL_RCC_ClockConfig  stm32f1xx_hal_rcc.o
    0x08000874   0x08000874   0x00000040   Code   RO         1718    i.HAL_RCC_GetClockConfig  stm32f1xx_hal_rcc.o
    0x080008b4   0x080008b4   0x00000020   Code   RO         1721    i.HAL_RCC_GetPCLK1Freq  stm32f1xx_hal_rcc.o
    0x080008d4   0x080008d4   0x00000020   Code   RO         1722    i.HAL_RCC_GetPCLK2Freq  stm32f1xx_hal_rcc.o
    0x080008f4   0x080008f4   0x0000004c   Code   RO         1723    i.HAL_RCC_GetSysClockFreq  stm32f1xx_hal_rcc.o
    0x08000940   0x08000940   0x00000320   Code   RO         1726    i.HAL_RCC_OscConfig  stm32f1xx_hal_rcc.o
    0x08000c60   0x08000c60   0x00000002   Code   RO         1272    i.HAL_TIMEx_BreakCallback  stm32f1xx_hal_tim_ex.o
    0x08000c62   0x08000c62   0x00000002   Code   RO         1273    i.HAL_TIMEx_CommutCallback  stm32f1xx_hal_tim_ex.o
    0x08000c64   0x08000c64   0x0000005a   Code   RO          568    i.HAL_TIM_Base_Init  stm32f1xx_hal_tim.o
    0x08000cbe   0x08000cbe   0x00000002   Code   RO          570    i.HAL_TIM_Base_MspInit  stm32f1xx_hal_tim.o
    0x08000cc0   0x08000cc0   0x00000058   Code   RO          573    i.HAL_TIM_Base_Start_IT  stm32f1xx_hal_tim.o
    0x08000d18   0x08000d18   0x00000002   Code   RO          602    i.HAL_TIM_IC_CaptureCallback  stm32f1xx_hal_tim.o
    0x08000d1a   0x08000d1a   0x00000130   Code   RO          616    i.HAL_TIM_IRQHandler  stm32f1xx_hal_tim.o
    0x08000e4a   0x08000e4a   0x00000002   Code   RO          619    i.HAL_TIM_OC_DelayElapsedCallback  stm32f1xx_hal_tim.o
    0x08000e4c   0x08000e4c   0x00000002   Code   RO          646    i.HAL_TIM_PWM_PulseFinishedCallback  stm32f1xx_hal_tim.o
    0x08000e4e   0x08000e4e   0x00000002   PAD
    0x08000e50   0x08000e50   0x00000014   Code   RO           14    i.HAL_TIM_PeriodElapsedCallback  main.o
    0x08000e64   0x08000e64   0x00000002   Code   RO          659    i.HAL_TIM_TriggerCallback  stm32f1xx_hal_tim.o
    0x08000e66   0x08000e66   0x00000064   Code   RO         2546    i.HAL_UART_Init     stm32f1xx_hal_uart.o
    0x08000eca   0x08000eca   0x00000002   PAD
    0x08000ecc   0x08000ecc   0x00000070   Code   RO          337    i.HAL_UART_MspInit  usart.o
    0x08000f3c   0x08000f3c   0x000000a0   Code   RO         2554    i.HAL_UART_Transmit  stm32f1xx_hal_uart.o
    0x08000fdc   0x08000fdc   0x00000002   Code   RO          389    i.HardFault_Handler  stm32f1xx_it.o
    0x08000fde   0x08000fde   0x00000002   PAD
    0x08000fe0   0x08000fe0   0x00000030   Code   RO          201    i.LED_Control       gpio.o
    0x08001010   0x08001010   0x000000cc   Code   RO          274    i.MX_FREERTOS_Init  freertos.o
    0x080010dc   0x080010dc   0x00000100   Code   RO          203    i.MX_GPIO_Init      gpio.o
    0x080011dc   0x080011dc   0x00000038   Code   RO          338    i.MX_USART1_UART_Init  usart.o
    0x08001214   0x08001214   0x00000002   Code   RO          390    i.MemManage_Handler  stm32f1xx_it.o
    0x08001216   0x08001216   0x00000002   Code   RO          391    i.NMI_Handler       stm32f1xx_it.o
    0x08001218   0x08001218   0x0000002c   Code   RO         4135    i.SysTick_Handler   port.o
    0x08001244   0x08001244   0x0000005e   Code   RO           15    i.SystemClock_Config  main.o
    0x080012a2   0x080012a2   0x00000002   Code   RO         2880    i.SystemInit        system_stm32f1xx.o
    0x080012a4   0x080012a4   0x0000000c   Code   RO          392    i.TIM1_UP_IRQHandler  stm32f1xx_it.o
    0x080012b0   0x080012b0   0x00000078   Code   RO          661    i.TIM_Base_SetConfig  stm32f1xx_hal_tim.o
    0x08001328   0x08001328   0x00000084   Code   RO          275    i.TaskBEEP          freertos.o
    0x080013ac   0x080013ac   0x00000084   Code   RO          276    i.TaskLED1          freertos.o
    0x08001430   0x08001430   0x00000084   Code   RO          277    i.TaskLED2          freertos.o
    0x080014b4   0x080014b4   0x0000004e   Code   RO         2569    i.UART_EndRxTransfer  stm32f1xx_hal_uart.o
    0x08001502   0x08001502   0x00000002   PAD
    0x08001504   0x08001504   0x000000b8   Code   RO         2572    i.UART_SetConfig    stm32f1xx_hal_uart.o
    0x080015bc   0x080015bc   0x00000072   Code   RO         2575    i.UART_WaitOnFlagUntilTimeout  stm32f1xx_hal_uart.o
    0x0800162e   0x0800162e   0x00000002   Code   RO          393    i.UsageFault_Handler  stm32f1xx_it.o
    0x08001630   0x08001630   0x00000010   Code   RO         4225    i.__0printf$bare    mc_w.l(printfb.o)
    0x08001640   0x08001640   0x00000020   Code   RO         2029    i.__NVIC_SetPriority  stm32f1xx_hal_cortex.o
    0x08001660   0x08001660   0x0000000e   Code   RO         4526    i.__scatterload_copy  mc_w.l(handlers.o)
    0x0800166e   0x0800166e   0x00000002   Code   RO         4527    i.__scatterload_null  mc_w.l(handlers.o)
    0x08001670   0x08001670   0x0000000e   Code   RO         4528    i.__scatterload_zeroinit  mc_w.l(handlers.o)
    0x0800167e   0x0800167e   0x00000022   Code   RO         4232    i._printf_core      mc_w.l(printfb.o)
    0x080016a0   0x080016a0   0x00000018   Code   RO          339    i.fputc             usart.o
    0x080016b8   0x080016b8   0x0000000c   Code   RO         3698    i.inHandlerMode     cmsis_os.o
    0x080016c4   0x080016c4   0x00000034   Code   RO           16    i.main              main.o
    0x080016f8   0x080016f8   0x0000000c   Code   RO         3700    i.makeFreeRtosPriority  cmsis_os.o
    0x08001704   0x08001704   0x0000000e   Code   RO         3702    i.osDelay           cmsis_os.o
    0x08001712   0x08001712   0x0000000a   Code   RO         3705    i.osKernelStart     cmsis_os.o
    0x0800171c   0x0800171c   0x00000026   Code   RO         3714    i.osMessageCreate   cmsis_os.o
    0x08001742   0x08001742   0x00000010   Code   RO         3720    i.osMutexCreate     cmsis_os.o
    0x08001752   0x08001752   0x00000002   PAD
    0x08001754   0x08001754   0x00000050   Code   RO         3722    i.osMutexRelease    cmsis_os.o
    0x080017a4   0x080017a4   0x00000064   Code   RO         3723    i.osMutexWait       cmsis_os.o
    0x08001808   0x08001808   0x0000003e   Code   RO         3731    i.osSemaphoreCreate  cmsis_os.o
    0x08001846   0x08001846   0x00000002   PAD
    0x08001848   0x08001848   0x00000050   Code   RO         3734    i.osSemaphoreRelease  cmsis_os.o
    0x08001898   0x08001898   0x00000064   Code   RO         3735    i.osSemaphoreWait   cmsis_os.o
    0x080018fc   0x080018fc   0x00000054   Code   RO         3739    i.osThreadCreate    cmsis_os.o
    0x08001950   0x08001950   0x00000070   Code   RO         3382    i.prvAddCurrentTaskToDelayedList  tasks.o
    0x080019c0   0x080019c0   0x000000d0   Code   RO         3383    i.prvAddNewTaskToReadyList  tasks.o
    0x08001a90   0x08001a90   0x00000026   Code   RO         3058    i.prvCopyDataFromQueue  queue.o
    0x08001ab6   0x08001ab6   0x0000006c   Code   RO         3059    i.prvCopyDataToQueue  queue.o
    0x08001b22   0x08001b22   0x00000034   Code   RO         3384    i.prvDeleteTCB      tasks.o
    0x08001b56   0x08001b56   0x00000002   PAD
    0x08001b58   0x08001b58   0x0000004c   Code   RO         4067    i.prvHeapInit       heap_4.o
    0x08001ba4   0x08001ba4   0x00000060   Code   RO         3385    i.prvIdleTask       tasks.o
    0x08001c04   0x08001c04   0x00000016   Code   RO         3060    i.prvInitialiseMutex  queue.o
    0x08001c1a   0x08001c1a   0x00000016   Code   RO         3061    i.prvInitialiseNewQueue  queue.o
    0x08001c30   0x08001c30   0x00000098   Code   RO         3386    i.prvInitialiseNewTask  tasks.o
    0x08001cc8   0x08001cc8   0x0000004c   Code   RO         4068    i.prvInsertBlockIntoFreeList  heap_4.o
    0x08001d14   0x08001d14   0x0000001c   Code   RO         3062    i.prvIsQueueEmpty   queue.o
    0x08001d30   0x08001d30   0x00000020   Code   RO         3387    i.prvResetNextTaskUnblockTime  tasks.o
    0x08001d50   0x08001d50   0x00000028   Code   RO         4136    i.prvTaskExitError  port.o
    0x08001d78   0x08001d78   0x0000006a   Code   RO         3063    i.prvUnlockQueue    queue.o
    0x08001de2   0x08001de2   0x00000002   PAD
    0x08001de4   0x08001de4   0x000000dc   Code   RO         4069    i.pvPortMalloc      heap_4.o
    0x08001ec0   0x08001ec0   0x00000018   Code   RO         3389    i.pvTaskIncrementMutexHeldCount  tasks.o
    0x08001ed8   0x08001ed8   0x00000024   Code   RO         4137    i.pxPortInitialiseStack  port.o
    0x08001efc   0x08001efc   0x00000026   Code   RO         3018    i.uxListRemove      list.o
    0x08001f22   0x08001f22   0x00000002   PAD
    0x08001f24   0x08001f24   0x00000014   Code   RO          278    i.vApplicationGetIdleTaskMemory  freertos.o
    0x08001f38   0x08001f38   0x00000016   Code   RO         3019    i.vListInitialise   list.o
    0x08001f4e   0x08001f4e   0x00000006   Code   RO         3020    i.vListInitialiseItem  list.o
    0x08001f54   0x08001f54   0x00000030   Code   RO         3021    i.vListInsert       list.o
    0x08001f84   0x08001f84   0x00000018   Code   RO         3022    i.vListInsertEnd    list.o
    0x08001f9c   0x08001f9c   0x00000040   Code   RO         4139    i.vPortEnterCritical  port.o
    0x08001fdc   0x08001fdc   0x00000028   Code   RO         4140    i.vPortExitCritical  port.o
    0x08002004   0x08002004   0x00000064   Code   RO         4070    i.vPortFree         heap_4.o
    0x08002068   0x08002068   0x00000024   Code   RO         4141    i.vPortSetupTimerInterrupt  port.o
    0x0800208c   0x0800208c   0x00000054   Code   RO         4142    i.vPortValidateInterruptPriority  port.o
    0x080020e0   0x080020e0   0x0000004c   Code   RO         3396    i.vTaskDelay        tasks.o
    0x0800212c   0x0800212c   0x00000010   Code   RO         3399    i.vTaskInternalSetTimeOutState  tasks.o
    0x0800213c   0x0800213c   0x0000000c   Code   RO         3400    i.vTaskMissedYield  tasks.o
    0x08002148   0x08002148   0x00000030   Code   RO         3402    i.vTaskPlaceOnEventList  tasks.o
    0x08002178   0x08002178   0x000000a0   Code   RO         3404    i.vTaskPriorityDisinheritAfterTimeout  tasks.o
    0x08002218   0x08002218   0x0000006c   Code   RO         3409    i.vTaskStartScheduler  tasks.o
    0x08002284   0x08002284   0x00000010   Code   RO         3411    i.vTaskSuspendAll   tasks.o
    0x08002294   0x08002294   0x0000005c   Code   RO         3412    i.vTaskSwitchContext  tasks.o
    0x080022f0   0x080022f0   0x000000a8   Code   RO         4143    i.xPortStartScheduler  port.o
    0x08002398   0x08002398   0x00000016   Code   RO         3070    i.xQueueCreateMutex  queue.o
    0x080023ae   0x080023ae   0x0000001a   Code   RO         3071    i.xQueueCreateMutexStatic  queue.o
    0x080023c8   0x080023c8   0x00000042   Code   RO         3072    i.xQueueGenericCreate  queue.o
    0x0800240a   0x0800240a   0x00000066   Code   RO         3073    i.xQueueGenericCreateStatic  queue.o
    0x08002470   0x08002470   0x00000088   Code   RO         3074    i.xQueueGenericReset  queue.o
    0x080024f8   0x080024f8   0x00000160   Code   RO         3075    i.xQueueGenericSend  queue.o
    0x08002658   0x08002658   0x0000009c   Code   RO         3077    i.xQueueGiveFromISR  queue.o
    0x080026f4   0x080026f4   0x0000009a   Code   RO         3083    i.xQueueReceiveFromISR  queue.o
    0x0800278e   0x0800278e   0x00000002   PAD
    0x08002790   0x08002790   0x00000178   Code   RO         3084    i.xQueueSemaphoreTake  queue.o
    0x08002908   0x08002908   0x00000074   Code   RO         3414    i.xTaskCheckForTimeOut  tasks.o
    0x0800297c   0x0800297c   0x0000005a   Code   RO         3415    i.xTaskCreate       tasks.o
    0x080029d6   0x080029d6   0x00000056   Code   RO         3416    i.xTaskCreateStatic  tasks.o
    0x08002a2c   0x08002a2c   0x0000001c   Code   RO         3420    i.xTaskGetSchedulerState  tasks.o
    0x08002a48   0x08002a48   0x000000cc   Code   RO         3423    i.xTaskIncrementTick  tasks.o
    0x08002b14   0x08002b14   0x00000098   Code   RO         3426    i.xTaskPriorityDisinherit  tasks.o
    0x08002bac   0x08002bac   0x0000008c   Code   RO         3427    i.xTaskPriorityInherit  tasks.o
    0x08002c38   0x08002c38   0x00000074   Code   RO         3428    i.xTaskRemoveFromEventList  tasks.o
    0x08002cac   0x08002cac   0x000000c4   Code   RO         3429    i.xTaskResumeAll    tasks.o
    0x08002d70   0x08002d70   0x00000074   Data   RO          280    .constdata          freertos.o
    0x08002de4   0x08002de4   0x00000012   Data   RO         1727    .constdata          stm32f1xx_hal_rcc.o
    0x08002df6   0x08002df6   0x00000010   Data   RO         2881    .constdata          system_stm32f1xx.o
    0x08002e06   0x08002e06   0x00000008   Data   RO         2882    .constdata          system_stm32f1xx.o
    0x08002e0e   0x08002e0e   0x00000002   PAD
    0x08002e10   0x08002e10   0x00000015   Data   RO          281    .conststring        freertos.o
    0x08002e25   0x08002e25   0x00000003   PAD
    0x08002e28   0x08002e28   0x00000020   Data   RO         4524    Region$$Table       anon$$obj.o


    Execution Region RW_IRAM1 (Exec base: 0x20000000, Load base: 0x08002e48, Size: 0x00001880, Max: 0x00005000, ABSOLUTE)

    Exec Addr    Load Addr    Size         Type   Attr      Idx    E Section Name        Object

    0x20000000   0x08002e48   0x00000001   Data   RW          206    .data               gpio.o
    0x20000001   0x08002e49   0x00000003   PAD
    0x20000004   0x08002e4c   0x00000024   Data   RW          282    .data               freertos.o
    0x20000028   0x08002e70   0x00000004   Data   RW          394    .data               stm32f1xx_it.o
    0x2000002c   0x08002e74   0x0000000c   Data   RW         1564    .data               stm32f1xx_hal.o
    0x20000038   0x08002e80   0x00000004   Data   RW         2883    .data               system_stm32f1xx.o
    0x2000003c   0x08002e84   0x0000003c   Data   RW         3432    .data               tasks.o
    0x20000078   0x08002ec0   0x00000020   Data   RW         4076    .data               heap_4.o
    0x20000098   0x08002ee0   0x0000000c   Data   RW         4144    .data               port.o
    0x200000a4   0x08002eec   0x00000004   Data   RW         4500    .data               mc_w.l(stdout.o)
    0x200000a8        -       0x00000254   Zero   RW          279    .bss                freertos.o
    0x200002fc        -       0x00000048   Zero   RW          340    .bss                usart.o
    0x20000344        -       0x00000048   Zero   RW          494    .bss                stm32f1xx_hal_timebase_tim.o
    0x2000038c        -       0x000000f0   Zero   RW         3431    .bss                tasks.o
    0x2000047c        -       0x00001000   Zero   RW         4075    .bss                heap_4.o
    0x2000147c   0x08002ef0   0x00000004   PAD
    0x20001480        -       0x00000400   Zero   RW            1    STACK               startup_stm32f103xb.o


==============================================================================

Image component sizes


      Code (inc. data)   RO Data    RW Data    ZI Data      Debug   Object Name

       608         20          0          0          0      32733   cmsis_os.o
         0          0          0          0          0      20112   event_groups.o
       620        148        137         36        596       4270   freertos.o
       336         32          0          1          0       2358   gpio.o
       472         24          0         32       4096       7371   heap_4.o
       138          0          0          0          0       3434   list.o
       170         26          0          0          0     461812   main.o
       662         70          0         12          0      11129   port.o
      1714         14          0          0          0      19602   queue.o
        36          8        236          0       1024        808   startup_stm32f103xb.o
        64         14          0         12          0       4670   stm32f1xx_hal.o
       158         14          0          0          0      28222   stm32f1xx_hal_cortex.o
       514         40          0          0          0       3503   stm32f1xx_hal_gpio.o
        72         10          0          0          0        882   stm32f1xx_hal_msp.o
      1304         94         18          0          0       5769   stm32f1xx_hal_rcc.o
       612         24          0          0          0       7216   stm32f1xx_hal_tim.o
         4          0          0          0          0       1593   stm32f1xx_hal_tim_ex.o
       140         22          0          0         72       1439   stm32f1xx_hal_timebase_tim.o
       636          6          0          0          0       4672   stm32f1xx_hal_uart.o
       370        138          0          4          0       4803   stm32f1xx_it.o
         0          0          0          0          0        408   stream_buffer.o
         2          0         24          4          0       1131   system_stm32f1xx.o
      2332        174          0         60        240      27115   tasks.o
       192         24          0          0         72       2238   usart.o

    ----------------------------------------------------------------------
     11184        902        452        164       6104     657290   Object Totals
         0          0         32          0          0          0   (incl. Generated)
        28          0          5          3          4          0   (incl. Padding)

    ----------------------------------------------------------------------

      Code (inc. data)   RO Data    RW Data    ZI Data      Debug   Library Member Name

         0          0          0          0          0          0   entry.o
         0          0          0          0          0          0   entry10a.o
         0          0          0          0          0          0   entry11a.o
         4          0          0          0          0          0   entry12b.o
         8          4          0          0          0          0   entry2.o
         4          0          0          0          0          0   entry5.o
         0          0          0          0          0          0   entry7b.o
         0          0          0          0          0          0   entry8b.o
         8          4          0          0          0          0   entry9a.o
        30          0          0          0          0          0   handlers.o
        36          8          0          0          0         68   init.o
        36          0          0          0          0         68   memcpya.o
        36          0          0          0          0        108   memseta.o
        50          8          0          0          0        152   printfb.o
         0          0          0          4          0          0   stdout.o

    ----------------------------------------------------------------------
       212         24          0          4          0        396   Library Totals
         0          0          0          0          0          0   (incl. Padding)

    ----------------------------------------------------------------------

      Code (inc. data)   RO Data    RW Data    ZI Data      Debug   Library Name

       212         24          0          4          0        396   mc_w.l

    ----------------------------------------------------------------------
       212         24          0          4          0        396   Library Totals

    ----------------------------------------------------------------------

==============================================================================


      Code (inc. data)   RO Data    RW Data    ZI Data      Debug   

     11396        926        452        168       6104     651182   Grand Totals
     11396        926        452        168       6104     651182   ELF Image Totals
     11396        926        452        168          0          0   ROM Totals

==============================================================================

    Total RO  Size (Code + RO Data)                11848 (  11.57kB)
    Total RW  Size (RW Data + ZI Data)              6272 (   6.13kB)
    Total ROM Size (Code + RO Data + RW Data)      12016 (  11.73kB)

==============================================================================

